Component: ARM Compiler 5.06 update 6 (build 750) Tool: armlink [4d35ed]

==============================================================================

Section Cross References

    startup_stm32f10x_hd.o(RESET) refers to startup_stm32f10x_hd.o(STACK) for __initial_sp
    startup_stm32f10x_hd.o(RESET) refers to startup_stm32f10x_hd.o(.text) for Reset_Handler
    startup_stm32f10x_hd.o(RESET) refers to stm32f10x_it.o(.text) for NMI_Handler
    startup_stm32f10x_hd.o(RESET) refers to port.o(.emb_text) for SVC_Handler
    startup_stm32f10x_hd.o(RESET) refers to bsp_sdio_sdcard.o(.text) for SDIO_IRQHandler
    startup_stm32f10x_hd.o(.text) refers to system_stm32f10x.o(.text) for SystemInit
    startup_stm32f10x_hd.o(.text) refers to entry.o(.ARM.Collect$$$$00000000) for __main
    system_stm32f10x.o(.text) refers to system_stm32f10x.o(.data) for .data
    stm32f10x_adc.o(.text) refers to stm32f10x_rcc.o(.text) for RCC_APB2PeriphResetCmd
    stm32f10x_bkp.o(.text) refers to stm32f10x_rcc.o(.text) for RCC_BackupResetCmd
    stm32f10x_can.o(.text) refers to stm32f10x_rcc.o(.text) for RCC_APB1PeriphResetCmd
    stm32f10x_cec.o(.text) refers to stm32f10x_rcc.o(.text) for RCC_APB1PeriphResetCmd
    stm32f10x_dac.o(.text) refers to stm32f10x_rcc.o(.text) for RCC_APB1PeriphResetCmd
    stm32f10x_gpio.o(.text) refers to stm32f10x_rcc.o(.text) for RCC_APB2PeriphResetCmd
    stm32f10x_i2c.o(.text) refers to stm32f10x_rcc.o(.text) for RCC_APB1PeriphResetCmd
    stm32f10x_pwr.o(.text) refers to stm32f10x_rcc.o(.text) for RCC_APB1PeriphResetCmd
    stm32f10x_rcc.o(.text) refers to stm32f10x_rcc.o(.data) for .data
    stm32f10x_spi.o(.text) refers to stm32f10x_rcc.o(.text) for RCC_APB2PeriphResetCmd
    stm32f10x_tim.o(.text) refers to stm32f10x_rcc.o(.text) for RCC_APB2PeriphResetCmd
    stm32f10x_usart.o(.text) refers to stm32f10x_rcc.o(.text) for RCC_APB2PeriphResetCmd
    stm32f10x_wwdg.o(.text) refers to stm32f10x_rcc.o(.text) for RCC_APB1PeriphResetCmd
    main.o(.text) refers to printf8.o(i.__0printf$8) for __2printf
    main.o(.text) refers to gui_startup.o(.text) for GUI_Startup
    main.o(.text) refers to tasks.o(.text) for vTaskDelay
    main.o(.text) refers to bsp_led.o(.text) for LED_GPIO_Config
    main.o(.text) refers to bsp_usart.o(.text) for Debug_USART_Config
    main.o(.text) refers to bsp_fsmc.o(.text) for FSMC_Init
    main.o(.text) refers to bsp_key.o(.text) for Key_GPIO_Config
    stm32f10x_it.o(.text) refers to printf8.o(i.__0printf$8) for __2printf
    stm32f10x_it.o(.text) refers to tasks.o(.text) for xTaskGetSchedulerState
    stm32f10x_it.o(.text) refers to port.o(.text) for xPortSysTickHandler
    bsp_usart.o(.text) refers to stm32f10x_rcc.o(.text) for RCC_APB2PeriphClockCmd
    bsp_usart.o(.text) refers to stm32f10x_gpio.o(.text) for GPIO_Init
    bsp_usart.o(.text) refers to stm32f10x_usart.o(.text) for USART_Init
    bsp_flash_spi.o(.text) refers to printf8.o(i.__0printf$8) for __2printf
    bsp_flash_spi.o(.text) refers to stm32f10x_spi.o(.text) for SPI_I2S_GetFlagStatus
    bsp_flash_spi.o(.text) refers to stm32f10x_gpio.o(.text) for GPIO_ResetBits
    bsp_flash_spi.o(.text) refers to stm32f10x_rcc.o(.text) for RCC_APB2PeriphClockCmd
    bsp_flash_spi.o(.text) refers to bsp_flash_spi.o(.data) for .data
    bsp_led.o(.text) refers to stm32f10x_rcc.o(.text) for RCC_APB2PeriphClockCmd
    bsp_led.o(.text) refers to stm32f10x_gpio.o(.text) for GPIO_Init
    bsp_key.o(.text) refers to stm32f10x_rcc.o(.text) for RCC_APB2PeriphClockCmd
    bsp_key.o(.text) refers to stm32f10x_gpio.o(.text) for GPIO_Init
    bsp_i2c_touch.o(.text) refers to stm32f10x_gpio.o(.text) for GPIO_Init
    bsp_i2c_touch.o(.text) refers to stm32f10x_exti.o(.text) for EXTI_Init
    bsp_i2c_touch.o(.text) refers to misc.o(.text) for NVIC_PriorityGroupConfig
    bsp_i2c_touch.o(.text) refers to stm32f10x_rcc.o(.text) for RCC_APB2PeriphClockCmd
    bsp_i2c_touch.o(.text) refers to core_delay.o(.text) for CPU_TS_Tmr_Delay_US
    core_delay.o(.text) refers to system_stm32f10x.o(.data) for SystemCoreClock
    bsp_sdio_sdcard.o(.text) refers to stm32f10x_sdio.o(.text) for SDIO_ClockCmd
    bsp_sdio_sdcard.o(.text) refers to stm32f10x_rcc.o(.text) for RCC_AHBPeriphClockCmd
    bsp_sdio_sdcard.o(.text) refers to stm32f10x_gpio.o(.text) for GPIO_Init
    bsp_sdio_sdcard.o(.text) refers to misc.o(.text) for NVIC_PriorityGroupConfig
    bsp_sdio_sdcard.o(.text) refers to stm32f10x_dma.o(.text) for DMA_GetFlagStatus
    bsp_sdio_sdcard.o(.text) refers to bsp_sdio_sdcard.o(.bss) for .bss
    bsp_sdio_sdcard.o(.text) refers to bsp_sdio_sdcard.o(.data) for .data
    bsp_fsmc.o(.text) refers to stm32f10x_rcc.o(.text) for RCC_AHBPeriphClockCmd
    bsp_fsmc.o(.text) refers to stm32f10x_gpio.o(.text) for GPIO_Init
    bsp_fsmc.o(.text) refers to stm32f10x_fsmc.o(.text) for FSMC_NORSRAMInit
    nt35510_16bit.o(.text) refers to stm32f10x_gpio.o(.text) for GPIO_SetBits
[...]
    0x080126f4   0x080126f4   0x0000005c   Code   RO         1921    i.DeleteDC          emXGUI100_MDK_M3.lib(gui_gdi.o)
    0x08012750   0x08012750   0x00000038   Code   RO         1884    i.DeleteFont        emXGUI100_MDK_M3.lib(gui_font.o)
    0x08012788   0x08012788   0x00000010   Code   RO         2042    i.DeleteRgn         emXGUI100_MDK_M3.lib(gui_region.o)
    0x08012798   0x08012798   0x000000a0   Code   RO         2436    i.DestroyWindow     emXGUI100_MDK_M3.lib(gui_window.o)
    0x08012838   0x08012838   0x00000028   Code   RO         2365    i.DispatchMessage   emXGUI100_MDK_M3.lib(gui_message.o)
    0x08012860   0x08012860   0x00000004   Code   RO         2279    i.Draw3DRect        emXGUI100_MDK_M3.lib(gd_rect.o)
    0x08012864   0x08012864   0x00000ae2   Code   RO         2180    i.DrawBitmap        emXGUI100_MDK_M3.lib(gui_bitmap.o)
    0x08013346   0x08013346   0x000000b2   Code   RO         2222    i.DrawCircle        emXGUI100_MDK_M3.lib(gd_circle.o)
    0x080133f8   0x080133f8   0x0000008c   Code   RO         2280    i.DrawRect          emXGUI100_MDK_M3.lib(gd_rect.o)
    0x08013484   0x08013484   0x000002a8   Code   RO         2281    i.DrawRoundRect     emXGUI100_MDK_M3.lib(gd_rect.o)
    0x0801372c   0x0801372c   0x00000346   Code   RO         2311    i.DrawTextEx        emXGUI100_MDK_M3.lib(gd_text.o)
    0x08013a72   0x08013a72   0x00000002   PAD
    0x08013a74   0x08013a74   0x000002f8   Code   RO         3072    i.DrawWindowNC      emXGUI100_MDK_M3.lib(gui_face.o)
    0x08013d6c   0x08013d6c   0x00000114   Code   RO         2682    i.EXT_LCD_CreateSurfaceRGB565  emXGUI100_MDK_M3.lib(gl_ext_lcd_16bit.o)
    0x08013e80   0x08013e80   0x0000005c   Code   RO         2320    i.EnableAntiAlias   emXGUI100_MDK_M3.lib(gui_aa_core.o)
    0x08013edc   0x08013edc   0x0000006e   Code   RO         2438    i.EnableWindow      emXGUI100_MDK_M3.lib(gui_window.o)
    0x08013f4a   0x08013f4a   0x0000002a   Code   RO         2167    i.EndDraw           emXGUI100_MDK_M3.lib(gui_core.o)
    0x08013f74   0x08013f74   0x00000228   Code   RO         2439    i.EndPaint          emXGUI100_MDK_M3.lib(gui_window.o)
    0x0801419c   0x0801419c   0x00000004   Code   RO         2282    i.Fill3DRect        emXGUI100_MDK_M3.lib(gd_rect.o)
    0x080141a0   0x080141a0   0x000000a8   Code   RO         2906    i.FillArc           emXGUI100_MDK_M3.lib(gd_arc.o)
    0x08014248   0x08014248   0x00000076   Code   RO         2224    i.FillCircle        emXGUI100_MDK_M3.lib(gd_circle.o)
    0x080142be   0x080142be   0x000000ca   Code   RO         2939    i.FillPolygon       emXGUI100_MDK_M3.lib(gd_polygon.o)
    0x08014388   0x08014388   0x0000002a   Code   RO         2283    i.FillRect          emXGUI100_MDK_M3.lib(gd_rect.o)
    0x080143b2   0x080143b2   0x00000092   Code   RO         2284    i.FillRoundRect     emXGUI100_MDK_M3.lib(gd_rect.o)
    0x08014444   0x08014444   0x00000004   Code   RO         1924    i.GDI_Init          emXGUI100_MDK_M3.lib(gui_gdi.o)
    0x08014448   0x08014448   0x00000084   Code   RO         3472    i.GL_BitBlt         emXGUI100_MDK_M3.lib(gl_bitblt.o)
    0x080144cc   0x080144cc   0x00000038   Code   RO         2661    i.GL_CursorCheck    emXGUI100_MDK_M3.lib(gl_cursor.o)
    0x08014504   0x08014504   0x0000002c   Code   RO         2662    i.GL_CursorFix      emXGUI100_MDK_M3.lib(gl_cursor.o)
    0x08014530   0x08014530   0x000000fc   Code   RO         2663    i.GL_CursorInit     emXGUI100_MDK_M3.lib(gl_cursor.o)
    0x0801462c   0x0801462c   0x00000190   Code   RO         2907    i.GL_DrawArc        emXGUI100_MDK_M3.lib(gd_arc.o)
    0x080147bc   0x080147bc   0x00000018   Code   RO         2664    i.GL_GetCursorPos   emXGUI100_MDK_M3.lib(gl_cursor.o)
    0x080147d4   0x080147d4   0x000000e4   Code   RO         3146    i.GL_MEM_16BPP_Init  emXGUI100_MDK_M3.lib(gl_mem_16bpp.o)
    0x080148b8   0x080148b8   0x000000e4   Code   RO         3207    i.GL_MEM_32BPP_Init  emXGUI100_MDK_M3.lib(gl_mem_32bpp.o)
    0x0801499c   0x0801499c   0x000000e4   Code   RO         3086    i.GL_MEM_8BPP_Init  emXGUI100_MDK_M3.lib(gl_mem_8bpp.o)
    0x08014a80   0x08014a80   0x0000006c   Code   RO         2666    i.GL_SetCursorPos   emXGUI100_MDK_M3.lib(gl_cursor.o)
    0x08014aec   0x08014aec   0x00000034   Code   RO         2667    i.GL_ShowCursor     emXGUI100_MDK_M3.lib(gl_cursor.o)
    0x08014b20   0x08014b20   0x0000006c   Code   RO         2321    i.GUI_AA_Begin      emXGUI100_MDK_M3.lib(gui_aa_core.o)
    0x08014b8c   0x08014b8c   0x0000003c   Code   RO         2322    i.GUI_AA_End        emXGUI100_MDK_M3.lib(gui_aa_core.o)
    0x08014bc8   0x08014bc8   0x00000046   Code   RO         2851    i.GUI_AlphaBlendColor  emXGUI100_MDK_M3.lib(gui_libc.o)
    0x08014c0e   0x08014c0e   0x0000000c   Code   RO         2852    i.GUI_AlphaBlendValue  emXGUI100_MDK_M3.lib(gui_libc.o)
    0x08014c1a   0x08014c1a   0x00000002   PAD
    0x08014c1c   0x08014c1c   0x0000001c   Code   RO         2343    i.GUI_ClrInputWindow  emXGUI100_MDK_M3.lib(gui_input.o)
    0x08014c38   0x08014c38   0x000000f0   Code   RO         2440    i.GUI_CreateDesktop  emXGUI100_MDK_M3.lib(gui_window.o)
    0x08014d28   0x08014d28   0x000000c8   Code   RO         2366    i.GUI_CreateMsgQ    emXGUI100_MDK_M3.lib(gui_message.o)
    0x08014df0   0x08014df0   0x00000160   Code   RO         2135    i.GUI_CreateSurface  emXGUI100_MDK_M3.lib(x_gui.o)
    0x08014f50   0x08014f50   0x00000092   Code   RO         2367    i.GUI_DeleteMsgQ    emXGUI100_MDK_M3.lib(gui_message.o)
    0x08014fe2   0x08014fe2   0x00000024   Code   RO         2136    i.GUI_DeleteSurface  emXGUI100_MDK_M3.lib(x_gui.o)
    0x08015006   0x08015006   0x00000002   PAD
    0x08015008   0x08015008   0x00000034   Code   RO         3080    i.GUI_FindClass     emXGUI100_MDK_M3.lib(gui_widget.o)
    0x0801503c   0x0801503c   0x0000004c   Code   RO         2344    i.GUI_Input_Init    emXGUI100_MDK_M3.lib(gui_input.o)
    0x08015088   0x08015088   0x0000005c   Code   RO         2407    i.GUI_KillWindowTimers  emXGUI100_MDK_M3.lib(gui_timer.o)
    0x080150e4   0x080150e4   0x0000001c   Code   RO         2137    i.GUI_Lock          emXGUI100_MDK_M3.lib(x_gui.o)
    0x08015100   0x08015100   0x000000a2   Code   RO         2854    i.GUI_MakeBilinearARGB8888ii  emXGUI100_MDK_M3.lib(gui_libc.o)
    0x080151a2   0x080151a2   0x0000007e   Code   RO         2856    i.GUI_MakeBilinearXRGB8888ii  emXGUI100_MDK_M3.lib(gui_libc.o)
    0x08015220   0x08015220   0x00000004   Code   RO         2368    i.GUI_Message_Init  emXGUI100_MDK_M3.lib(gui_message.o)
    0x08015224   0x08015224   0x0000005c   Code   RO         2138    i.GUI_RectLL_Alloc  emXGUI100_MDK_M3.lib(x_gui.o)
    0x08015280   0x08015280   0x00000058   Code   RO         2139    i.GUI_RectLL_Free   emXGUI100_MDK_M3.lib(x_gui.o)
    0x080152d8   0x080152d8   0x000000b8   Code   RO         2369    i.GUI_RemoveWindowMessage  emXGUI100_MDK_M3.lib(gui_message.o)
    0x08015390   0x08015390   0x0000000c   Code   RO         2140    i.GUI_SetDefFont    emXGUI100_MDK_M3.lib(x_gui.o)
    0x0801539c   0x0801539c   0x0000000c   Code   RO         2141    i.GUI_SetFrameBufferSurface  emXGUI100_MDK_M3.lib(x_gui.o)
    0x080153a8   0x080153a8   0x0000000c   Code   RO         2142    i.GUI_SetScreenSurface  emXGUI100_MDK_M3.lib(x_gui.o)
    0x080153b4   0x080153b4   0x00000030   Code   RO         2408    i.GUI_TimerFromId   emXGUI100_MDK_M3.lib(gui_timer.o)
    0x080153e4   0x080153e4   0x00000096   Code   RO         2409    i.GUI_TimerHandler  emXGUI100_MDK_M3.lib(gui_timer.o)
    0x0801547a   0x0801547a   0x00000034   Code   RO         2410    i.GUI_TimerSetInterval  emXGUI100_MDK_M3.lib(gui_timer.o)
    0x080154ae   0x080154ae   0x0000003e   Code   RO         2411    i.GUI_TimerStart    emXGUI100_MDK_M3.lib(gui_timer.o)
    0x080154ec   0x080154ec   0x00000002   Code   RO         2412    i.GUI_Timer_Init    emXGUI100_MDK_M3.lib(gui_timer.o)
    0x080154ee   0x080154ee   0x00000002   PAD
    0x080154f0   0x080154f0   0x00000020   Code   RO         2143    i.GUI_Unlock        emXGUI100_MDK_M3.lib(x_gui.o)
    0x08015510   0x08015510   0x00000014   Code   RO         2442    i.GUI_Window_Init   emXGUI100_MDK_M3.lib(gui_window.o)
    0x08015524   0x08015524   0x00000008   Code   RO         2857    i.GUI_abs           emXGUI100_MDK_M3.lib(gui_libc.o)
    0x0801552c   0x0801552c   0x0000006c   Code   RO         2860    i.GUI_memset16      emXGUI100_MDK_M3.lib(gui_libc.o)
    0x08015598   0x08015598   0x00000084   Code   RO         2861    i.GUI_memset16_step  emXGUI100_MDK_M3.lib(gui_libc.o)
    0x0801561c   0x0801561c   0x0000006c   Code   RO         2862    i.GUI_memset32      emXGUI100_MDK_M3.lib(gui_libc.o)
    0x08015688   0x08015688   0x00000084   Code   RO         2863    i.GUI_memset32_step  emXGUI100_MDK_M3.lib(gui_libc.o)
    0x0801570c   0x0801570c   0x0000000a   Code   RO         2864    i.GUI_memset8       emXGUI100_MDK_M3.lib(gui_libc.o)
    0x08015716   0x08015716   0x00000074   Code   RO         2865    i.GUI_memset8_step  emXGUI100_MDK_M3.lib(gui_libc.o)
    0x0801578a   0x0801578a   0x00000040   Code   RO         2866    i.GUI_wstr_alloc    emXGUI100_MDK_M3.lib(gui_libc.o)
    0x080157ca   0x080157ca   0x00000004   Code   RO         2867    i.GUI_wstr_free     emXGUI100_MDK_M3.lib(gui_libc.o)
    0x080157ce   0x080157ce   0x00000016   Code   RO         2868    i.GUI_wstrchr       emXGUI100_MDK_M3.lib(gui_libc.o)
    0x080157e4   0x080157e4   0x00000012   Code   RO         2869    i.GUI_wstrlen       emXGUI100_MDK_M3.lib(gui_libc.o)
    0x080157f6   0x080157f6   0x0000004a   Code   RO         2870    i.GUI_wstrncasecmp  emXGUI100_MDK_M3.lib(gui_libc.o)
    0x08015840   0x08015840   0x00000022   Code   RO         2871    i.GUI_wstrncpy      emXGUI100_MDK_M3.lib(gui_libc.o)
    0x08015862   0x08015862   0x00000004   Code   RO         1926    i.GetBrushColor     emXGUI100_MDK_M3.lib(gui_gdi.o)
    0x08015866   0x08015866   0x00000002   PAD
    0x08015868   0x08015868   0x00000018   Code   RO         2443    i.GetCapture        emXGUI100_MDK_M3.lib(gui_window.o)
    0x08015880   0x08015880   0x0000002a   Code   RO         2444    i.GetClientRect     emXGUI100_MDK_M3.lib(gui_window.o)
    0x080158aa   0x080158aa   0x0000002c   Code   RO         2445    i.GetClientRectToScreen  emXGUI100_MDK_M3.lib(gui_window.o)
    0x080158d6   0x080158d6   0x0000002c   Code   RO         1871    i.GetCursorPos      emXGUI100_MDK_M3.lib(gui_cursor.o)
    0x08015902   0x08015902   0x00000002   PAD
    0x08015904   0x08015904   0x000001c4   Code   RO         2447    i.GetDCEx           emXGUI100_MDK_M3.lib(gui_window.o)
    0x08015ac8   0x08015ac8   0x00000018   Code   RO         2448    i.GetDesktopWindow  emXGUI100_MDK_M3.lib(gui_window.o)
    0x08015ae0   0x08015ae0   0x00000034   Code   RO         2449    i.GetDlgItem        emXGUI100_MDK_M3.lib(gui_window.o)
    0x08015b14   0x08015b14   0x00000018   Code   RO         2450    i.GetFocus          emXGUI100_MDK_M3.lib(gui_window.o)
    0x08015b2c   0x08015b2c   0x00000006   Code   RO         1885    i.GetFont           emXGUI100_MDK_M3.lib(gui_font.o)
    0x08015b32   0x08015b32   0x00000002   PAD
    0x08015b34   0x08015b34   0x00000034   Code   RO         1886    i.GetFontAveHeight  emXGUI100_MDK_M3.lib(gui_font.o)
    0x08015b68   0x08015b68   0x00000018   Code   RO         2451    i.GetForegroundWindow  emXGUI100_MDK_M3.lib(gui_window.o)
    0x08015b80   0x08015b80   0x00000024   Code   RO         2346    i.GetKeyState       emXGUI100_MDK_M3.lib(gui_input.o)
    0x08015ba4   0x08015ba4   0x0000004a   Code   RO         2370    i.GetMessage        emXGUI100_MDK_M3.lib(gui_message.o)
    0x08015bee   0x08015bee   0x00000018   Code   RO         2452    i.GetParent         emXGUI100_MDK_M3.lib(gui_window.o)
    0x08015c06   0x08015c06   0x0000001c   Code   RO         1934    i.GetRGB            emXGUI100_MDK_M3.lib(gui_gdi.o)
    0x08015c22   0x08015c22   0x00000002   PAD
    0x08015c24   0x08015c24   0x0000001c   Code   RO         2144    i.GetSystemMetrics  emXGUI100_MDK_M3.lib(x_gui.o)
    0x08015c40   0x08015c40   0x000000ae   Code   RO         1888    i.GetTextExtent     emXGUI100_MDK_M3.lib(gui_font.o)
    0x08015cee   0x08015cee   0x00000092   Code   RO         1889    i.GetTextWidth      emXGUI100_MDK_M3.lib(gui_font.o)
    0x08015d80   0x08015d80   0x00000022   Code   RO         2453    i.GetWindow         emXGUI100_MDK_M3.lib(gui_window.o)
    0x08015da2   0x08015da2   0x00000008   Code   RO         2454    i.GetWindowDC       emXGUI100_MDK_M3.lib(gui_window.o)
    0x08015daa   0x08015daa   0x00000002   PAD
    0x08015dac   0x08015dac   0x00000038   Code   RO         2457    i.GetWindowFromPoint  emXGUI100_MDK_M3.lib(gui_window.o)
    0x08015de4   0x08015de4   0x0000004a   Code   RO         2458    i.GetWindowLong     emXGUI100_MDK_M3.lib(gui_window.o)
    0x08015e2e   0x08015e2e   0x00000004   Code   RO         2459    i.GetWindowMsgQ     emXGUI100_MDK_M3.lib(gui_window.o)
    0x08015e32   0x08015e32   0x0000002c   Code   RO         2461    i.GetWindowRect     emXGUI100_MDK_M3.lib(gui_window.o)
    0x08015e5e   0x08015e5e   0x00000010   Code   RO         2462    i.GetWindowText     emXGUI100_MDK_M3.lib(gui_window.o)
    0x08015e6e   0x08015e6e   0x00000180   Code   RO         2285    i.GradientFillRect  emXGUI100_MDK_M3.lib(gd_rect.o)
    0x08015fee   0x08015fee   0x00000004   Code   RO         1937    i.HDC_Lock          emXGUI100_MDK_M3.lib(gui_gdi.o)
    0x08015ff2   0x08015ff2   0x00000002   Code   RO         1938    i.HDC_Unlock        emXGUI100_MDK_M3.lib(gui_gdi.o)
    0x08015ff4   0x08015ff4   0x00000064   Code   RO         2248    i.HLine             emXGUI100_MDK_M3.lib(gd_line.o)
    0x08016058   0x08016058   0x00000044   Code   RO         3291    i.HuffmanTree_makeFromLengths  libpng_MDK_CM3.lib(lodepng.o)
    0x0801609c   0x0801609c   0x00000202   Code   RO         3292    i.HuffmanTree_makeFromLengths2  libpng_MDK_CM3.lib(lodepng.o)
    0x0801629e   0x0801629e   0x00000026   Code   RO         2044    i.InflateRect       emXGUI100_MDK_M3.lib(gui_region.o)
    0x080162c4   0x080162c4   0x0000002e   Code   RO         2045    i.InflateRectEx     emXGUI100_MDK_M3.lib(gui_region.o)
    0x080162f2   0x080162f2   0x00000002   PAD
    0x080162f4   0x080162f4   0x000000f0   Code   RO         1939    i.InitDC            emXGUI100_MDK_M3.lib(gui_gdi.o)
    0x080163e4   0x080163e4   0x0000010c   Code   RO         2046    i.InsertRECT_LL     emXGUI100_MDK_M3.lib(gui_region.o)
    0x080164f0   0x080164f0   0x0000007c   Code   RO         2047    i.IntersectRect     emXGUI100_MDK_M3.lib(gui_region.o)
    0x0801656c   0x0801656c   0x0000012e   Code   RO         2464    i.InvalidateRect    emXGUI100_MDK_M3.lib(gui_window.o)
    0x0801669a   0x0801669a   0x0000003c   Code   RO         2048    i.IsCoveredRect     emXGUI100_MDK_M3.lib(gui_region.o)
    0x080166d6   0x080166d6   0x0000000c   Code   RO         1940    i.IsEnableAlpha     emXGUI100_MDK_M3.lib(gui_gdi.o)
    0x080166e2   0x080166e2   0x00000020   Code   RO         2465    i.IsEnableDragWindow  emXGUI100_MDK_M3.lib(gui_window.o)
    0x08016702   0x08016702   0x00000002   PAD
    0x08016704   0x08016704   0x00000018   Code   RO         2466    i.IsHWND            emXGUI100_MDK_M3.lib(gui_window.o)
    0x0801671c   0x0801671c   0x00000012   Code   RO         2050    i.IsIntersectRect   emXGUI100_MDK_M3.lib(gui_region.o)
    0x0801672e   0x0801672e   0x0000000c   Code   RO         1941    i.IsMemDC           emXGUI100_MDK_M3.lib(gui_gdi.o)
    0x0801673a   0x0801673a   0x00000018   Code   RO         2051    i.IsRectEmpty       emXGUI100_MDK_M3.lib(gui_region.o)
    0x08016752   0x08016752   0x00000036   Code   RO         2467    i.IsWindowEnabled   emXGUI100_MDK_M3.lib(gui_window.o)
    0x08016788   0x08016788   0x00000094   Code   RO         2413    i.KillTimer         emXGUI100_MDK_M3.lib(gui_timer.o)
    0x0801681c   0x0801681c   0x0000006e   Code   RO         3293    i.LodePNGIText_cleanup  libpng_MDK_CM3.lib(lodepng.o)
    0x0801688a   0x0801688a   0x00000070   Code   RO         2052    i.MakeMatrixRect    emXGUI100_MDK_M3.lib(gui_region.o)
    0x080168fa   0x080168fa   0x00000148   Code   RO         2053    i.MakeProgressRect  emXGUI100_MDK_M3.lib(gui_region.o)
    0x08016a42   0x08016a42   0x0000001c   Code   RO         1945    i.MapARGB           emXGUI100_MDK_M3.lib(gui_gdi.o)
    0x08016a5e   0x08016a5e   0x0000000a   Code   RO         1948    i.MapARGB8888       emXGUI100_MDK_M3.lib(gui_gdi.o)
    0x08016a68   0x08016a68   0x00000018   Code   RO         1949    i.MapRGB            emXGUI100_MDK_M3.lib(gui_gdi.o)
    0x08016a80   0x08016a80   0x0000000a   Code   RO         1954    i.MapXRGB8888       emXGUI100_MDK_M3.lib(gui_gdi.o)
    0x08016a8a   0x08016a8a   0x00000002   PAD
    0x08016a8c   0x08016a8c   0x00000280   Code   RO         2349    i.MouseEventHandler  emXGUI100_MDK_M3.lib(gui_input.o)
    0x08016d0c   0x08016d0c   0x000000d4   Code   RO         2350    i.MouseInput        emXGUI100_MDK_M3.lib(gui_input.o)
    0x08016de0   0x08016de0   0x000001b0   Code   RO         2351    i.MouseInputHandler  emXGUI100_MDK_M3.lib(gui_input.o)
    0x08016f90   0x08016f90   0x00000044   Code   RO         2469    i.MoveWindow        emXGUI100_MDK_M3.lib(gui_window.o)
    0x08016fd4   0x08016fd4   0x0000002e   Code   RO         2371    i.NotifyParent      emXGUI100_MDK_M3.lib(gui_message.o)
    0x08017002   0x08017002   0x0000002c   Code   RO         2372    i.NotifyParentEx    emXGUI100_MDK_M3.lib(gui_message.o)
    0x0801702e   0x0801702e   0x00000014   Code   RO         2054    i.OffsetRect        emXGUI100_MDK_M3.lib(gui_region.o)
    0x08017042   0x08017042   0x0000001a   Code   RO         2834    i.PNG_Close         libpng_MDK_CM3.lib(lodepng_app.o)
    0x0801705c   0x0801705c   0x00000026   Code   RO         2836    i.PNG_GetBitmap     libpng_MDK_CM3.lib(lodepng_app.o)
    0x08017082   0x08017082   0x00000002   PAD
    0x08017084   0x08017084   0x00000074   Code   RO         2837    i.PNG_Open          libpng_MDK_CM3.lib(lodepng_app.o)
    0x080170f8   0x080170f8   0x00000196   Code   RO         2373    i.PeekMessage       emXGUI100_MDK_M3.lib(gui_message.o)
    0x0801728e   0x0801728e   0x00000076   Code   RO         2251    i.PolyLine          emXGUI100_MDK_M3.lib(gd_line.o)
    0x08017304   0x08017304   0x0000003a   Code   RO         2375    i.PostCloseMessage  emXGUI100_MDK_M3.lib(gui_message.o)
    0x0801733e   0x0801733e   0x00000130   Code   RO         2376    i.PostMessage       emXGUI100_MDK_M3.lib(gui_message.o)
    0x0801746e   0x0801746e   0x00000036   Code   RO         2377    i.PostQuitMessage   emXGUI100_MDK_M3.lib(gui_message.o)
    0x080174a4   0x080174a4   0x0000000e   Code   RO         2056    i.PtInRect          emXGUI100_MDK_M3.lib(gui_region.o)
    0x080174b2   0x080174b2   0x00000004   Code   RO         2058    i.RECT_LLAddRect    emXGUI100_MDK_M3.lib(gui_region.o)
    0x080174b6   0x080174b6   0x00000030   Code   RO         2169    i.RGB32_AVG         emXGUI100_MDK_M3.lib(gui_core.o)
    0x080174e6   0x080174e6   0x00000044   Code   RO         2170    i.RGB32_Offset      emXGUI100_MDK_M3.lib(gui_core.o)
    0x0801752a   0x0801752a   0x000000ee   Code   RO         2062    i.RGN_SubtractRect  emXGUI100_MDK_M3.lib(gui_region.o)
    0x08017618   0x08017618   0x00000018   Code   RO         2471    i.ReleaseCapture    emXGUI100_MDK_M3.lib(gui_window.o)
    0x08017630   0x08017630   0x00000168   Code   RO         2472    i.ReleaseDC         emXGUI100_MDK_M3.lib(gui_window.o)
    0x08017798   0x08017798   0x00000028   Code   RO         2473    i.ScreenToClient    emXGUI100_MDK_M3.lib(gui_window.o)
    0x080177c0   0x080177c0   0x00000042   Code   RO         2474    i.ScreenToWindow    emXGUI100_MDK_M3.lib(gui_window.o)
    0x08017802   0x08017802   0x00000062   Code   RO         2378    i.SendMessage       emXGUI100_MDK_M3.lib(gui_message.o)
    0x08017864   0x08017864   0x00000008   Code   RO         1959    i.SetBrushColor     emXGUI100_MDK_M3.lib(gui_gdi.o)
    0x0801786c   0x0801786c   0x0000001c   Code   RO         2475    i.SetCapture        emXGUI100_MDK_M3.lib(gui_window.o)
    0x08017888   0x08017888   0x0000001c   Code   RO         1873    i.SetCursorPos      emXGUI100_MDK_M3.lib(gui_cursor.o)
    0x080178a4   0x080178a4   0x00000050   Code   RO         2476    i.SetFocus          emXGUI100_MDK_M3.lib(gui_window.o)
    0x080178f4   0x080178f4   0x00000028   Code   RO         1891    i.SetFont           emXGUI100_MDK_M3.lib(gui_font.o)
    0x0801791c   0x0801791c   0x00000150   Code   RO         2477    i.SetForegroundWindow  emXGUI100_MDK_M3.lib(gui_window.o)
    0x08017a6c   0x08017a6c   0x00000008   Code   RO         1963    i.SetPenColor       emXGUI100_MDK_M3.lib(gui_gdi.o)
    0x08017a74   0x08017a74   0x00000012   Code   RO         2071    i.SetRectEmpty      emXGUI100_MDK_M3.lib(gui_region.o)
    0x08017a86   0x08017a86   0x00000008   Code   RO         1967    i.SetTextColor      emXGUI100_MDK_M3.lib(gui_gdi.o)
    0x08017a8e   0x08017a8e   0x00000002   PAD
    0x08017a90   0x08017a90   0x000000d8   Code   RO         2415    i.SetTimer          emXGUI100_MDK_M3.lib(gui_timer.o)
    0x08017b68   0x08017b68   0x0000000a   Code   RO         2481    i.SetWindowFont     emXGUI100_MDK_M3.lib(gui_window.o)
    0x08017b72   0x08017b72   0x000000d8   Code   RO         2482    i.SetWindowLong     emXGUI100_MDK_M3.lib(gui_window.o)
    0x08017c4a   0x08017c4a   0x0000003e   Code   RO         2483    i.SetWindowPos      emXGUI100_MDK_M3.lib(gui_window.o)
    0x08017c88   0x08017c88   0x00000012   Code   RO         2485    i.SetWindowText     emXGUI100_MDK_M3.lib(gui_window.o)
    0x08017c9a   0x08017c9a   0x00000018   Code   RO         1874    i.ShowCursor        emXGUI100_MDK_M3.lib(gui_cursor.o)
    0x08017cb2   0x08017cb2   0x00000088   Code   RO         2487    i.ShowWindow        emXGUI100_MDK_M3.lib(gui_window.o)
    0x08017d3a   0x08017d3a   0x00000104   Code   RO         2074    i.SubtractRectEx    emXGUI100_MDK_M3.lib(gui_region.o)
    0x08017e3e   0x08017e3e   0x00000002   PAD
    0x08017e40   0x08017e40   0x00000020   Code   RO         2960    i.SurfaceInit_ARGB4444  emXGUI100_MDK_M3.lib(surface_argb4444.o)
    0x08017e60   0x08017e60   0x00000020   Code   RO         2976    i.SurfaceInit_ARGB8888  emXGUI100_MDK_M3.lib(surface_argb8888.o)
    0x08017e80   0x08017e80   0x00000020   Code   RO         2999    i.SurfaceInit_RGB332  emXGUI100_MDK_M3.lib(surface_rgb332.o)
    0x08017ea0   0x08017ea0   0x00000020   Code   RO         3022    i.SurfaceInit_RGB565  emXGUI100_MDK_M3.lib(surface_rgb565.o)
    0x08017ec0   0x08017ec0   0x00000020   Code   RO         3045    i.SurfaceInit_XRGB8888  emXGUI100_MDK_M3.lib(surface_xrgb8888.o)
    0x08017ee0   0x08017ee0   0x00000042   Code   RO         2313    i.TextOut           emXGUI100_MDK_M3.lib(gd_text.o)
    0x08017f22   0x08017f22   0x0000000a   Code   RO         1968    i.ToARGB            emXGUI100_MDK_M3.lib(gui_gdi.o)
    0x08017f2c   0x08017f2c   0x0000004c   Code   RO         2379    i.TranslateMessage  emXGUI100_MDK_M3.lib(gui_message.o)
    0x08017f78   0x08017f78   0x00000218   Code   RO         2488    i.UpdateWindow      emXGUI100_MDK_M3.lib(gui_window.o)
    0x08018190   0x08018190   0x00000064   Code   RO         2252    i.VLine             emXGUI100_MDK_M3.lib(gd_line.o)
    0x080181f4   0x080181f4   0x00000030   Code   RO         2491    i.WIN_Lock          emXGUI100_MDK_M3.lib(gui_window.o)
    0x08018224   0x08018224   0x00000016   Code   RO         2492    i.WIN_Unlock        emXGUI100_MDK_M3.lib(gui_window.o)
    0x0801823a   0x0801823a   0x00000042   Code   RO         2493    i.WindowToScreen    emXGUI100_MDK_M3.lib(gui_window.o)
    0x0801827c   0x0801827c   0x0000000c   Code   RO         2186    i.XFT_CreateFont    emXGUI100_MDK_M3.lib(gui_font_xft.o)
    0x08018288   0x08018288   0x00000018   Code   RO         2203    i.XFT_CreateFontEx  emXGUI100_MDK_M3.lib(gui_font_xft_ex.o)
    0x080182a0   0x080182a0   0x00000134   Code   RO         2147    i.X_GUI_Init        emXGUI100_MDK_M3.lib(x_gui.o)
    0x080183d4   0x080183d4   0x0000002a   Code   RO         2921    i.XorPixel          emXGUI100_MDK_M3.lib(gd_pixel.o)
    0x080183fe   0x080183fe   0x000000fe   Code   RO         2324    i._AA_HLine         emXGUI100_MDK_M3.lib(gui_aa_core.o)
    0x080184fc   0x080184fc   0x00000166   Code   RO         2494    i._CalculateWindowClipRgn  emXGUI100_MDK_M3.lib(gui_window.o)
    0x08018662   0x08018662   0x0000002c   Code   RO         2495    i._ClientToScreen   emXGUI100_MDK_M3.lib(gui_window.o)
    0x0801868e   0x0801868e   0x00000012   Code   RO         2077    i._CopyRect         emXGUI100_MDK_M3.lib(gui_region.o)
    0x080186a0   0x080186a0   0x000000b0   Code   RO         2668    i._CursorHide       emXGUI100_MDK_M3.lib(gl_cursor.o)
    0x08018750   0x08018750   0x0000009c   Code   RO         2669    i._CursorShow       emXGUI100_MDK_M3.lib(gl_cursor.o)
    0x080187ec   0x080187ec   0x00000268   Code   RO         2908    i._DrawArc          emXGUI100_MDK_M3.lib(gd_arc.o)
    0x08018a54   0x08018a54   0x0000003e   Code   RO         1894    i._DrawChar         emXGUI100_MDK_M3.lib(gui_font.o)
    0x08018a92   0x08018a92   0x00000082   Code   RO         2314    i._DrawString       emXGUI100_MDK_M3.lib(gd_text.o)
    0x08018b14   0x08018b14   0x000000bc   Code   RO         2225    i._FillCircle       emXGUI100_MDK_M3.lib(gd_circle.o)
    0x08018bd0   0x08018bd0   0x00000148   Code   RO         2287    i._FillRoundRect    emXGUI100_MDK_M3.lib(gd_rect.o)
    0x08018d18   0x08018d18   0x0000001a   Code   RO         2977    i._GetARGB          emXGUI100_MDK_M3.lib(surface_argb8888.o)
    0x08018d32   0x08018d32   0x00000020   Code   RO         3000    i._GetARGB          emXGUI100_MDK_M3.lib(surface_rgb332.o)
    0x08018d52   0x08018d52   0x00000026   Code   RO         3023    i._GetARGB          emXGUI100_MDK_M3.lib(surface_rgb565.o)
    0x08018d78   0x08018d78   0x0000001a   Code   RO         3046    i._GetARGB          emXGUI100_MDK_M3.lib(surface_xrgb8888.o)
    0x08018d92   0x08018d92   0x0000005a   Code   RO         2500    i._GetCaptionRect   emXGUI100_MDK_M3.lib(gui_window.o)
    0x08018dec   0x08018dec   0x0000000a   Code   RO         1895    i._GetCharInfo      emXGUI100_MDK_M3.lib(gui_font.o)
    0x08018df6   0x08018df6   0x00000054   Code   RO         2502    i._GetCloseBoxRect  emXGUI100_MDK_M3.lib(gui_window.o)
    0x08018e4a   0x08018e4a   0x0000000a   Code   RO         1896    i._GetFontInfo      emXGUI100_MDK_M3.lib(gui_font.o)
    0x08018e54   0x08018e54   0x00000010   Code   RO         2978    i._GetRGB           emXGUI100_MDK_M3.lib(surface_argb8888.o)
    0x08018e64   0x08018e64   0x00000018   Code   RO         3001    i._GetRGB           emXGUI100_MDK_M3.lib(surface_rgb332.o)
    0x08018e7c   0x08018e7c   0x0000001e   Code   RO         3024    i._GetRGB           emXGUI100_MDK_M3.lib(surface_rgb565.o)
    0x08018e9a   0x08018e9a   0x00000010   Code   RO         3047    i._GetRGB           emXGUI100_MDK_M3.lib(surface_xrgb8888.o)
    0x08018eaa   0x08018eaa   0x00000076   Code   RO         2504    i._GetWindow        emXGUI100_MDK_M3.lib(gui_window.o)
    0x08018f20   0x08018f20   0x000000a2   Code   RO         2505    i._GetWindowClipRgn  emXGUI100_MDK_M3.lib(gui_window.o)
    0x08018fc2   0x08018fc2   0x0000009a   Code   RO         2506    i._GetWindowFromPoint  emXGUI100_MDK_M3.lib(gui_window.o)
    0x0801905c   0x0801905c   0x00000012   Code   RO         2507    i._GetWindowRect    emXGUI100_MDK_M3.lib(gui_window.o)
    0x0801906e   0x0801906e   0x000000ea   Code   RO         2508    i._HideWindow       emXGUI100_MDK_M3.lib(gui_window.o)
    0x08019158   0x08019158   0x0000001e   Code   RO         2078    i._InflateRect      emXGUI100_MDK_M3.lib(gui_region.o)
    0x08019176   0x08019176   0x00000002   PAD
    0x08019178   0x08019178   0x00000148   Code   RO         2509    i._InitWindow       emXGUI100_MDK_M3.lib(gui_window.o)
    0x080192c0   0x080192c0   0x00000122   Code   RO         2510    i._InsertInvRect    emXGUI100_MDK_M3.lib(gui_window.o)
    0x080193e2   0x080193e2   0x00000072   Code   RO         2079    i._IntersectRect    emXGUI100_MDK_M3.lib(gui_region.o)
    0x08019454   0x08019454   0x000000be   Code   RO         2511    i._InvalidateAndChild  emXGUI100_MDK_M3.lib(gui_window.o)
    0x08019512   0x08019512   0x0000000c   Code   RO         2512    i._IsChild          emXGUI100_MDK_M3.lib(gui_window.o)
    0x0801951e   0x0801951e   0x0000000c   Code   RO         2325    i._IsEnableAA       emXGUI100_MDK_M3.lib(gui_aa_core.o)
    0x0801952a   0x0801952a   0x0000003e   Code   RO         2080    i._IsIntersectRect  emXGUI100_MDK_M3.lib(gui_region.o)
    0x08019568   0x08019568   0x0000001c   Code   RO         2517    i._IsWindowVisible  emXGUI100_MDK_M3.lib(gui_window.o)
    0x08019584   0x08019584   0x00000042   Code   RO         1972    i._LPtoDP           emXGUI100_MDK_M3.lib(gui_gdi.o)
    0x080195c6   0x080195c6   0x0000000e   Code   RO         2979    i._MapARGB          emXGUI100_MDK_M3.lib(surface_argb8888.o)
    0x080195d4   0x080195d4   0x00000010   Code   RO         3002    i._MapARGB          emXGUI100_MDK_M3.lib(surface_rgb332.o)
    0x080195e4   0x080195e4   0x00000010   Code   RO         3025    i._MapARGB          emXGUI100_MDK_M3.lib(surface_rgb565.o)
    0x080195f4   0x080195f4   0x0000000e   Code   RO         3048    i._MapARGB          emXGUI100_MDK_M3.lib(surface_xrgb8888.o)
    0x08019602   0x08019602   0x0000000e   Code   RO         2980    i._MapRGB           emXGUI100_MDK_M3.lib(surface_argb8888.o)
    0x08019610   0x08019610   0x00000010   Code   RO         3003    i._MapRGB           emXGUI100_MDK_M3.lib(surface_rgb332.o)
    0x08019620   0x08019620   0x00000010   Code   RO         3026    i._MapRGB           emXGUI100_MDK_M3.lib(surface_rgb565.o)
    0x08019630   0x08019630   0x0000000a   Code   RO         3049    i._MapRGB           emXGUI100_MDK_M3.lib(surface_xrgb8888.o)
    0x0801963a   0x0801963a   0x0000001c   Code   RO         2981    i._MapRGB332        emXGUI100_MDK_M3.lib(surface_argb8888.o)
    0x08019656   0x08019656   0x00000002   Code   RO         3004    i._MapRGB332        emXGUI100_MDK_M3.lib(surface_rgb332.o)
    0x08019658   0x08019658   0x0000001e   Code   RO         3027    i._MapRGB332        emXGUI100_MDK_M3.lib(surface_rgb565.o)
    0x08019676   0x08019676   0x00000018   Code   RO         3050    i._MapRGB332        emXGUI100_MDK_M3.lib(surface_xrgb8888.o)
    0x0801968e   0x0801968e   0x0000001e   Code   RO         2982    i._MapRGB565        emXGUI100_MDK_M3.lib(surface_argb8888.o)
    0x080196ac   0x080196ac   0x00000016   Code   RO         3005    i._MapRGB565        emXGUI100_MDK_M3.lib(surface_rgb332.o)
    0x080196c2   0x080196c2   0x00000002   Code   RO         3028    i._MapRGB565        emXGUI100_MDK_M3.lib(surface_rgb565.o)
    0x080196c4   0x080196c4   0x0000001a   Code   RO         3051    i._MapRGB565        emXGUI100_MDK_M3.lib(surface_xrgb8888.o)
    0x080196de   0x080196de   0x0000001c   Code   RO         2983    i._MapXRGB1555      emXGUI100_MDK_M3.lib(surface_argb8888.o)
    0x080196fa   0x080196fa   0x00000016   Code   RO         3006    i._MapXRGB1555      emXGUI100_MDK_M3.lib(surface_rgb332.o)
    0x08019710   0x08019710   0x00000018   Code   RO         3029    i._MapXRGB1555      emXGUI100_MDK_M3.lib(surface_rgb565.o)
    0x08019728   0x08019728   0x00000018   Code   RO         3052    i._MapXRGB1555      emXGUI100_MDK_M3.lib(surface_xrgb8888.o)
    0x08019740   0x08019740   0x0000001c   Code   RO         2984    i._MapXRGB4444      emXGUI100_MDK_M3.lib(surface_argb8888.o)
    0x0801975c   0x0801975c   0x00000016   Code   RO         3007    i._MapXRGB4444      emXGUI100_MDK_M3.lib(surface_rgb332.o)
    0x08019772   0x08019772   0x00000018   Code   RO         3030    i._MapXRGB4444      emXGUI100_MDK_M3.lib(surface_rgb565.o)
    0x0801978a   0x0801978a   0x00000018   Code   RO         3053    i._MapXRGB4444      emXGUI100_MDK_M3.lib(surface_xrgb8888.o)
    0x080197a2   0x080197a2   0x00000006   Code   RO         2985    i._MapXRGB8888      emXGUI100_MDK_M3.lib(surface_argb8888.o)
    0x080197a8   0x080197a8   0x00000016   Code   RO         3008    i._MapXRGB8888      emXGUI100_MDK_M3.lib(surface_rgb332.o)
    0x080197be   0x080197be   0x00000016   Code   RO         3031    i._MapXRGB8888      emXGUI100_MDK_M3.lib(surface_rgb565.o)
    0x080197d4   0x080197d4   0x00000002   Code   RO         3054    i._MapXRGB8888      emXGUI100_MDK_M3.lib(surface_xrgb8888.o)
    0x080197d6   0x080197d6   0x0000000e   Code   RO         2081    i._OffsetRect       emXGUI100_MDK_M3.lib(gui_region.o)
    0x080197e4   0x080197e4   0x00000048   Code   RO         2518    i._OffsetWindowRect  emXGUI100_MDK_M3.lib(gui_window.o)
    0x0801982c   0x0801982c   0x0000009c   Code   RO         2519    i._PaintWindow      emXGUI100_MDK_M3.lib(gui_window.o)
    0x080198c8   0x080198c8   0x00000058   Code   RO         2381    i._PostFlushMessage  emXGUI100_MDK_M3.lib(gui_message.o)
    0x08019920   0x08019920   0x0000002a   Code   RO         2383    i._PostNCPaintMessage  emXGUI100_MDK_M3.lib(gui_message.o)
    0x0801994a   0x0801994a   0x00000020   Code   RO         2384    i._PostPaintMessage  emXGUI100_MDK_M3.lib(gui_message.o)
    0x0801996a   0x0801996a   0x0000002a   Code   RO         2084    i._PtInRect         emXGUI100_MDK_M3.lib(gui_region.o)
    0x08019994   0x08019994   0x00000116   Code   RO         2520    i._RedrawWindow     emXGUI100_MDK_M3.lib(gui_window.o)
    0x08019aaa   0x08019aaa   0x00000030   Code   RO         2521    i._ScreenToClient   emXGUI100_MDK_M3.lib(gui_window.o)
    0x08019ada   0x08019ada   0x00000030   Code   RO         2522    i._ScreenToWindow   emXGUI100_MDK_M3.lib(gui_window.o)
    0x08019b0a   0x08019b0a   0x00000032   Code   RO         2523    i._SendMessage_WM_MOVE_AllChild  emXGUI100_MDK_M3.lib(gui_window.o)
    0x08019b3c   0x08019b3c   0x00000032   Code   RO         2524    i._SendMessage_WM_SIZE_AllChild  emXGUI100_MDK_M3.lib(gui_window.o)
    0x08019b6e   0x08019b6e   0x0000005e   Code   RO         1973    i._SetDrawRect      emXGUI100_MDK_M3.lib(gui_gdi.o)
    0x08019bcc   0x08019bcc   0x0000000c   Code   RO         2086    i._SetRectEmpty     emXGUI100_MDK_M3.lib(gui_region.o)
    0x08019bd8   0x08019bd8   0x0000008c   Code   RO         2525    i._SetWindowClipFlag  emXGUI100_MDK_M3.lib(gui_window.o)
    0x08019c64   0x08019c64   0x00000374   Code   RO         2527    i._SetWindowPos     emXGUI100_MDK_M3.lib(gui_window.o)
    0x08019fd8   0x08019fd8   0x0000009a   Code   RO         2528    i._SetWindowSize    emXGUI100_MDK_M3.lib(gui_window.o)
    0x0801a072   0x0801a072   0x00000002   PAD
    0x0801a074   0x0801a074   0x00000054   Code   RO         2529    i._SetWindowToTop   emXGUI100_MDK_M3.lib(gui_window.o)
    0x0801a0c8   0x0801a0c8   0x00000040   Code   RO         2530    i._ShowWindow       emXGUI100_MDK_M3.lib(gui_window.o)
    0x0801a108   0x0801a108   0x00000002   Code   RO         2986    i._ToARGB           emXGUI100_MDK_M3.lib(surface_argb8888.o)
    0x0801a10a   0x0801a10a   0x0000001c   Code   RO         3009    i._ToARGB           emXGUI100_MDK_M3.lib(surface_rgb332.o)
    0x0801a126   0x0801a126   0x0000001e   Code   RO         3032    i._ToARGB           emXGUI100_MDK_M3.lib(surface_rgb565.o)
    0x0801a144   0x0801a144   0x00000002   Code   RO         3055    i._ToARGB           emXGUI100_MDK_M3.lib(surface_xrgb8888.o)
    0x0801a146   0x0801a146   0x00000002   PAD
    0x0801a148   0x0801a148   0x00000078   Code   RO         2531    i._WindowCleanup    emXGUI100_MDK_M3.lib(gui_window.o)
    0x0801a1c0   0x0801a1c0   0x0000002c   Code   RO         2532    i._WindowToScreen   emXGUI100_MDK_M3.lib(gui_window.o)
    0x0801a1ec   0x0801a1ec   0x000001c4   Code   RO         2253    i._Wu_DrawBoldLine  emXGUI100_MDK_M3.lib(gd_line.o)
    0x0801a3b0   0x0801a3b0   0x00000020   Code   RO         3744    i.__0printf$8       mc_w.l(printf8.o)
    0x0801a3d0   0x0801a3d0   0x00000028   Code   RO         3746    i.__0sprintf$8      mc_w.l(printf8.o)
    0x0801a3f8   0x0801a3f8   0x00000028   Code   RO         3943    i.__ARM_fpclassify  m_ws.l(fpclassify.o)
    0x0801a420   0x0801a420   0x0000009a   Code   RO         2872    i.__CaluCircle4     emXGUI100_MDK_M3.lib(gui_libc.o)
    0x0801a4ba   0x0801a4ba   0x00000018   Code   RO         2873    i.__InitCircle4     emXGUI100_MDK_M3.lib(gui_libc.o)
    0x0801a4d2   0x0801a4d2   0x00000002   PAD
    0x0801a4d4   0x0801a4d4   0x00000008   Code   RO         3925    i.__aeabi_errno_addr  mc_w.l(errno.o)
    0x0801a4dc   0x0801a4dc   0x000000ce   Code   RO         3087    i.__blend_argb      emXGUI100_MDK_M3.lib(gl_mem_8bpp.o)
    0x0801a5aa   0x0801a5aa   0x000000ca   Code   RO         3147    i.__blend_argb      emXGUI100_MDK_M3.lib(gl_mem_16bpp.o)
    0x0801a674   0x0801a674   0x000000ca   Code   RO         3208    i.__blend_argb      emXGUI100_MDK_M3.lib(gl_mem_32bpp.o)
    0x0801a73e   0x0801a73e   0x0000002a   Code   RO         2683    i.__copy_bits       emXGUI100_MDK_M3.lib(gl_ext_lcd_16bit.o)
    0x0801a768   0x0801a768   0x0000003e   Code   RO         3088    i.__copy_bits       emXGUI100_MDK_M3.lib(gl_mem_8bpp.o)
    0x0801a7a6   0x0801a7a6   0x0000005c   Code   RO         3148    i.__copy_bits       emXGUI100_MDK_M3.lib(gl_mem_16bpp.o)
    0x0801a802   0x0801a802   0x0000005c   Code   RO         3209    i.__copy_bits       emXGUI100_MDK_M3.lib(gl_mem_32bpp.o)
    0x0801a85e   0x0801a85e   0x0000003e   Code   RO         2187    i.__create_font     emXGUI100_MDK_M3.lib(gui_font_xft.o)
    0x0801a89c   0x0801a89c   0x00000064   Code   RO         2204    i.__create_font     emXGUI100_MDK_M3.lib(gui_font_xft_ex.o)
    0x0801a900   0x0801a900   0x0000000a   Code   RO         2188    i.__delete_font     emXGUI100_MDK_M3.lib(gui_font_xft.o)
    0x0801a90a   0x0801a90a   0x00000014   Code   RO         2205    i.__delete_font     emXGUI100_MDK_M3.lib(gui_font_xft_ex.o)
    0x0801a91e   0x0801a91e   0x0000021a   Code   RO         2684    i.__draw_bitmap_AL1  emXGUI100_MDK_M3.lib(gl_ext_lcd_16bit.o)
    0x0801ab38   0x0801ab38   0x0000010c   Code   RO         3089    i.__draw_bitmap_AL1  emXGUI100_MDK_M3.lib(gl_mem_8bpp.o)
    0x0801ac44   0x0801ac44   0x0000010e   Code   RO         3149    i.__draw_bitmap_AL1  emXGUI100_MDK_M3.lib(gl_mem_16bpp.o)
    0x0801ad52   0x0801ad52   0x0000010c   Code   RO         3210    i.__draw_bitmap_AL1  emXGUI100_MDK_M3.lib(gl_mem_32bpp.o)
    0x0801ae5e   0x0801ae5e   0x00000002   PAD
    0x0801ae60   0x0801ae60   0x00000220   Code   RO         2685    i.__draw_bitmap_AL2  emXGUI100_MDK_M3.lib(gl_ext_lcd_16bit.o)
    0x0801b080   0x0801b080   0x00000002   Code   RO         3090    i.__draw_bitmap_AL2  emXGUI100_MDK_M3.lib(gl_mem_8bpp.o)
    0x0801b082   0x0801b082   0x00000002   PAD
    0x0801b084   0x0801b084   0x00000188   Code   RO         3150    i.__draw_bitmap_AL2  emXGUI100_MDK_M3.lib(gl_mem_16bpp.o)
    0x0801b20c   0x0801b20c   0x00000184   Code   RO         3211    i.__draw_bitmap_AL2  emXGUI100_MDK_M3.lib(gl_mem_32bpp.o)
    0x0801b390   0x0801b390   0x00000140   Code   RO         2686    i.__draw_bitmap_AL4  emXGUI100_MDK_M3.lib(gl_ext_lcd_16bit.o)
    0x0801b4d0   0x0801b4d0   0x00000002   Code   RO         3091    i.__draw_bitmap_AL4  emXGUI100_MDK_M3.lib(gl_mem_8bpp.o)
    0x0801b4d2   0x0801b4d2   0x00000002   PAD
    0x0801b4d4   0x0801b4d4   0x000000f0   Code   RO         3151    i.__draw_bitmap_AL4  emXGUI100_MDK_M3.lib(gl_mem_16bpp.o)
    0x0801b5c4   0x0801b5c4   0x000000ec   Code   RO         3212    i.__draw_bitmap_AL4  emXGUI100_MDK_M3.lib(gl_mem_32bpp.o)
    0x0801b6b0   0x0801b6b0   0x00000074   Code   RO         2687    i.__draw_bitmap_AL8  emXGUI100_MDK_M3.lib(gl_ext_lcd_16bit.o)
    0x0801b724   0x0801b724   0x000000d4   Code   RO         3092    i.__draw_bitmap_AL8  emXGUI100_MDK_M3.lib(gl_mem_8bpp.o)
    0x0801b7f8   0x0801b7f8   0x0000008e   Code   RO         3152    i.__draw_bitmap_AL8  emXGUI100_MDK_M3.lib(gl_mem_16bpp.o)
    0x0801b886   0x0801b886   0x0000008a   Code   RO         3213    i.__draw_bitmap_AL8  emXGUI100_MDK_M3.lib(gl_mem_32bpp.o)
    0x0801b910   0x0801b910   0x00000090   Code   RO         2688    i.__draw_bitmap_ARGB1555  emXGUI100_MDK_M3.lib(gl_ext_lcd_16bit.o)
    0x0801b9a0   0x0801b9a0   0x0000006c   Code   RO         3093    i.__draw_bitmap_ARGB1555  emXGUI100_MDK_M3.lib(gl_mem_8bpp.o)
    0x0801ba0c   0x0801ba0c   0x00000090   Code   RO         3153    i.__draw_bitmap_ARGB1555  emXGUI100_MDK_M3.lib(gl_mem_16bpp.o)
    0x0801ba9c   0x0801ba9c   0x00000090   Code   RO         3214    i.__draw_bitmap_ARGB1555  emXGUI100_MDK_M3.lib(gl_mem_32bpp.o)
    0x0801bb2c   0x0801bb2c   0x000000bc   Code   RO         2689    i.__draw_bitmap_ARGB4444  emXGUI100_MDK_M3.lib(gl_ext_lcd_16bit.o)
    0x0801bbe8   0x0801bbe8   0x0000001e   Code   RO         3094    i.__draw_bitmap_ARGB4444  emXGUI100_MDK_M3.lib(gl_mem_8bpp.o)
    0x0801bc06   0x0801bc06   0x000000c8   Code   RO         3154    i.__draw_bitmap_ARGB4444  emXGUI100_MDK_M3.lib(gl_mem_16bpp.o)
    0x0801bcce   0x0801bcce   0x000000c8   Code   RO         3215    i.__draw_bitmap_ARGB4444  emXGUI100_MDK_M3.lib(gl_mem_32bpp.o)
    0x0801bd96   0x0801bd96   0x000000bc   Code   RO         2690    i.__draw_bitmap_ARGB8888  emXGUI100_MDK_M3.lib(gl_ext_lcd_16bit.o)
    0x0801be52   0x0801be52   0x000000da   Code   RO         3095    i.__draw_bitmap_ARGB8888  emXGUI100_MDK_M3.lib(gl_mem_8bpp.o)
    0x0801bf2c   0x0801bf2c   0x000000c0   Code   RO         3155    i.__draw_bitmap_ARGB8888  emXGUI100_MDK_M3.lib(gl_mem_16bpp.o)
    0x0801bfec   0x0801bfec   0x000000c0   Code   RO         3216    i.__draw_bitmap_ARGB8888  emXGUI100_MDK_M3.lib(gl_mem_32bpp.o)
    0x0801c0ac   0x0801c0ac   0x0000012c   Code   RO         2691    i.__draw_bitmap_LUT1  emXGUI100_MDK_M3.lib(gl_ext_lcd_16bit.o)
    0x0801c1d8   0x0801c1d8   0x00000110   Code   RO         3096    i.__draw_bitmap_LUT1  emXGUI100_MDK_M3.lib(gl_mem_8bpp.o)
    0x0801c2e8   0x0801c2e8   0x00000116   Code   RO         3156    i.__draw_bitmap_LUT1  emXGUI100_MDK_M3.lib(gl_mem_16bpp.o)
    0x0801c3fe   0x0801c3fe   0x00000112   Code   RO         3217    i.__draw_bitmap_LUT1  emXGUI100_MDK_M3.lib(gl_mem_32bpp.o)
    0x0801c510   0x0801c510   0x00000002   Code   RO         2692    i.__draw_bitmap_LUT2  emXGUI100_MDK_M3.lib(gl_ext_lcd_16bit.o)
    0x0801c512   0x0801c512   0x00000002   Code   RO         3097    i.__draw_bitmap_LUT2  emXGUI100_MDK_M3.lib(gl_mem_8bpp.o)
    0x0801c514   0x0801c514   0x00000002   Code   RO         3157    i.__draw_bitmap_LUT2  emXGUI100_MDK_M3.lib(gl_mem_16bpp.o)
    0x0801c516   0x0801c516   0x00000002   Code   RO         3218    i.__draw_bitmap_LUT2  emXGUI100_MDK_M3.lib(gl_mem_32bpp.o)
    0x0801c518   0x0801c518   0x000000a6   Code   RO         2693    i.__draw_bitmap_LUT4  emXGUI100_MDK_M3.lib(gl_ext_lcd_16bit.o)
    0x0801c5be   0x0801c5be   0x00000080   Code   RO         3098    i.__draw_bitmap_LUT4  emXGUI100_MDK_M3.lib(gl_mem_8bpp.o)
    0x0801c63e   0x0801c63e   0x00000082   Code   RO         3158    i.__draw_bitmap_LUT4  emXGUI100_MDK_M3.lib(gl_mem_16bpp.o)
    0x0801c6c0   0x0801c6c0   0x00000082   Code   RO         3219    i.__draw_bitmap_LUT4  emXGUI100_MDK_M3.lib(gl_mem_32bpp.o)
    0x0801c742   0x0801c742   0x0000006a   Code   RO         2694    i.__draw_bitmap_LUT8  emXGUI100_MDK_M3.lib(gl_ext_lcd_16bit.o)
    0x0801c7ac   0x0801c7ac   0x00000050   Code   RO         3099    i.__draw_bitmap_LUT8  emXGUI100_MDK_M3.lib(gl_mem_8bpp.o)
    0x0801c7fc   0x0801c7fc   0x00000050   Code   RO         3159    i.__draw_bitmap_LUT8  emXGUI100_MDK_M3.lib(gl_mem_16bpp.o)
    0x0801c84c   0x0801c84c   0x00000050   Code   RO         3220    i.__draw_bitmap_LUT8  emXGUI100_MDK_M3.lib(gl_mem_32bpp.o)
    0x0801c89c   0x0801c89c   0x00000066   Code   RO         2695    i.__draw_bitmap_RGB332  emXGUI100_MDK_M3.lib(gl_ext_lcd_16bit.o)
    0x0801c902   0x0801c902   0x00000062   Code   RO         3100    i.__draw_bitmap_RGB332  emXGUI100_MDK_M3.lib(gl_mem_8bpp.o)
    0x0801c964   0x0801c964   0x00000086   Code   RO         3160    i.__draw_bitmap_RGB332  emXGUI100_MDK_M3.lib(gl_mem_16bpp.o)
    0x0801c9ea   0x0801c9ea   0x00000086   Code   RO         3221    i.__draw_bitmap_RGB332  emXGUI100_MDK_M3.lib(gl_mem_32bpp.o)
    0x0801ca70   0x0801ca70   0x00000028   Code   RO         2696    i.__draw_bitmap_RGB565  emXGUI100_MDK_M3.lib(gl_ext_lcd_16bit.o)
    0x0801ca98   0x0801ca98   0x00000062   Code   RO         3101    i.__draw_bitmap_RGB565  emXGUI100_MDK_M3.lib(gl_mem_8bpp.o)
    0x0801cafa   0x0801cafa   0x000000ca   Code   RO         3161    i.__draw_bitmap_RGB565  emXGUI100_MDK_M3.lib(gl_mem_16bpp.o)
    0x0801cbc4   0x0801cbc4   0x00000086   Code   RO         3222    i.__draw_bitmap_RGB565  emXGUI100_MDK_M3.lib(gl_mem_32bpp.o)
    0x0801cc4a   0x0801cc4a   0x00000078   Code   RO         2697    i.__draw_bitmap_RGB888  emXGUI100_MDK_M3.lib(gl_ext_lcd_16bit.o)
    0x0801ccc2   0x0801ccc2   0x00000070   Code   RO         3102    i.__draw_bitmap_RGB888  emXGUI100_MDK_M3.lib(gl_mem_8bpp.o)
    0x0801cd32   0x0801cd32   0x00000094   Code   RO         3162    i.__draw_bitmap_RGB888  emXGUI100_MDK_M3.lib(gl_mem_16bpp.o)
    0x0801cdc6   0x0801cdc6   0x00000094   Code   RO         3223    i.__draw_bitmap_RGB888  emXGUI100_MDK_M3.lib(gl_mem_32bpp.o)
    0x0801ce5a   0x0801ce5a   0x00000066   Code   RO         2698    i.__draw_bitmap_XRGB1555  emXGUI100_MDK_M3.lib(gl_ext_lcd_16bit.o)
    0x0801cec0   0x0801cec0   0x00000062   Code   RO         3103    i.__draw_bitmap_XRGB1555  emXGUI100_MDK_M3.lib(gl_mem_8bpp.o)
    0x0801cf22   0x0801cf22   0x00000086   Code   RO         3163    i.__draw_bitmap_XRGB1555  emXGUI100_MDK_M3.lib(gl_mem_16bpp.o)
    0x0801cfa8   0x0801cfa8   0x00000086   Code   RO         3224    i.__draw_bitmap_XRGB1555  emXGUI100_MDK_M3.lib(gl_mem_32bpp.o)
    0x0801d02e   0x0801d02e   0x00000078   Code   RO         2699    i.__draw_bitmap_XRGB8888  emXGUI100_MDK_M3.lib(gl_ext_lcd_16bit.o)
    0x0801d0a6   0x0801d0a6   0x00000070   Code   RO         3104    i.__draw_bitmap_XRGB8888  emXGUI100_MDK_M3.lib(gl_mem_8bpp.o)
    0x0801d116   0x0801d116   0x00000094   Code   RO         3164    i.__draw_bitmap_XRGB8888  emXGUI100_MDK_M3.lib(gl_mem_16bpp.o)
    0x0801d1aa   0x0801d1aa   0x000000de   Code   RO         3225    i.__draw_bitmap_XRGB8888  emXGUI100_MDK_M3.lib(gl_mem_32bpp.o)
    0x0801d288   0x0801d288   0x00000120   Code   RO         2189    i.__draw_char       emXGUI100_MDK_M3.lib(gui_font_xft.o)
    0x0801d3a8   0x0801d3a8   0x000000ee   Code   RO         2206    i.__draw_char       emXGUI100_MDK_M3.lib(gui_font_xft_ex.o)
    0x0801d496   0x0801d496   0x0000001e   Code   RO         2700    i.__draw_hline      emXGUI100_MDK_M3.lib(gl_ext_lcd_16bit.o)
    0x0801d4b4   0x0801d4b4   0x0000001c   Code   RO         3105    i.__draw_hline      emXGUI100_MDK_M3.lib(gl_mem_8bpp.o)
    0x0801d4d0   0x0801d4d0   0x0000001e   Code   RO         3165    i.__draw_hline      emXGUI100_MDK_M3.lib(gl_mem_16bpp.o)
    0x0801d4ee   0x0801d4ee   0x0000001c   Code   RO         3226    i.__draw_hline      emXGUI100_MDK_M3.lib(gl_mem_32bpp.o)
    0x0801d50a   0x0801d50a   0x0000001c   Code   RO         2701    i.__draw_vline      emXGUI100_MDK_M3.lib(gl_ext_lcd_16bit.o)
    0x0801d526   0x0801d526   0x0000001e   Code   RO         3106    i.__draw_vline      emXGUI100_MDK_M3.lib(gl_mem_8bpp.o)
    0x0801d544   0x0801d544   0x00000022   Code   RO         3166    i.__draw_vline      emXGUI100_MDK_M3.lib(gl_mem_16bpp.o)
    0x0801d566   0x0801d566   0x00000020   Code   RO         3227    i.__draw_vline      emXGUI100_MDK_M3.lib(gl_mem_32bpp.o)
    0x0801d586   0x0801d586   0x00000020   Code   RO         2702    i.__fill_rect       emXGUI100_MDK_M3.lib(gl_ext_lcd_16bit.o)
    0x0801d5a6   0x0801d5a6   0x00000038   Code   RO         3107    i.__fill_rect       emXGUI100_MDK_M3.lib(gl_mem_8bpp.o)
    0x0801d5de   0x0801d5de   0x0000005a   Code   RO         3167    i.__fill_rect       emXGUI100_MDK_M3.lib(gl_mem_16bpp.o)
    0x0801d638   0x0801d638   0x00000058   Code   RO         3228    i.__fill_rect       emXGUI100_MDK_M3.lib(gl_mem_32bpp.o)
    0x0801d690   0x0801d690   0x00000052   Code   RO         2703    i.__fill_rect_ARGB  emXGUI100_MDK_M3.lib(gl_ext_lcd_16bit.o)
    0x0801d6e2   0x0801d6e2   0x00000074   Code   RO         3108    i.__fill_rect_ARGB  emXGUI100_MDK_M3.lib(gl_mem_8bpp.o)
    0x0801d756   0x0801d756   0x00000078   Code   RO         3168    i.__fill_rect_ARGB  emXGUI100_MDK_M3.lib(gl_mem_16bpp.o)
    0x0801d7ce   0x0801d7ce   0x00000078   Code   RO         3229    i.__fill_rect_ARGB  emXGUI100_MDK_M3.lib(gl_mem_32bpp.o)
    0x0801d846   0x0801d846   0x00000080   Code   RO         2190    i.__get_char_info   emXGUI100_MDK_M3.lib(gui_font_xft.o)
    0x0801d8c6   0x0801d8c6   0x00000048   Code   RO         2207    i.__get_char_info   emXGUI100_MDK_M3.lib(gui_font_xft_ex.o)
    0x0801d90e   0x0801d90e   0x00000012   Code   RO         2191    i.__get_font_info   emXGUI100_MDK_M3.lib(gui_font_xft.o)
    0x0801d920   0x0801d920   0x00000012   Code   RO         2208    i.__get_font_info   emXGUI100_MDK_M3.lib(gui_font_xft_ex.o)
    0x0801d932   0x0801d932   0x00000024   Code   RO         2704    i.__get_pixel       emXGUI100_MDK_M3.lib(gl_ext_lcd_16bit.o)
    0x0801d956   0x0801d956   0x0000000c   Code   RO         3109    i.__get_pixel       emXGUI100_MDK_M3.lib(gl_mem_8bpp.o)
    0x0801d962   0x0801d962   0x0000000e   Code   RO         3169    i.__get_pixel       emXGUI100_MDK_M3.lib(gl_mem_16bpp.o)
    0x0801d970   0x0801d970   0x0000000e   Code   RO         3230    i.__get_pixel       emXGUI100_MDK_M3.lib(gl_mem_32bpp.o)
    0x0801d97e   0x0801d97e   0x00000002   PAD
    0x0801d980   0x0801d980   0x00000388   Code   RO         3887    i.__ieee754_rem_pio2  m_ws.l(rred.o)
    0x0801dd08   0x0801dd08   0x000000fc   Code   RO         3870    i.__kernel_cos      m_ws.l(cos_i.o)
    0x0801de04   0x0801de04   0x000000aa   Code   RO         3945    i.__kernel_poly     m_ws.l(poly.o)
    0x0801deae   0x0801deae   0x00000002   PAD
    0x0801deb0   0x0801deb0   0x000000ec   Code   RO         3892    i.__kernel_sin      m_ws.l(sin_i.o)
    0x0801df9c   0x0801df9c   0x00000006   Code   RO         3874    i.__mathlib_dbl_infnan  m_ws.l(dunder.o)
    0x0801dfa2   0x0801dfa2   0x0000000c   Code   RO         3876    i.__mathlib_dbl_invalid  m_ws.l(dunder.o)
    0x0801dfae   0x0801dfae   0x00000002   PAD
    0x0801dfb0   0x0801dfb0   0x00000010   Code   RO         3879    i.__mathlib_dbl_underflow  m_ws.l(dunder.o)
    0x0801dfc0   0x0801dfc0   0x0000000e   Code   RO         2337    i.__mem_get_data    emXGUI100_MDK_M3.lib(gui_imagebmp.o)
    0x0801dfce   0x0801dfce   0x00000002   PAD
    0x0801dfd0   0x0801dfd0   0x000005cc   Code   RO         2705    i.__rotate_bitmap   emXGUI100_MDK_M3.lib(gl_ext_lcd_16bit.o)
    0x0801e59c   0x0801e59c   0x00000594   Code   RO         3110    i.__rotate_bitmap   emXGUI100_MDK_M3.lib(gl_mem_8bpp.o)
    0x0801eb30   0x0801eb30   0x00000598   Code   RO         3170    i.__rotate_bitmap   emXGUI100_MDK_M3.lib(gl_mem_16bpp.o)
    0x0801f0c8   0x0801f0c8   0x00000598   Code   RO         3231    i.__rotate_bitmap   emXGUI100_MDK_M3.lib(gl_mem_32bpp.o)
    0x0801f660   0x0801f660   0x000002fc   Code   RO         2706    i.__scale_bitmap    emXGUI100_MDK_M3.lib(gl_ext_lcd_16bit.o)
    0x0801f95c   0x0801f95c   0x000000e4   Code   RO         3111    i.__scale_bitmap    emXGUI100_MDK_M3.lib(gl_mem_8bpp.o)
    0x0801fa40   0x0801fa40   0x00000314   Code   RO         3171    i.__scale_bitmap    emXGUI100_MDK_M3.lib(gl_mem_16bpp.o)
    0x0801fd54   0x0801fd54   0x0000032a   Code   RO         3232    i.__scale_bitmap    emXGUI100_MDK_M3.lib(gl_mem_32bpp.o)
    0x0802007e   0x0802007e   0x0000000e   Code   RO         3983    i.__scatterload_copy  mc_w.l(handlers.o)
    0x0802008c   0x0802008c   0x00000002   Code   RO         3984    i.__scatterload_null  mc_w.l(handlers.o)
    0x0802008e   0x0802008e   0x0000000e   Code   RO         3985    i.__scatterload_zeroinit  mc_w.l(handlers.o)
    0x0802009c   0x0802009c   0x0000000c   Code   RO         3927    i.__set_errno       mc_w.l(errno.o)
    0x080200a8   0x080200a8   0x00000028   Code   RO         2707    i.__set_pixel       emXGUI100_MDK_M3.lib(gl_ext_lcd_16bit.o)
    0x080200d0   0x080200d0   0x0000000e   Code   RO         3112    i.__set_pixel       emXGUI100_MDK_M3.lib(gl_mem_8bpp.o)
    0x080200de   0x080200de   0x00000010   Code   RO         3172    i.__set_pixel       emXGUI100_MDK_M3.lib(gl_mem_16bpp.o)
    0x080200ee   0x080200ee   0x00000010   Code   RO         3233    i.__set_pixel       emXGUI100_MDK_M3.lib(gl_mem_32bpp.o)
    0x080200fe   0x080200fe   0x0000009c   Code   RO         2708    i.__set_pixel_ARGB  emXGUI100_MDK_M3.lib(gl_ext_lcd_16bit.o)
    0x0802019a   0x0802019a   0x00000048   Code   RO         3113    i.__set_pixel_ARGB  emXGUI100_MDK_M3.lib(gl_mem_8bpp.o)
    0x080201e2   0x080201e2   0x0000004a   Code   RO         3173    i.__set_pixel_ARGB  emXGUI100_MDK_M3.lib(gl_mem_16bpp.o)
    0x0802022c   0x0802022c   0x0000004a   Code   RO         3234    i.__set_pixel_ARGB  emXGUI100_MDK_M3.lib(gl_mem_32bpp.o)
    0x08020276   0x08020276   0x00000020   Code   RO         2709    i.__set_pos         emXGUI100_MDK_M3.lib(gl_ext_lcd_16bit.o)
    0x08020296   0x08020296   0x0000000c   Code   RO         3114    i.__set_pos         emXGUI100_MDK_M3.lib(gl_mem_8bpp.o)
    0x080202a2   0x080202a2   0x0000000e   Code   RO         3174    i.__set_pos         emXGUI100_MDK_M3.lib(gl_mem_16bpp.o)
    0x080202b0   0x080202b0   0x0000000e   Code   RO         3235    i.__set_pos         emXGUI100_MDK_M3.lib(gl_mem_32bpp.o)
    0x080202be   0x080202be   0x00000048   Code   RO         2710    i.__xor_pixel       emXGUI100_MDK_M3.lib(gl_ext_lcd_16bit.o)
    0x08020306   0x08020306   0x00000012   Code   RO         3115    i.__xor_pixel       emXGUI100_MDK_M3.lib(gl_mem_8bpp.o)
    0x08020318   0x08020318   0x00000018   Code   RO         3175    i.__xor_pixel       emXGUI100_MDK_M3.lib(gl_mem_16bpp.o)
    0x08020330   0x08020330   0x00000014   Code   RO         3236    i.__xor_pixel       emXGUI100_MDK_M3.lib(gl_mem_32bpp.o)
    0x08020344   0x08020344   0x000000a4   Code   RO         2909    i._gdDrawArc        emXGUI100_MDK_M3.lib(gd_arc.o)
    0x080203e8   0x080203e8   0x00000090   Code   RO         2227    i._gdDrawCircle     emXGUI100_MDK_M3.lib(gd_circle.o)
    0x08020478   0x08020478   0x00000244   Code   RO         2940    i._gdFillPolygon    emXGUI100_MDK_M3.lib(gd_polygon.o)
    0x080206bc   0x080206bc   0x00000124   Code   RO         2290    i._gdFillRect       emXGUI100_MDK_M3.lib(gd_rect.o)
    0x080207e0   0x080207e0   0x00000142   Code   RO         2254    i._gdHLine          emXGUI100_MDK_M3.lib(gd_line.o)
    0x08020922   0x08020922   0x0000012e   Code   RO         2922    i._gdSetPixel       emXGUI100_MDK_M3.lib(gd_pixel.o)
    0x08020a50   0x08020a50   0x000000ac   Code   RO         2923    i._gdSetPixelARGB   emXGUI100_MDK_M3.lib(gd_pixel.o)
    0x08020afc   0x08020afc   0x00000140   Code   RO         2255    i._gdVLine          emXGUI100_MDK_M3.lib(gd_line.o)
    0x08020c3c   0x08020c3c   0x00000080   Code   RO         2924    i._gdXorPixel       emXGUI100_MDK_M3.lib(gd_pixel.o)
    0x08020cbc   0x08020cbc   0x00000410   Code   RO         3751    i._printf_core      mc_w.l(printf8.o)
    0x080210cc   0x080210cc   0x00000024   Code   RO         3752    i._printf_post_padding  mc_w.l(printf8.o)
    0x080210f0   0x080210f0   0x0000002e   Code   RO         3753    i._printf_pre_padding  mc_w.l(printf8.o)
    0x0802111e   0x0802111e   0x0000000a   Code   RO         3755    i._sputc            mc_w.l(printf8.o)
    0x08021128   0x08021128   0x000003f8   Code   RO         3434    i.button_proc       emXGUI100_MDK_M3.lib(widget_button2.o)
    0x08021520   0x08021520   0x000000dc   Code   RO         3479    i.ceil              m_ws.l(ceil.o)
    0x080215fc   0x080215fc   0x00000020   Code   RO         3294    i.color_tree_cleanup  libpng_MDK_CM3.lib(lodepng.o)
    0x0802161c   0x0802161c   0x0000009c   Code   RO         3483    i.cos               m_ws.l(cos.o)
    0x080216b8   0x080216b8   0x00000c84   Code   RO         3295    i.decodeGeneric     libpng_MDK_CM3.lib(lodepng.o)
    0x0802233c   0x0802233c   0x00000068   Code   RO         3268    i.double_val_init   x_libc_MDK_M3.lib(x_stdlib.o)
    0x080223a4   0x080223a4   0x000000fc   Code   RO         3073    i.draw_window_frame  emXGUI100_MDK_M3.lib(gui_face.o)
    0x080224a0   0x080224a0   0x000000dc   Code   RO         3491    i.floor             m_ws.l(floor.o)
    0x0802257c   0x0802257c   0x00000050   Code   RO         3798    i.free              mc_w.l(malloc.o)
    0x080225cc   0x080225cc   0x0000005a   Code   RO         2291    i.gdDraw3DRect      emXGUI100_MDK_M3.lib(gd_rect.o)
    0x08022626   0x08022626   0x00000078   Code   RO         2293    i.gdFill3DRect      emXGUI100_MDK_M3.lib(gd_rect.o)
    0x0802269e   0x0802269e   0x0000002a   Code   RO         2294    i.gdFillRect        emXGUI100_MDK_M3.lib(gd_rect.o)
    0x080226c8   0x080226c8   0x0000004e   Code   RO         2256    i.gdHLine           emXGUI100_MDK_M3.lib(gd_line.o)
    0x08022716   0x08022716   0x000000e8   Code   RO         2257    i.gdLine            emXGUI100_MDK_M3.lib(gd_line.o)
    0x080227fe   0x080227fe   0x0000002e   Code   RO         2926    i.gdSetPixel        emXGUI100_MDK_M3.lib(gd_pixel.o)
    0x0802282c   0x0802282c   0x00000040   Code   RO         2927    i.gdSetPixelARGB    emXGUI100_MDK_M3.lib(gd_pixel.o)
    0x0802286c   0x0802286c   0x00000050   Code   RO         2260    i.gdVLine           emXGUI100_MDK_M3.lib(gd_line.o)
    0x080228bc   0x080228bc   0x0000039e   Code   RO         3296    i.getPixelColorsRGBA8  libpng_MDK_CM3.lib(lodepng.o)
    0x08022c5a   0x08022c5a   0x00000002   PAD
    0x08022c5c   0x08022c5c   0x00000410   Code   RO         3297    i.getTreeInflateDynamic  libpng_MDK_CM3.lib(lodepng.o)
    0x0802306c   0x0802306c   0x00000086   Code   RO         3456    i.get_hscroll_rect  emXGUI100_MDK_M3.lib(widget_scrollbar2.o)
    0x080230f2   0x080230f2   0x00000086   Code   RO         3457    i.get_vscroll_rect  emXGUI100_MDK_M3.lib(widget_scrollbar2.o)
    0x08023178   0x08023178   0x000000f2   Code   RO         3439    i.groupbox_proc     emXGUI100_MDK_M3.lib(widget_groupbox2.o)
    0x0802326a   0x0802326a   0x00000002   PAD
    0x0802326c   0x0802326c   0x00000008   Code   RO         2640    i.hBmpArrowDown     emXGUI100_MDK_M3.lib(gui_resource.o)
    0x08023274   0x08023274   0x00000008   Code   RO         2641    i.hBmpArrowLeft     emXGUI100_MDK_M3.lib(gui_resource.o)
    0x0802327c   0x0802327c   0x00000008   Code   RO         2642    i.hBmpArrowRight    emXGUI100_MDK_M3.lib(gui_resource.o)
    0x08023284   0x08023284   0x00000008   Code   RO         2643    i.hBmpArrowUp       emXGUI100_MDK_M3.lib(gui_resource.o)
    0x0802328c   0x0802328c   0x00000812   Code   RO         3442    i.listboxWinProc    emXGUI100_MDK_M3.lib(widget_listbox2.o)
    0x08023a9e   0x08023a9e   0x00000030   Code   RO         3443    i.listbox_find_item  emXGUI100_MDK_M3.lib(widget_listbox2.o)
    0x08023ace   0x08023ace   0x00000066   Code   RO         3444    i.listbox_get_item_rect  emXGUI100_MDK_M3.lib(widget_listbox2.o)
    0x08023b34   0x08023b34   0x000001aa   Code   RO         3445    i.listbox_lbutton_up  emXGUI100_MDK_M3.lib(widget_listbox2.o)
    0x08023cde   0x08023cde   0x00000210   Code   RO         3446    i.listbox_on_timer  emXGUI100_MDK_M3.lib(widget_listbox2.o)
    0x08023eee   0x08023eee   0x0000010a   Code   RO         3298    i.lodepng_add_itext  libpng_MDK_CM3.lib(lodepng.o)
    0x08023ff8   0x08023ff8   0x0000008e   Code   RO         3299    i.lodepng_add_text  libpng_MDK_CM3.lib(lodepng.o)
    0x08024086   0x08024086   0x00000060   Code   RO         3318    i.lodepng_color_mode_copy  libpng_MDK_CM3.lib(lodepng.o)
    0x080240e6   0x080240e6   0x00000068   Code   RO         3319    i.lodepng_color_mode_equal  libpng_MDK_CM3.lib(lodepng.o)
    0x0802414e   0x0802414e   0x00000814   Code   RO         3321    i.lodepng_convert   libpng_MDK_CM3.lib(lodepng.o)
    0x08024962   0x08024962   0x000000d4   Code   RO         3323    i.lodepng_decode    libpng_MDK_CM3.lib(lodepng.o)
    0x08024a36   0x08024a36   0x00000082   Code   RO         3326    i.lodepng_decode_memory  libpng_MDK_CM3.lib(lodepng.o)
    0x08024ab8   0x08024ab8   0x00000004   Code   RO         2838    i.lodepng_free      libpng_MDK_CM3.lib(lodepng_app.o)
    0x08024abc   0x08024abc   0x0000002a   Code   RO         3330    i.lodepng_get_bpp   libpng_MDK_CM3.lib(lodepng.o)
    0x08024ae6   0x08024ae6   0x00000002   PAD
    0x08024ae8   0x08024ae8   0x000003fc   Code   RO         3336    i.lodepng_inflatev  libpng_MDK_CM3.lib(lodepng.o)
    0x08024ee4   0x08024ee4   0x0000006c   Code   RO         3337    i.lodepng_info_cleanup  libpng_MDK_CM3.lib(lodepng.o)
    0x08024f50   0x08024f50   0x0000005a   Code   RO         3339    i.lodepng_info_init  libpng_MDK_CM3.lib(lodepng.o)
    0x08024faa   0x08024faa   0x00000002   PAD
    0x08024fac   0x08024fac   0x000001e4   Code   RO         3341    i.lodepng_inspect   libpng_MDK_CM3.lib(lodepng.o)
    0x08025190   0x08025190   0x00000004   Code   RO         2839    i.lodepng_malloc    libpng_MDK_CM3.lib(lodepng_app.o)
    0x08025194   0x08025194   0x00000038   Code   RO         2840    i.lodepng_realloc   libpng_MDK_CM3.lib(lodepng_app.o)
    0x080251cc   0x080251cc   0x0000012c   Code   RO         3351    i.lodepng_zlib_decompress  libpng_MDK_CM3.lib(lodepng.o)
    0x080252f8   0x080252f8   0x00000086   Code   RO         3458    i.make_hscroll_by_value  emXGUI100_MDK_M3.lib(widget_scrollbar2.o)
    0x0802537e   0x0802537e   0x00000086   Code   RO         3459    i.make_vscroll_by_value  emXGUI100_MDK_M3.lib(widget_scrollbar2.o)
    0x08025404   0x08025404   0x0000006c   Code   RO         3799    i.malloc            mc_w.l(malloc.o)
    0x08025470   0x08025470   0x0000005a   Code   RO         2742    i.plug_holes        x_libc_MDK_M3.lib(x_heap.o)
    0x080254ca   0x080254ca   0x00000002   PAD
    0x080254cc   0x080254cc   0x00000314   Code   RO         3352    i.postProcessScanlines  libpng_MDK_CM3.lib(lodepng.o)
    0x080257e0   0x080257e0   0x00000044   Code   RO         3435    i.pushbutton_paint  emXGUI100_MDK_M3.lib(widget_button2.o)
    0x08025824   0x08025824   0x0000003a   Code   RO         3353    i.readBitsFromStream  libpng_MDK_CM3.lib(lodepng.o)
    0x0802585e   0x0802585e   0x0000007a   Code   RO         3354    i.removePaddingBits  libpng_MDK_CM3.lib(lodepng.o)
    0x080258d8   0x080258d8   0x000000a0   Code   RO         3495    i.sin               m_ws.l(sin.o)
    0x08025978   0x08025978   0x00000304   Code   RO         2261    i.solid_line        emXGUI100_MDK_M3.lib(gd_line.o)
    0x08025c7c   0x08025c7c   0x0000001a   Code   RO         3355    i.string_init       libpng_MDK_CM3.lib(lodepng.o)
    0x08025c96   0x08025c96   0x00000038   Code   RO         3356    i.string_set        libpng_MDK_CM3.lib(lodepng.o)
    0x08025cce   0x08025cce   0x0000016e   Code   RO         3467    i.textbox_proc      emXGUI100_MDK_M3.lib(widget_textbox2.o)
    0x08025e3c   0x08025e3c   0x00000032   Code   RO         3357    i.ucvector_resize   libpng_MDK_CM3.lib(lodepng.o)
    0x08025e6e   0x08025e6e   0x000001dc   Code   RO         3358    i.unfilter          libpng_MDK_CM3.lib(lodepng.o)
    0x0802604a   0x0802604a   0x00000002   PAD
    0x0802604c   0x0802604c   0x000000e4   Code   RO         2793    i.vprtf_ltoa_store  x_libc_MDK_M3.lib(x_wstring.o)
    0x08026130   0x08026130   0x0000019c   Code   RO         3453    i.win_proc          emXGUI100_MDK_M3.lib(widget_progressbar2.o)
    0x080262cc   0x080262cc   0x0000072c   Code   RO         3460    i.win_proc          emXGUI100_MDK_M3.lib(widget_scrollbar2.o)
    0x080269f8   0x080269f8   0x0000011c   Code   RO         2743    i.x_heap_alloc      x_libc_MDK_M3.lib(x_heap.o)
    0x08026b14   0x08026b14   0x00000042   Code   RO         2744    i.x_heap_free       x_libc_MDK_M3.lib(x_heap.o)
    0x08026b56   0x08026b56   0x00000074   Code   RO         2745    i.x_heap_init       x_libc_MDK_M3.lib(x_heap.o)
    0x08026bca   0x08026bca   0x00000010   Code   RO         2760    i.x_strlen          x_libc_MDK_M3.lib(x_string.o)
    0x08026bda   0x08026bda   0x00000114   Code   RO         2761    i.x_strncasecmp     x_libc_MDK_M3.lib(x_string.o)
    0x08026cee   0x08026cee   0x0000000c   Code   RO         2769    i.x_toupper         x_libc_MDK_M3.lib(x_string.o)
    0x08026cfa   0x08026cfa   0x00000012   Code   RO         2794    i.x_wsprintf        x_libc_MDK_M3.lib(x_wstring.o)
    0x08026d0c   0x08026d0c   0x00000012   Code   RO         2799    i.x_wstrcpy         x_libc_MDK_M3.lib(x_wstring.o)
    0x08026d1e   0x08026d1e   0x00000012   Code   RO         2800    i.x_wstrlen         x_libc_MDK_M3.lib(x_wstring.o)
    0x08026d30   0x08026d30   0x00000398   Code   RO         2812    i.x_wvsprintf       x_libc_MDK_M3.lib(x_wstring.o)
    0x080270c8   0x080270c8   0x00000064   Code   RO         2209    i.xft_get_chr_entry_ex  emXGUI100_MDK_M3.lib(gui_font_xft_ex.o)
    0x0802712c   0x0802712c   0x00000066   Code   RO         2210    i.xft_get_chr_info_ex  emXGUI100_MDK_M3.lib(gui_font_xft_ex.o)
    0x08027192   0x08027192   0x00000002   PAD
    0x08027194   0x08027194   0x000000c8   Data   RO          744    .constdata          gt9xx.o
    0x0802725c   0x0802725c   0x0000003a   Data   RO          795    .constdata          ff.o
    0x08027296   0x08027296   0x0002b0c0   Data   RO          863    .constdata          cc936.o
    0x08052356   0x08052356   0x00009db8   Data   RO         1287    .constdata          ascii_24_4bpp.o
    0x0805c10e   0x0805c10e   0x0000000b   Data   RO         1712    .constdata          backend_res_writer.o
    0x0805c119   0x0805c119   0x000026ce   Data   RO         1764    .constdata          boot_logo.o
    0x0805e7e7   0x0805e7e7   0x00000001   PAD
    0x0805e7e8   0x0805e7e8   0x00000020   Data   RO         1807    .constdata          clistmenu.o
    0x0805e808   0x0805e808   0x00000294   Data   RO         1851    .constdata          gui_demo_slidewindow.o
    0x0805ea9c   0x0805ea9c   0x00000014   Data   RO         2194    .constdata          emXGUI100_MDK_M3.lib(gui_font_xft.o)
    0x0805eab0   0x0805eab0   0x00000014   Data   RO         2211    .constdata          emXGUI100_MDK_M3.lib(gui_font_xft_ex.o)
    0x0805eac4   0x0805eac4   0x00000044   Data   RO         2262    .constdata          emXGUI100_MDK_M3.lib(gd_line.o)
    0x0805eb08   0x0805eb08   0x00006c2c   Data   RO         2650    .constdata          emXGUI100_MDK_M3.lib(gui_resource.o)
    0x08065734   0x08065734   0x00000140   Data   RO         2671    .constdata          emXGUI100_MDK_M3.lib(gl_cursor.o)
    0x08065874   0x08065874   0x00000014   Data   RO         2712    .constdata          emXGUI100_MDK_M3.lib(gl_ext_lcd_16bit.o)
    0x08065888   0x08065888   0x000000a0   Data   RO         2813    .constdata          x_libc_MDK_M3.lib(x_wstring.o)
    0x08065928   0x08065928   0x00000034   Data   RO         2961    .constdata          emXGUI100_MDK_M3.lib(surface_argb4444.o)
    0x0806595c   0x0806595c   0x00000034   Data   RO         2987    .constdata          emXGUI100_MDK_M3.lib(surface_argb8888.o)
    0x08065990   0x08065990   0x00000034   Data   RO         3010    .constdata          emXGUI100_MDK_M3.lib(surface_rgb332.o)
    0x080659c4   0x080659c4   0x00000034   Data   RO         3033    .constdata          emXGUI100_MDK_M3.lib(surface_rgb565.o)
    0x080659f8   0x080659f8   0x00000034   Data   RO         3056    .constdata          emXGUI100_MDK_M3.lib(surface_xrgb8888.o)
    0x08065a2c   0x08065a2c   0x00000038   Data   RO         3082    .constdata          emXGUI100_MDK_M3.lib(gui_widget.o)
    0x08065a64   0x08065a64   0x00000014   Data   RO         3176    .constdata          emXGUI100_MDK_M3.lib(gl_mem_16bpp.o)
    0x08065a78   0x08065a78   0x00000014   Data   RO         3237    .constdata          emXGUI100_MDK_M3.lib(gl_mem_32bpp.o)
    0x08065a8c   0x08065a8c   0x00000004   PAD
    0x08065a90   0x08065a90   0x00000098   Data   RO         3278    .constdata          x_libc_MDK_M3.lib(x_stdlib.o)
    0x08065b28   0x08065b28   0x00000294   Data   RO         3359    .constdata          libpng_MDK_CM3.lib(lodepng.o)
    0x08065dbc   0x08065dbc   0x00000020   Data   RO         3436    .constdata          emXGUI100_MDK_M3.lib(widget_button2.o)
    0x08065ddc   0x08065ddc   0x00000020   Data   RO         3440    .constdata          emXGUI100_MDK_M3.lib(widget_groupbox2.o)
    0x08065dfc   0x08065dfc   0x00000020   Data   RO         3447    .constdata          emXGUI100_MDK_M3.lib(widget_listbox2.o)
    0x08065e1c   0x08065e1c   0x00000020   Data   RO         3454    .constdata          emXGUI100_MDK_M3.lib(widget_progressbar2.o)
    0x08065e3c   0x08065e3c   0x00000020   Data   RO         3461    .constdata          emXGUI100_MDK_M3.lib(widget_scrollbar2.o)
    0x08065e5c   0x08065e5c   0x00000020   Data   RO         3468    .constdata          emXGUI100_MDK_M3.lib(widget_textbox2.o)
    0x08065e7c   0x08065e7c   0x00000004   PAD
    0x08065e80   0x08065e80   0x00000030   Data   RO         3871    .constdata          m_ws.l(cos_i.o)
    0x08065eb0   0x08065eb0   0x000000c8   Data   RO         3889    .constdata          m_ws.l(rred.o)
    0x08065f78   0x08065f78   0x00000028   Data   RO         3893    .constdata          m_ws.l(sin_i.o)
    0x08065fa0   0x08065fa0   0x00000081   Data   RO         3950    .constdata          mc_w.l(ctype_o.o)
    0x08066021   0x08066021   0x00000003   PAD
    0x08066024   0x08066024   0x00000004   Data   RO         3951    .constdata          mc_w.l(ctype_o.o)
    0x08066028   0x08066028   0x000000e5   Data   RO          758    .conststring        gt9xx.o
    0x0806610d   0x0806610d   0x00000003   PAD
    0x08066110   0x08066110   0x00000052   Data   RO         1713    .conststring        backend_res_writer.o
    0x08066162   0x08066162   0x00000002   PAD
    0x08066164   0x08066164   0x0000004e   Data   RO         1687    .constwstring       gui_boot_interface_dialog.o
    0x080661b2   0x080661b2   0x00000002   PAD
    0x080661b4   0x080661b4   0x00000256   Data   RO         1714    .constwstring       backend_res_writer.o
    0x0806640a   0x0806640a   0x00000002   PAD
    0x0806640c   0x0806640c   0x00000420   Data   RO         1740    .constwstring       gui_res_writer_dialog.o
    0x0806682c   0x0806682c   0x000000e6   Data   RO         1777    .constwstring       gui_board_app_desktop.o
    0x08066912   0x08066912   0x00000002   PAD
    0x08066914   0x08066914   0x00000070   Data   RO         3083    .constwstring       emXGUI100_MDK_M3.lib(gui_widget.o)
    0x08066984   0x08066984   0x00000020   Data   RO         3981    Region$$Table       anon$$obj.o


    Execution Region RW_IRAM1 (Exec base: 0x20000000, Load base: 0x080669a4, Size: 0x0000ced8, Max: 0x00010000, ABSOLUTE, COMPRESSED[0x000004e4])

    Exec Addr    Load Addr    Size         Type   Attr      Idx    E Section Name        Object

    0x20000000   COMPRESSED   0x00000014   Data   RW           25    .data               system_stm32f10x.o
    0x20000014   COMPRESSED   0x00000014   Data   RW          318    .data               stm32f10x_rcc.o
    0x20000028   COMPRESSED   0x00000004   Data   RW          500    .data               bsp_flash_spi.o
    0x2000002c   COMPRESSED   0x00000014   Data   RW          663    .data               bsp_sdio_sdcard.o
    0x20000040   COMPRESSED   0x00000031   Data   RW          759    .data               gt9xx.o
    0x20000071   COMPRESSED   0x00000003   PAD
    0x20000074   COMPRESSED   0x0000000c   Data   RW          796    .data               ff.o
    0x20000080   COMPRESSED   0x0000003c   Data   RW          972    .data               tasks.o
    0x200000bc   COMPRESSED   0x00000018   Data   RW         1009    .data               heap_4.o
    0x200000d4   COMPRESSED   0x0000000c   Data   RW         1024    .data               port.o
    0x200000e0   COMPRESSED   0x00000008   Data   RW         1053    .data               oem_button.o
    0x200000e8   COMPRESSED   0x00000008   Data   RW         1089    .data               oem_checkbox.o
    0x200000f0   COMPRESSED   0x00000008   Data   RW         1103    .data               oem_groupbox.o
    0x200000f8   COMPRESSED   0x00000008   Data   RW         1117    .data               oem_listbox.o
    0x20000100   COMPRESSED   0x00000008   Data   RW         1131    .data               oem_progressbar.o
    0x20000108   COMPRESSED   0x00000008   Data   RW         1145    .data               oem_radiobox.o
    0x20000110   COMPRESSED   0x00000008   Data   RW         1159    .data               oem_scrollbar.o
    0x20000118   COMPRESSED   0x00000008   Data   RW         1173    .data               oem_textbox.o
    0x20000120   COMPRESSED   0x00000014   Data   RW         1302    .data               gui_font_port.o
    0x20000134   COMPRESSED   0x00000004   Data   RW         1304    .data               gui_font_port.o
    0x20000138   COMPRESSED   0x00000004   Data   RW         1345    .data               gui_input_port.o
    0x2000013c   COMPRESSED   0x00000004   Data   RW         1390    .data               gui_mem_port.o
    0x20000140   COMPRESSED   0x00000004   Data   RW         1406    .data               gui_resource_port.o
    0x20000144   COMPRESSED   0x00000004   Data   RW         1433    .data               gui_touch_port.o
    0x20000148   COMPRESSED   0x00000004   Data   RW         1667    .data               gui_desktop.o
    0x2000014c   COMPRESSED   0x00000010   Data   RW         1688    .data               gui_boot_interface_dialog.o
    0x2000015c   COMPRESSED   0x00000018   Data   RW         1715    .data               backend_res_writer.o
    0x20000174   COMPRESSED   0x00000010   Data   RW         1741    .data               gui_res_writer_dialog.o
    0x20000184   COMPRESSED   0x0000015c   Data   RW         1778    .data               gui_board_app_desktop.o
    0x200002e0   COMPRESSED   0x00000008   Data   RW         1852    .data               gui_demo_slidewindow.o
    0x200002e8   COMPRESSED   0x00000028   Data   RW         2151    .data               emXGUI100_MDK_M3.lib(x_gui.o)
    0x20000310   COMPRESSED   0x00000034   Data   RW         2354    .data               emXGUI100_MDK_M3.lib(gui_input.o)
    0x20000344   COMPRESSED   0x00000010   Data   RW         2533    .data               emXGUI100_MDK_M3.lib(gui_window.o)
    0x20000354   COMPRESSED   0x00000018   Data   RW         2672    .data               emXGUI100_MDK_M3.lib(gl_cursor.o)
    0x2000036c   COMPRESSED   0x00000400   Data   RW         3364    .data               libpng_MDK_CM3.lib(lodepng.o)
    0x2000076c   COMPRESSED   0x00000004   Data   RW         3912    .data               mc_w.l(stdout.o)
    0x20000770   COMPRESSED   0x00000004   Data   RW         3923    .data               mc_w.l(mvars.o)
    0x20000774   COMPRESSED   0x00000004   Data   RW         3924    .data               mc_w.l(mvars.o)
    0x20000778   COMPRESSED   0x00000004   Data   RW         3928    .data               mc_w.l(errno.o)
    0x2000077c   COMPRESSED   0x00000004   PAD
    0x20000780        -       0x000000cc   Zero   RW          662    .bss                bsp_sdio_sdcard.o
    0x2000084c        -       0x00000050   Zero   RW          950    .bss                queue.o
    0x2000089c        -       0x000002e4   Zero   RW          971    .bss                tasks.o
    0x20000b80        -       0x00008000   Zero   RW         1008    .bss                heap_4.o
    0x20008b80        -       0x00001030   Zero   RW         1331    .bss                gui_fs_port.o
    0x20009bb0        -       0x0000001c   Zero   RW         1389    .bss                gui_mem_port.o
    0x20009bcc        -       0x00000018   Zero   RW         1686    .bss                gui_boot_interface_dialog.o
    0x20009be4        -       0x000001ff   Zero   RW         1711    .bss                backend_res_writer.o
    0x20009de3   COMPRESSED   0x00000001   PAD
    0x20009de4        -       0x0000295c   Zero   RW         2149    .bss                emXGUI100_MDK_M3.lib(x_gui.o)
    0x2000c740        -       0x00000100   Zero   RW         2353    .bss                emXGUI100_MDK_M3.lib(gui_input.o)
    0x2000c840        -       0x00000020   Zero   RW         2670    .bss                emXGUI100_MDK_M3.lib(gl_cursor.o)
    0x2000c860        -       0x00000074   Zero   RW         2711    .bss                emXGUI100_MDK_M3.lib(gl_ext_lcd_16bit.o)
    0x2000c8d4   COMPRESSED   0x00000004   PAD
    0x2000c8d8        -       0x00000200   Zero   RW            2    HEAP                startup_stm32f10x_hd.o
    0x2000cad8        -       0x00000400   Zero   RW            1    STACK               startup_stm32f10x_hd.o



  Load Region LR$$.ARM.__AT_0x68000000 (Base: 0x68000000, Size: 0x00000000, Max: 0x00100000, ABSOLUTE)

    Execution Region ER$$.ARM.__AT_0x68000000 (Exec base: 0x68000000, Load base: 0x68000000, Size: 0x00100000, Max: 0x00100000, ABSOLUTE, UNINIT)

    Exec Addr    Load Addr    Size         Type   Attr      Idx    E Section Name        Object

    0x68000000        -       0x00100000   Zero   RW         1388    .ARM.__AT_0x68000000  gui_mem_port.o


==============================================================================

Image component sizes


      Code (inc. data)   RO Data    RW Data    ZI Data      Debug   Object Name

         0          0      40376          0          0        536   ascii_24_4bpp.o
      4004       1824        691         24        511       6515   backend_res_writer.o
         6          0       9934          0          0       1091   boot_logo.o
      1276         72          0          4          0       7880   bsp_flash_spi.o
       396         18          0          0          0       1175   bsp_fsmc.o
      1024          6          0          0          0       4439   bsp_i2c_touch.o
        96          8          0          0          0       1151   bsp_key.o
        96          4          0          0          0        562   bsp_led.o
      5016         96          0         20        204      25100   bsp_sdio_sdcard.o
       344          8          0          0          0       2572   bsp_usart.o
       164         18     176320          0          0       1957   cc936.o
      3300         32         32          0          0      19092   clistmenu.o
         0          0          0          0          0       4508   core_cm3.o
       112         18          0          0          0        982   core_delay.o
       352          8          0          0          0     214751   diskio.o
         0          0          0          0          0       9452   event_groups.o
     10644        114         58         12          0      40512   ff.o
      2588        974        429         49          0      10781   gt9xx.o
         4          0          0          0          0      28884   gui_arch.o
       856        104        230        348          0       4678   gui_board_app_desktop.o
      1192        334         78         16         24       3536   gui_boot_interface_dialog.o
       972        106        660          8          0       3350   gui_demo_slidewindow.o
      1128        222          0          4          0       2341   gui_desktop.o
       472        174          0         24          0       3643   gui_font_port.o
       296        184          0          0       4144        954   gui_fs_port.o
        20          0          0          0          0       2132   gui_gpu.o
        32          6          0          4          0       1413   gui_input_port.o
       180         38          0          0          0       1403   gui_lcd_port.o
        12          0          0          0          0        658   gui_log_port.o
       248        108          0          4    1048604       2744   gui_mem_port.o
      1956        300       1056         16          0      19794   gui_res_writer_dialog.o
       392          4          0          4          0       3916   gui_resource_port.o
       520        334          0          0          0       1438   gui_startup.o
       108          6          0          4          0       1519   gui_touch_port.o
       532         66          0         24      32768       3508   heap_4.o
       136          0          0          0          0       1910   list.o
       220         96          0          0          0       9911   main.o
       184         12          0          0          0       2001   misc.o
      6748         20          0          0          0      48540   nt35510_16bit.o
       688         26          0          8          0      32239   oem_button.o
       540         30          0          8          0       2421   oem_checkbox.o
       492         22          0          8          0       2353   oem_groupbox.o
       592         16          0          8          0       2420   oem_listbox.o
       924         26          0          8          0       3940   oem_progressbar.o
       496         24          0          8          0       2465   oem_radiobox.o
      1376         20          0          8          0       4506   oem_scrollbar.o
       344         28          0          8          0       2096   oem_textbox.o
       642         90          0         12          0       7763   port.o
      2484         58          0          0         80      16878   queue.o
        36          8        304          0       1536        880   startup_stm32f10x_hd.o
       488         10          0          0          0       4870   stm32f10x_dma.o
       236         10          0          0          0       2491   stm32f10x_exti.o
      1206         10          0          0          0       6079   stm32f10x_fsmc.o
       664         36          0          0          0       6285   stm32f10x_gpio.o
        52         14          0          0          0       1159   stm32f10x_it.o
       756         32          0         20          0       9440   stm32f10x_rcc.o
       432         20          0          0          0       7364   stm32f10x_sdio.o
       692         12          0          0          0       7218   stm32f10x_spi.o
       924         20          0          0          0       9248   stm32f10x_usart.o
       372         34          0         20          0     266407   system_stm32f10x.o
      4404        152          0         60        740      30305   tasks.o
       272         52          0          0          0       3704   x_gui_freertos.o
      1092          0          0          0          0      43806   x_obj.o

    ----------------------------------------------------------------------
     65836       6064     230212        744    1088612     977666   Object Totals
         0          0         32          0          0          0   (incl. Generated)
         6          0         12          3          1          0   (incl. Padding)

    ----------------------------------------------------------------------

      Code (inc. data)   RO Data    RW Data    ZI Data      Debug   Library Member Name

      1348         10          0          0          0        436   gd_arc.o
       628          6          0          0          0        376   gd_circle.o
      2946         12         68          0          0       1244   gd_line.o
       754          0          0          0          0        596   gd_pixel.o
       782          0          0          0          0        220   gd_polygon.o
      2272          6          0          0          0       1076   gd_rect.o
      1034          0          0          0          0        308   gd_text.o
       132          8          0          0          0        100   gl_bitblt.o
       868         68        320         24         32        652   gl_cursor.o
      6170        152         20          0        116       2756   gl_ext_lcd_16bit.o
      5994        148         20          0          0       2896   gl_mem_16bpp.o
      5994        146         20          0          0       2896   gl_mem_32bpp.o
      4350        140          0          0          0       2688   gl_mem_8bpp.o
       798         26          0          0          0        496   gui_aa_core.o
      2786         40          0          0          0        100   gui_bitmap.o
       300          0          0          0          0        112   gui_blt.o
       202          0          0          0          0        316   gui_core.o
       140         10          0          0          0        376   gui_cursor.o
      1398         18          0          0          0        392   gui_face.o
       620         32          0          0          0        808   gui_font.o
       518          4         20          0          0        508   gui_font_xft.o
       674          4         20          0          0        672   gui_font_xft_ex.o
       872         36          0          0          0       1732   gui_gdi.o
      2740          6          0          0          0        440   gui_imagebmp.o
      1424         58          0         52        256        568   gui_input.o
      1378         40          0          0          0       1424   gui_libc.o
      1896          0          0          0          0       1404   gui_message.o
      1950          0          0          0          0       1900   gui_region.o
        32         16      27692          0          0        272   gui_resource.o
       770         10          0          0          0        660   gui_timer.o
        52          4        168          0          0         80   gui_widget.o
     10192        192          0         16          0       6308   gui_window.o
       346          6         52          0          0        988   surface_argb4444.o
       224          6         52          0          0        772   surface_argb8888.o
       238          6         52          0          0        772   surface_rgb332.o
       264          6         52          0          0        784   surface_rgb565.o
       200          6         52          0          0        772   surface_xrgb8888.o
      1084          0         32          0          0        224   widget_button2.o
       242          0         32          0          0        116   widget_groupbox2.o
      3170         10         32          0          0        644   widget_listbox2.o
       412          0         32          0          0        128   widget_progressbar2.o
      2372          0         32          0          0        480   widget_scrollbar2.o
       366          0         32          0          0        120   widget_textbox2.o
      1000        268          0         40      10588        844   x_gui.o
     12808        174        660       1024          0       2648   lodepng.o
       244          6          0          0          0        476   lodepng_app.o
       220         16          0          0          0         84   ceil.o
       156          8          0          0          0        104   cos.o
       252         22         48          0          0        124   cos_i.o
        34          6          0          0          0        204   dunder.o
       220         16          0          0          0         84   floor.o
        40          0          0          0          0         68   fpclassify.o
       170          0          0          0          0         96   poly.o
       904         76        200          0          0        140   rred.o
       160         10          0          0          0        108   sin.o
       236         12         40          0          0        128   sin_i.o
        86          0          0          0          0          0   __dczerorl2.o
        28          0          0          0          0         68   _chval.o
       158          0          0          0          0         92   _strtoul.o
        26          0          0          0          0         80   atoi.o
         8          4        133          0          0         68   ctype_o.o
         0          0          0          0          0          0   entry.o
         0          0          0          0          0          0   entry10a.o
         0          0          0          0          0          0   entry11a.o
         8          4          0          0          0          0   entry2.o
         4          0          0          0          0          0   entry5.o
         0          0          0          0          0          0   entry7b.o
         0          0          0          0          0          0   entry8b.o
         8          4          0          0          0          0   entry9a.o
        20         10          0          4          0        136   errno.o
        30          0          0          0          0          0   handlers.o
        36          8          0          0          0         68   init.o
         0          0          0          0          0          0   iusefp.o
        30          0          0          0          0         68   llshl.o
        36          0          0          0          0         68   llsshr.o
        32          0          0          0          0         68   llushr.o
       188         20          0          0          0        160   malloc.o
        26          0          0          0          0         80   memcmp.o
        40          0          0          0          0         76   memcpy.o
        36          0          0          0          0        108   memseta.o
         0          0          0          8          0          0   mvars.o
      1204         60          0          0          0        504   printf8.o
         0          0          0          4          0          0   stdout.o
        42          0          0          0          0         84   strcasecmp.o
        18          0          0          0          0         68   strcpy.o
        14          0          0          0          0         68   strlen.o
        32          0          0          0          0         68   strrchr.o
       112          0          0          0          0         88   strtol.o
        12          0          0          0          0         68   tolower.o
        98          0          0          0          0         92   uldiv.o
        48          0          0          0          0         68   cdcmple.o
        48          0          0          0          0         68   cdrcmple.o
        20          0          0          0          0         68   cfcmple.o
        20          0          0          0          0         68   cfrcmple.o
        56          0          0          0          0         88   d2f.o
       334          0          0          0          0        148   dadd.o
       222          0          0          0          0        100   ddiv.o
       186          0          0          0          0        176   depilogue.o
        62          0          0          0          0         80   dfixi.o
        50          0          0          0          0         76   dfixui.o
        34          0          0          0          0         76   dflti.o
        26          0          0          0          0         76   dfltui.o
       228          0          0          0          0         96   dmul.o
        46          0          0          0          0         80   dscalb.o
        38          0          0          0          0         68   f2d.o
       176          0          0          0          0        140   fadd.o
       124          0          0          0          0         88   fdiv.o
       110          0          0          0          0        168   fepilogue.o
        50          0          0          0          0         68   ffixi.o
        40          0          0          0          0         68   ffixui.o
        18          0          0          0          0         68   fflti.o
       100          0          0          0          0         76   fmul.o
        24          0          0          0          0         68   fscalb.o
       556          0          0          0          0        312   x_heap.o
       104          6        152          0          0         84   x_stdlib.o
       304          0          0          0          0        228   x_string.o
      1202         32        160          0          0        416   x_wstring.o

    ----------------------------------------------------------------------
     94008       1994      30204       1172      11000      51020   Library Totals
        74          0         11          0          8          0   (incl. Padding)

    ----------------------------------------------------------------------

      Code (inc. data)   RO Data    RW Data    ZI Data      Debug   Library Name

     71932       1500      28800        132      10992      41456   emXGUI100_MDK_M3.lib
     13052        180        660       1024          0       3124   libpng_MDK_CM3.lib
      2392        166        288          0          0       1140   m_ws.l
      2332        110        133         16          0       2180   mc_w.l
      2060          0          0          0          0       2080   mf_w.l
      2166         38        312          0          0       1040   x_libc_MDK_M3.lib

    ----------------------------------------------------------------------
     94008       1994      30204       1172      11000      51020   Library Totals

    ----------------------------------------------------------------------

==============================================================================


      Code (inc. data)   RO Data    RW Data    ZI Data      Debug   

    159844       8058     260416       1916    1099612     992622   Grand Totals
    159844       8058     260416       1252    1099612     992622   ELF Image Totals (compressed)
    159844       8058     260416       1252          0          0   ROM Totals

==============================================================================

    Total RO  Size (Code + RO Data)               420260 ( 410.41kB)
    Total RW  Size (RW Data + ZI Data)           1101528 (1075.71kB)
    Total ROM Size (Code + RO Data + RW Data)     421512 ( 411.63kB)

==============================================================================

