Component: ARM Compiler 5.06 update 6 (build 750) Tool: armlink [4d35ed]

==============================================================================

Section Cross References

    startup_stm32f10x_hd.o(RESET) refers to startup_stm32f10x_hd.o(STACK) for __initial_sp
    startup_stm32f10x_hd.o(RESET) refers to startup_stm32f10x_hd.o(.text) for Reset_Handler
    startup_stm32f10x_hd.o(RESET) refers to stm32f10x_it.o(.text) for NMI_Handler
    startup_stm32f10x_hd.o(RESET) refers to port.o(.emb_text) for SVC_Handler
    startup_stm32f10x_hd.o(RESET) refers to bsp_sdio_sdcard.o(.text) for SDIO_IRQHandler
    startup_stm32f10x_hd.o(.text) refers to system_stm32f10x.o(.text) for SystemInit
    startup_stm32f10x_hd.o(.text) refers to entry.o(.ARM.Collect$$$$00000000) for __main
    system_stm32f10x.o(.text) refers to system_stm32f10x.o(.data) for .data
    stm32f10x_adc.o(.text) refers to stm32f10x_rcc.o(.text) for RCC_APB2PeriphResetCmd
    stm32f10x_bkp.o(.text) refers to stm32f10x_rcc.o(.text) for RCC_BackupResetCmd
    stm32f10x_can.o(.text) refers to stm32f10x_rcc.o(.text) for RCC_APB1PeriphResetCmd
    stm32f10x_cec.o(.text) refers to stm32f10x_rcc.o(.text) for RCC_APB1PeriphResetCmd
    stm32f10x_dac.o(.text) refers to stm32f10x_rcc.o(.text) for RCC_APB1PeriphResetCmd
    stm32f10x_gpio.o(.text) refers to stm32f10x_rcc.o(.text) for RCC_APB2PeriphResetCmd
    stm32f10x_i2c.o(.text) refers to stm32f10x_rcc.o(.text) for RCC_APB1PeriphResetCmd
    stm32f10x_pwr.o(.text) refers to stm32f10x_rcc.o(.text) for RCC_APB1PeriphResetCmd
    stm32f10x_rcc.o(.text) refers to stm32f10x_rcc.o(.data) for .data
    stm32f10x_spi.o(.text) refers to stm32f10x_rcc.o(.text) for RCC_APB2PeriphResetCmd
    stm32f10x_tim.o(.text) refers to stm32f10x_rcc.o(.text) for RCC_APB2PeriphResetCmd
    stm32f10x_usart.o(.text) refers to stm32f10x_rcc.o(.text) for RCC_APB2PeriphResetCmd
    stm32f10x_wwdg.o(.text) refers to stm32f10x_rcc.o(.text) for RCC_APB1PeriphResetCmd
    main.o(.text) refers to printf8.o(i.__0printf$8) for __2printf
    main.o(.text) refers to gui_startup.o(.text) for GUI_Startup
    main.o(.text) refers to tasks.o(.text) for vTaskDelay
    main.o(.text) refers to bsp_led.o(.text) for LED_GPIO_Config
    main.o(.text) refers to bsp_usart.o(.text) for Debug_USART_Config
    main.o(.text) refers to bsp_fsmc.o(.text) for FSMC_Init
    main.o(.text) refers to bsp_key.o(.text) for Key_GPIO_Config
    stm32f10x_it.o(.text) refers to printf8.o(i.__0printf$8) for __2printf
    stm32f10x_it.o(.text) refers to tasks.o(.text) for xTaskGetSchedulerState
    stm32f10x_it.o(.text) refers to port.o(.text) for xPortSysTickHandler
    bsp_usart.o(.text) refers to stm32f10x_rcc.o(.text) for RCC_APB2PeriphClockCmd
    bsp_usart.o(.text) refers to stm32f10x_gpio.o(.text) for GPIO_Init
    bsp_usart.o(.text) refers to stm32f10x_usart.o(.text) for USART_Init
    bsp_flash_spi.o(.text) refers to printf8.o(i.__0printf$8) for __2printf
    bsp_flash_spi.o(.text) refers to stm32f10x_spi.o(.text) for SPI_I2S_GetFlagStatus
    bsp_flash_spi.o(.text) refers to stm32f10x_gpio.o(.text) for GPIO_ResetBits
    bsp_flash_spi.o(.text) refers to stm32f10x_rcc.o(.text) for RCC_APB2PeriphClockCmd
    bsp_flash_spi.o(.text) refers to bsp_flash_spi.o(.data) for .data
    bsp_led.o(.text) refers to stm32f10x_rcc.o(.text) for RCC_APB2PeriphClockCmd
    bsp_led.o(.text) refers to stm32f10x_gpio.o(.text) for GPIO_Init
    bsp_key.o(.text) refers to stm32f10x_rcc.o(.text) for RCC_APB2PeriphClockCmd
    bsp_key.o(.text) refers to stm32f10x_gpio.o(.text) for GPIO_Init
    bsp_i2c_touch.o(.text) refers to stm32f10x_gpio.o(.text) for GPIO_Init
    bsp_i2c_touch.o(.text) refers to stm32f10x_exti.o(.text) for EXTI_Init
    bsp_i2c_touch.o(.text) refers to misc.o(.text) for NVIC_PriorityGroupConfig
    bsp_i2c_touch.o(.text) refers to stm32f10x_rcc.o(.text) for RCC_APB2PeriphClockCmd
    bsp_i2c_touch.o(.text) refers to core_delay.o(.text) for CPU_TS_Tmr_Delay_US
    core_delay.o(.text) refers to system_stm32f10x.o(.data) for SystemCoreClock
    bsp_sdio_sdcard.o(.text) refers to stm32f10x_sdio.o(.text) for SDIO_ClockCmd
    bsp_sdio_sdcard.o(.text) refers to stm32f10x_rcc.o(.text) for RCC_AHBPeriphClockCmd
    bsp_sdio_sdcard.o(.text) refers to stm32f10x_gpio.o(.text) for GPIO_Init
    bsp_sdio_sdcard.o(.text) refers to misc.o(.text) for NVIC_PriorityGroupConfig
    bsp_sdio_sdcard.o(.text) refers to stm32f10x_dma.o(.text) for DMA_GetFlagStatus
    bsp_sdio_sdcard.o(.text) refers to bsp_sdio_sdcard.o(.bss) for .bss
    bsp_sdio_sdcard.o(.text) refers to bsp_sdio_sdcard.o(.data) for .data
    bsp_fsmc.o(.text) refers to stm32f10x_rcc.o(.text) for RCC_AHBPeriphClockCmd
    bsp_fsmc.o(.text) refers to stm32f10x_gpio.o(.text) for GPIO_Init
    bsp_fsmc.o(.text) refers to stm32f10x_fsmc.o(.text) for FSMC_NORSRAMInit
    nt35510_16bit.o(.text) refers to stm32f10x_gpio.o(.text) for GPIO_SetBits
[...]
    0x08011d84   0x08011d84   0x0000002c   Code   RO         2020    i.CreateRectRgnIndirect  emXGUI100_MDK_M3.lib(gui_region.o)
    0x08011db0   0x08011db0   0x00000178   Code   RO         2420    i.CreateWindowEx    emXGUI100_MDK_M3.lib(gui_window.o)
    0x08011f28   0x08011f28   0x00000018   Code   RO         1847    i.CursorCheck       emXGUI100_MDK_M3.lib(gui_cursor.o)
    0x08011f40   0x08011f40   0x00000014   Code   RO         1848    i.CursorFix         emXGUI100_MDK_M3.lib(gui_cursor.o)
    0x08011f54   0x08011f54   0x00000020   Code   RO         1896    i.DC_Alloc          emXGUI100_MDK_M3.lib(gui_gdi.o)
    0x08011f74   0x08011f74   0x00000016   Code   RO         2421    i.DefDesktopProc    emXGUI100_MDK_M3.lib(gui_window.o)
    0x08011f8a   0x08011f8a   0x00000002   PAD
    0x08011f8c   0x08011f8c   0x000001e8   Code   RO         2422    i.DefWindowProc     emXGUI100_MDK_M3.lib(gui_window.o)
    0x08012174   0x08012174   0x0000005c   Code   RO         1900    i.DeleteDC          emXGUI100_MDK_M3.lib(gui_gdi.o)
    0x080121d0   0x080121d0   0x00000010   Code   RO         2021    i.DeleteRgn         emXGUI100_MDK_M3.lib(gui_region.o)
    0x080121e0   0x080121e0   0x000000a0   Code   RO         2423    i.DestroyWindow     emXGUI100_MDK_M3.lib(gui_window.o)
    0x08012280   0x08012280   0x00000028   Code   RO         2352    i.DispatchMessage   emXGUI100_MDK_M3.lib(gui_message.o)
    0x080122a8   0x080122a8   0x00000004   Code   RO         2266    i.Draw3DRect        emXGUI100_MDK_M3.lib(gd_rect.o)
    0x080122ac   0x080122ac   0x00000ae2   Code   RO         2159    i.DrawBitmap        emXGUI100_MDK_M3.lib(gui_bitmap.o)
    0x08012d8e   0x08012d8e   0x000000b2   Code   RO         2209    i.DrawCircle        emXGUI100_MDK_M3.lib(gd_circle.o)
    0x08012e40   0x08012e40   0x0000008c   Code   RO         2267    i.DrawRect          emXGUI100_MDK_M3.lib(gd_rect.o)
    0x08012ecc   0x08012ecc   0x000002a8   Code   RO         2268    i.DrawRoundRect     emXGUI100_MDK_M3.lib(gd_rect.o)
    0x08013174   0x08013174   0x00000346   Code   RO         2298    i.DrawTextEx        emXGUI100_MDK_M3.lib(gd_text.o)
    0x080134ba   0x080134ba   0x00000002   PAD
    0x080134bc   0x080134bc   0x000002f8   Code   RO         3051    i.DrawWindowNC      emXGUI100_MDK_M3.lib(gui_face.o)
    0x080137b4   0x080137b4   0x00000114   Code   RO         2669    i.EXT_LCD_CreateSurfaceRGB565  emXGUI100_MDK_M3.lib(gl_ext_lcd_16bit.o)
    0x080138c8   0x080138c8   0x0000005c   Code   RO         2307    i.EnableAntiAlias   emXGUI100_MDK_M3.lib(gui_aa_core.o)
    0x08013924   0x08013924   0x0000006e   Code   RO         2425    i.EnableWindow      emXGUI100_MDK_M3.lib(gui_window.o)
    0x08013992   0x08013992   0x0000002a   Code   RO         2146    i.EndDraw           emXGUI100_MDK_M3.lib(gui_core.o)
    0x080139bc   0x080139bc   0x0000020a   Code   RO         2426    i.EndPaint          emXGUI100_MDK_M3.lib(gui_window.o)
    0x08013bc6   0x08013bc6   0x00000004   Code   RO         2269    i.Fill3DRect        emXGUI100_MDK_M3.lib(gd_rect.o)
    0x08013bca   0x08013bca   0x000000a8   Code   RO         2885    i.FillArc           emXGUI100_MDK_M3.lib(gd_arc.o)
    0x08013c72   0x08013c72   0x00000076   Code   RO         2211    i.FillCircle        emXGUI100_MDK_M3.lib(gd_circle.o)
    0x08013ce8   0x08013ce8   0x000000ca   Code   RO         2918    i.FillPolygon       emXGUI100_MDK_M3.lib(gd_polygon.o)
    0x08013db2   0x08013db2   0x0000002a   Code   RO         2270    i.FillRect          emXGUI100_MDK_M3.lib(gd_rect.o)
    0x08013ddc   0x08013ddc   0x00000092   Code   RO         2271    i.FillRoundRect     emXGUI100_MDK_M3.lib(gd_rect.o)
    0x08013e6e   0x08013e6e   0x00000004   Code   RO         1903    i.GDI_Init          emXGUI100_MDK_M3.lib(gui_gdi.o)
    0x08013e72   0x08013e72   0x00000084   Code   RO         3249    i.GL_BitBlt         emXGUI100_MDK_M3.lib(gl_bitblt.o)
    0x08013ef6   0x08013ef6   0x00000002   PAD
    0x08013ef8   0x08013ef8   0x00000038   Code   RO         2648    i.GL_CursorCheck    emXGUI100_MDK_M3.lib(gl_cursor.o)
    0x08013f30   0x08013f30   0x0000002c   Code   RO         2649    i.GL_CursorFix      emXGUI100_MDK_M3.lib(gl_cursor.o)
    0x08013f5c   0x08013f5c   0x000000fc   Code   RO         2650    i.GL_CursorInit     emXGUI100_MDK_M3.lib(gl_cursor.o)
    0x08014058   0x08014058   0x00000190   Code   RO         2886    i.GL_DrawArc        emXGUI100_MDK_M3.lib(gd_arc.o)
    0x080141e8   0x080141e8   0x00000018   Code   RO         2651    i.GL_GetCursorPos   emXGUI100_MDK_M3.lib(gl_cursor.o)
    0x08014200   0x08014200   0x000000e4   Code   RO         3125    i.GL_MEM_16BPP_Init  emXGUI100_MDK_M3.lib(gl_mem_16bpp.o)
    0x080142e4   0x080142e4   0x000000e4   Code   RO         3186    i.GL_MEM_32BPP_Init  emXGUI100_MDK_M3.lib(gl_mem_32bpp.o)
    0x080143c8   0x080143c8   0x000000e4   Code   RO         3065    i.GL_MEM_8BPP_Init  emXGUI100_MDK_M3.lib(gl_mem_8bpp.o)
    0x080144ac   0x080144ac   0x0000006c   Code   RO         2653    i.GL_SetCursorPos   emXGUI100_MDK_M3.lib(gl_cursor.o)
    0x08014518   0x08014518   0x00000034   Code   RO         2654    i.GL_ShowCursor     emXGUI100_MDK_M3.lib(gl_cursor.o)
    0x0801454c   0x0801454c   0x0000006c   Code   RO         2308    i.GUI_AA_Begin      emXGUI100_MDK_M3.lib(gui_aa_core.o)
    0x080145b8   0x080145b8   0x0000003c   Code   RO         2309    i.GUI_AA_End        emXGUI100_MDK_M3.lib(gui_aa_core.o)
    0x080145f4   0x080145f4   0x00000046   Code   RO         2838    i.GUI_AlphaBlendColor  emXGUI100_MDK_M3.lib(gui_libc.o)
    0x0801463a   0x0801463a   0x0000000c   Code   RO         2839    i.GUI_AlphaBlendValue  emXGUI100_MDK_M3.lib(gui_libc.o)
    0x08014646   0x08014646   0x00000002   PAD
    0x08014648   0x08014648   0x0000001c   Code   RO         2330    i.GUI_ClrInputWindow  emXGUI100_MDK_M3.lib(gui_input.o)
    0x08014664   0x08014664   0x000000e8   Code   RO         2427    i.GUI_CreateDesktop  emXGUI100_MDK_M3.lib(gui_window.o)
    0x0801474c   0x0801474c   0x000000c8   Code   RO         2353    i.GUI_CreateMsgQ    emXGUI100_MDK_M3.lib(gui_message.o)
    0x08014814   0x08014814   0x00000160   Code   RO         2114    i.GUI_CreateSurface  emXGUI100_MDK_M3.lib(x_gui.o)
    0x08014974   0x08014974   0x00000092   Code   RO         2354    i.GUI_DeleteMsgQ    emXGUI100_MDK_M3.lib(gui_message.o)
    0x08014a06   0x08014a06   0x00000024   Code   RO         2115    i.GUI_DeleteSurface  emXGUI100_MDK_M3.lib(x_gui.o)
    0x08014a2a   0x08014a2a   0x00000002   PAD
    0x08014a2c   0x08014a2c   0x00000034   Code   RO         3059    i.GUI_FindClass     emXGUI100_MDK_M3.lib(gui_widget.o)
    0x08014a60   0x08014a60   0x0000004c   Code   RO         2331    i.GUI_Input_Init    emXGUI100_MDK_M3.lib(gui_input.o)
    0x08014aac   0x08014aac   0x0000005c   Code   RO         2394    i.GUI_KillWindowTimers  emXGUI100_MDK_M3.lib(gui_timer.o)
    0x08014b08   0x08014b08   0x0000001c   Code   RO         2116    i.GUI_Lock          emXGUI100_MDK_M3.lib(x_gui.o)
    0x08014b24   0x08014b24   0x000000a2   Code   RO         2841    i.GUI_MakeBilinearARGB8888ii  emXGUI100_MDK_M3.lib(gui_libc.o)
    0x08014bc6   0x08014bc6   0x0000007e   Code   RO         2843    i.GUI_MakeBilinearXRGB8888ii  emXGUI100_MDK_M3.lib(gui_libc.o)
    0x08014c44   0x08014c44   0x00000004   Code   RO         2355    i.GUI_Message_Init  emXGUI100_MDK_M3.lib(gui_message.o)
    0x08014c48   0x08014c48   0x0000005c   Code   RO         2117    i.GUI_RectLL_Alloc  emXGUI100_MDK_M3.lib(x_gui.o)
    0x08014ca4   0x08014ca4   0x00000058   Code   RO         2118    i.GUI_RectLL_Free   emXGUI100_MDK_M3.lib(x_gui.o)
    0x08014cfc   0x08014cfc   0x000000b8   Code   RO         2356    i.GUI_RemoveWindowMessage  emXGUI100_MDK_M3.lib(gui_message.o)
    0x08014db4   0x08014db4   0x0000000c   Code   RO         2119    i.GUI_SetDefFont    emXGUI100_MDK_M3.lib(x_gui.o)
    0x08014dc0   0x08014dc0   0x0000000c   Code   RO         2121    i.GUI_SetScreenSurface  emXGUI100_MDK_M3.lib(x_gui.o)
    0x08014dcc   0x08014dcc   0x00000030   Code   RO         2395    i.GUI_TimerFromId   emXGUI100_MDK_M3.lib(gui_timer.o)
    0x08014dfc   0x08014dfc   0x00000096   Code   RO         2396    i.GUI_TimerHandler  emXGUI100_MDK_M3.lib(gui_timer.o)
    0x08014e92   0x08014e92   0x00000034   Code   RO         2397    i.GUI_TimerSetInterval  emXGUI100_MDK_M3.lib(gui_timer.o)
    0x08014ec6   0x08014ec6   0x0000003e   Code   RO         2398    i.GUI_TimerStart    emXGUI100_MDK_M3.lib(gui_timer.o)
    0x08014f04   0x08014f04   0x00000002   Code   RO         2399    i.GUI_Timer_Init    emXGUI100_MDK_M3.lib(gui_timer.o)
    0x08014f06   0x08014f06   0x00000002   PAD
    0x08014f08   0x08014f08   0x00000020   Code   RO         2122    i.GUI_Unlock        emXGUI100_MDK_M3.lib(x_gui.o)
    0x08014f28   0x08014f28   0x00000014   Code   RO         2429    i.GUI_Window_Init   emXGUI100_MDK_M3.lib(gui_window.o)
    0x08014f3c   0x08014f3c   0x00000008   Code   RO         2844    i.GUI_abs           emXGUI100_MDK_M3.lib(gui_libc.o)
    0x08014f44   0x08014f44   0x0000006c   Code   RO         2847    i.GUI_memset16      emXGUI100_MDK_M3.lib(gui_libc.o)
    0x08014fb0   0x08014fb0   0x00000084   Code   RO         2848    i.GUI_memset16_step  emXGUI100_MDK_M3.lib(gui_libc.o)
    0x08015034   0x08015034   0x0000006c   Code   RO         2849    i.GUI_memset32      emXGUI100_MDK_M3.lib(gui_libc.o)
    0x080150a0   0x080150a0   0x00000084   Code   RO         2850    i.GUI_memset32_step  emXGUI100_MDK_M3.lib(gui_libc.o)
    0x08015124   0x08015124   0x0000000a   Code   RO         2851    i.GUI_memset8       emXGUI100_MDK_M3.lib(gui_libc.o)
    0x0801512e   0x0801512e   0x00000074   Code   RO         2852    i.GUI_memset8_step  emXGUI100_MDK_M3.lib(gui_libc.o)
    0x080151a2   0x080151a2   0x00000040   Code   RO         2853    i.GUI_wstr_alloc    emXGUI100_MDK_M3.lib(gui_libc.o)
    0x080151e2   0x080151e2   0x00000004   Code   RO         2854    i.GUI_wstr_free     emXGUI100_MDK_M3.lib(gui_libc.o)
    0x080151e6   0x080151e6   0x00000016   Code   RO         2855    i.GUI_wstrchr       emXGUI100_MDK_M3.lib(gui_libc.o)
    0x080151fc   0x080151fc   0x00000012   Code   RO         2856    i.GUI_wstrlen       emXGUI100_MDK_M3.lib(gui_libc.o)
    0x0801520e   0x0801520e   0x0000004a   Code   RO         2857    i.GUI_wstrncasecmp  emXGUI100_MDK_M3.lib(gui_libc.o)
    0x08015258   0x08015258   0x00000022   Code   RO         2858    i.GUI_wstrncpy      emXGUI100_MDK_M3.lib(gui_libc.o)
    0x0801527a   0x0801527a   0x00000004   Code   RO         1905    i.GetBrushColor     emXGUI100_MDK_M3.lib(gui_gdi.o)
    0x0801527e   0x0801527e   0x00000002   PAD
    0x08015280   0x08015280   0x00000018   Code   RO         2430    i.GetCapture        emXGUI100_MDK_M3.lib(gui_window.o)
    0x08015298   0x08015298   0x0000002a   Code   RO         2431    i.GetClientRect     emXGUI100_MDK_M3.lib(gui_window.o)
    0x080152c2   0x080152c2   0x0000002c   Code   RO         2432    i.GetClientRectToScreen  emXGUI100_MDK_M3.lib(gui_window.o)
    0x080152ee   0x080152ee   0x0000002c   Code   RO         1850    i.GetCursorPos      emXGUI100_MDK_M3.lib(gui_cursor.o)
    0x0801531a   0x0801531a   0x00000002   PAD
    0x0801531c   0x0801531c   0x000001c4   Code   RO         2434    i.GetDCEx           emXGUI100_MDK_M3.lib(gui_window.o)
    0x080154e0   0x080154e0   0x00000018   Code   RO         2435    i.GetDesktopWindow  emXGUI100_MDK_M3.lib(gui_window.o)
    0x080154f8   0x080154f8   0x00000034   Code   RO         2436    i.GetDlgItem        emXGUI100_MDK_M3.lib(gui_window.o)
    0x0801552c   0x0801552c   0x00000018   Code   RO         2437    i.GetFocus          emXGUI100_MDK_M3.lib(gui_window.o)
    0x08015544   0x08015544   0x00000006   Code   RO         1864    i.GetFont           emXGUI100_MDK_M3.lib(gui_font.o)
    0x0801554a   0x0801554a   0x00000002   PAD
    0x0801554c   0x0801554c   0x00000034   Code   RO         1865    i.GetFontAveHeight  emXGUI100_MDK_M3.lib(gui_font.o)
    0x08015580   0x08015580   0x00000018   Code   RO         2438    i.GetForegroundWindow  emXGUI100_MDK_M3.lib(gui_window.o)
    0x08015598   0x08015598   0x00000024   Code   RO         2333    i.GetKeyState       emXGUI100_MDK_M3.lib(gui_input.o)
    0x080155bc   0x080155bc   0x0000004a   Code   RO         2357    i.GetMessage        emXGUI100_MDK_M3.lib(gui_message.o)
    0x08015606   0x08015606   0x00000018   Code   RO         2439    i.GetParent         emXGUI100_MDK_M3.lib(gui_window.o)
    0x0801561e   0x0801561e   0x0000001c   Code   RO         1913    i.GetRGB            emXGUI100_MDK_M3.lib(gui_gdi.o)
    0x0801563a   0x0801563a   0x00000002   PAD
    0x0801563c   0x0801563c   0x0000001c   Code   RO         2123    i.GetSystemMetrics  emXGUI100_MDK_M3.lib(x_gui.o)
    0x08015658   0x08015658   0x000000ae   Code   RO         1867    i.GetTextExtent     emXGUI100_MDK_M3.lib(gui_font.o)
    0x08015706   0x08015706   0x00000092   Code   RO         1868    i.GetTextWidth      emXGUI100_MDK_M3.lib(gui_font.o)
    0x08015798   0x08015798   0x00000022   Code   RO         2440    i.GetWindow         emXGUI100_MDK_M3.lib(gui_window.o)
    0x080157ba   0x080157ba   0x00000008   Code   RO         2441    i.GetWindowDC       emXGUI100_MDK_M3.lib(gui_window.o)
    0x080157c2   0x080157c2   0x00000002   PAD
    0x080157c4   0x080157c4   0x00000038   Code   RO         2444    i.GetWindowFromPoint  emXGUI100_MDK_M3.lib(gui_window.o)
    0x080157fc   0x080157fc   0x0000004a   Code   RO         2445    i.GetWindowLong     emXGUI100_MDK_M3.lib(gui_window.o)
    0x08015846   0x08015846   0x00000004   Code   RO         2446    i.GetWindowMsgQ     emXGUI100_MDK_M3.lib(gui_window.o)
    0x0801584a   0x0801584a   0x0000002c   Code   RO         2448    i.GetWindowRect     emXGUI100_MDK_M3.lib(gui_window.o)
    0x08015876   0x08015876   0x00000010   Code   RO         2449    i.GetWindowText     emXGUI100_MDK_M3.lib(gui_window.o)
    0x08015886   0x08015886   0x00000180   Code   RO         2272    i.GradientFillRect  emXGUI100_MDK_M3.lib(gd_rect.o)
    0x08015a06   0x08015a06   0x00000004   Code   RO         1916    i.HDC_Lock          emXGUI100_MDK_M3.lib(gui_gdi.o)
    0x08015a0a   0x08015a0a   0x00000002   Code   RO         1917    i.HDC_Unlock        emXGUI100_MDK_M3.lib(gui_gdi.o)
    0x08015a0c   0x08015a0c   0x00000064   Code   RO         2235    i.HLine             emXGUI100_MDK_M3.lib(gd_line.o)
    0x08015a70   0x08015a70   0x00000044   Code   RO         3278    i.HuffmanTree_makeFromLengths  libpng_MDK_CM3.lib(lodepng.o)
    0x08015ab4   0x08015ab4   0x00000202   Code   RO         3279    i.HuffmanTree_makeFromLengths2  libpng_MDK_CM3.lib(lodepng.o)
    0x08015cb6   0x08015cb6   0x00000026   Code   RO         2023    i.InflateRect       emXGUI100_MDK_M3.lib(gui_region.o)
    0x08015cdc   0x08015cdc   0x0000002e   Code   RO         2024    i.InflateRectEx     emXGUI100_MDK_M3.lib(gui_region.o)
    0x08015d0a   0x08015d0a   0x00000002   PAD
    0x08015d0c   0x08015d0c   0x000000f0   Code   RO         1918    i.InitDC            emXGUI100_MDK_M3.lib(gui_gdi.o)
    0x08015dfc   0x08015dfc   0x0000010c   Code   RO         2025    i.InsertRECT_LL     emXGUI100_MDK_M3.lib(gui_region.o)
    0x08015f08   0x08015f08   0x0000007c   Code   RO         2026    i.IntersectRect     emXGUI100_MDK_M3.lib(gui_region.o)
    0x08015f84   0x08015f84   0x0000012e   Code   RO         2451    i.InvalidateRect    emXGUI100_MDK_M3.lib(gui_window.o)
    0x080160b2   0x080160b2   0x0000003c   Code   RO         2027    i.IsCoveredRect     emXGUI100_MDK_M3.lib(gui_region.o)
    0x080160ee   0x080160ee   0x0000000c   Code   RO         1919    i.IsEnableAlpha     emXGUI100_MDK_M3.lib(gui_gdi.o)
    0x080160fa   0x080160fa   0x00000020   Code   RO         2452    i.IsEnableDragWindow  emXGUI100_MDK_M3.lib(gui_window.o)
    0x0801611a   0x0801611a   0x00000002   PAD
    0x0801611c   0x0801611c   0x00000018   Code   RO         2453    i.IsHWND            emXGUI100_MDK_M3.lib(gui_window.o)
    0x08016134   0x08016134   0x00000012   Code   RO         2029    i.IsIntersectRect   emXGUI100_MDK_M3.lib(gui_region.o)
    0x08016146   0x08016146   0x0000000c   Code   RO         1920    i.IsMemDC           emXGUI100_MDK_M3.lib(gui_gdi.o)
    0x08016152   0x08016152   0x00000018   Code   RO         2030    i.IsRectEmpty       emXGUI100_MDK_M3.lib(gui_region.o)
    0x0801616a   0x0801616a   0x00000036   Code   RO         2454    i.IsWindowEnabled   emXGUI100_MDK_M3.lib(gui_window.o)
    0x080161a0   0x080161a0   0x0000006e   Code   RO         3280    i.LodePNGIText_cleanup  libpng_MDK_CM3.lib(lodepng.o)
    0x0801620e   0x0801620e   0x00000070   Code   RO         2031    i.MakeMatrixRect    emXGUI100_MDK_M3.lib(gui_region.o)
    0x0801627e   0x0801627e   0x00000148   Code   RO         2032    i.MakeProgressRect  emXGUI100_MDK_M3.lib(gui_region.o)
    0x080163c6   0x080163c6   0x0000001c   Code   RO         1924    i.MapARGB           emXGUI100_MDK_M3.lib(gui_gdi.o)
    0x080163e2   0x080163e2   0x0000000a   Code   RO         1927    i.MapARGB8888       emXGUI100_MDK_M3.lib(gui_gdi.o)
    0x080163ec   0x080163ec   0x00000018   Code   RO         1928    i.MapRGB            emXGUI100_MDK_M3.lib(gui_gdi.o)
    0x08016404   0x08016404   0x0000000a   Code   RO         1933    i.MapXRGB8888       emXGUI100_MDK_M3.lib(gui_gdi.o)
    0x0801640e   0x0801640e   0x00000002   PAD
    0x08016410   0x08016410   0x00000280   Code   RO         2336    i.MouseEventHandler  emXGUI100_MDK_M3.lib(gui_input.o)
    0x08016690   0x08016690   0x000000d4   Code   RO         2337    i.MouseInput        emXGUI100_MDK_M3.lib(gui_input.o)
    0x08016764   0x08016764   0x000001b0   Code   RO         2338    i.MouseInputHandler  emXGUI100_MDK_M3.lib(gui_input.o)
    0x08016914   0x08016914   0x00000024   Code   RO         2358    i.NotifyParent      emXGUI100_MDK_M3.lib(gui_message.o)
    0x08016938   0x08016938   0x0000002a   Code   RO         2359    i.NotifyParentEx    emXGUI100_MDK_M3.lib(gui_message.o)
    0x08016962   0x08016962   0x00000014   Code   RO         2033    i.OffsetRect        emXGUI100_MDK_M3.lib(gui_region.o)
    0x08016976   0x08016976   0x0000001a   Code   RO         2821    i.PNG_Close         libpng_MDK_CM3.lib(lodepng_app.o)
    0x08016990   0x08016990   0x00000026   Code   RO         2823    i.PNG_GetBitmap     libpng_MDK_CM3.lib(lodepng_app.o)
    0x080169b6   0x080169b6   0x00000002   PAD
    0x080169b8   0x080169b8   0x00000074   Code   RO         2824    i.PNG_Open          libpng_MDK_CM3.lib(lodepng_app.o)
    0x08016a2c   0x08016a2c   0x00000196   Code   RO         2360    i.PeekMessage       emXGUI100_MDK_M3.lib(gui_message.o)
    0x08016bc2   0x08016bc2   0x00000076   Code   RO         2238    i.PolyLine          emXGUI100_MDK_M3.lib(gd_line.o)
    0x08016c38   0x08016c38   0x0000003a   Code   RO         2362    i.PostCloseMessage  emXGUI100_MDK_M3.lib(gui_message.o)
    0x08016c72   0x08016c72   0x00000130   Code   RO         2363    i.PostMessage       emXGUI100_MDK_M3.lib(gui_message.o)
    0x08016da2   0x08016da2   0x00000036   Code   RO         2364    i.PostQuitMessage   emXGUI100_MDK_M3.lib(gui_message.o)
    0x08016dd8   0x08016dd8   0x0000000e   Code   RO         2035    i.PtInRect          emXGUI100_MDK_M3.lib(gui_region.o)
    0x08016de6   0x08016de6   0x00000004   Code   RO         2037    i.RECT_LLAddRect    emXGUI100_MDK_M3.lib(gui_region.o)
    0x08016dea   0x08016dea   0x00000030   Code   RO         2148    i.RGB32_AVG         emXGUI100_MDK_M3.lib(gui_core.o)
    0x08016e1a   0x08016e1a   0x00000044   Code   RO         2149    i.RGB32_Offset      emXGUI100_MDK_M3.lib(gui_core.o)
    0x08016e5e   0x08016e5e   0x000000ee   Code   RO         2041    i.RGN_SubtractRect  emXGUI100_MDK_M3.lib(gui_region.o)
    0x08016f4c   0x08016f4c   0x00000018   Code   RO         2458    i.ReleaseCapture    emXGUI100_MDK_M3.lib(gui_window.o)
    0x08016f64   0x08016f64   0x00000160   Code   RO         2459    i.ReleaseDC         emXGUI100_MDK_M3.lib(gui_window.o)
    0x080170c4   0x080170c4   0x00000028   Code   RO         2460    i.ScreenToClient    emXGUI100_MDK_M3.lib(gui_window.o)
    0x080170ec   0x080170ec   0x00000042   Code   RO         2461    i.ScreenToWindow    emXGUI100_MDK_M3.lib(gui_window.o)
    0x0801712e   0x0801712e   0x00000062   Code   RO         2365    i.SendMessage       emXGUI100_MDK_M3.lib(gui_message.o)
    0x08017190   0x08017190   0x00000008   Code   RO         1938    i.SetBrushColor     emXGUI100_MDK_M3.lib(gui_gdi.o)
    0x08017198   0x08017198   0x0000001c   Code   RO         2462    i.SetCapture        emXGUI100_MDK_M3.lib(gui_window.o)
    0x080171b4   0x080171b4   0x0000001c   Code   RO         1852    i.SetCursorPos      emXGUI100_MDK_M3.lib(gui_cursor.o)
    0x080171d0   0x080171d0   0x00000050   Code   RO         2463    i.SetFocus          emXGUI100_MDK_M3.lib(gui_window.o)
    0x08017220   0x08017220   0x00000028   Code   RO         1870    i.SetFont           emXGUI100_MDK_M3.lib(gui_font.o)
    0x08017248   0x08017248   0x00000150   Code   RO         2464    i.SetForegroundWindow  emXGUI100_MDK_M3.lib(gui_window.o)
    0x08017398   0x08017398   0x00000008   Code   RO         1942    i.SetPenColor       emXGUI100_MDK_M3.lib(gui_gdi.o)
    0x080173a0   0x080173a0   0x00000012   Code   RO         2050    i.SetRectEmpty      emXGUI100_MDK_M3.lib(gui_region.o)
    0x080173b2   0x080173b2   0x00000008   Code   RO         1946    i.SetTextColor      emXGUI100_MDK_M3.lib(gui_gdi.o)
    0x080173ba   0x080173ba   0x00000002   PAD
    0x080173bc   0x080173bc   0x000000d8   Code   RO         2402    i.SetTimer          emXGUI100_MDK_M3.lib(gui_timer.o)
    0x08017494   0x08017494   0x0000000a   Code   RO         2468    i.SetWindowFont     emXGUI100_MDK_M3.lib(gui_window.o)
    0x0801749e   0x0801749e   0x000000d8   Code   RO         2469    i.SetWindowLong     emXGUI100_MDK_M3.lib(gui_window.o)
    0x08017576   0x08017576   0x0000003e   Code   RO         2470    i.SetWindowPos      emXGUI100_MDK_M3.lib(gui_window.o)
    0x080175b4   0x080175b4   0x00000012   Code   RO         2472    i.SetWindowText     emXGUI100_MDK_M3.lib(gui_window.o)
    0x080175c6   0x080175c6   0x00000018   Code   RO         1853    i.ShowCursor        emXGUI100_MDK_M3.lib(gui_cursor.o)
    0x080175de   0x080175de   0x00000088   Code   RO         2474    i.ShowWindow        emXGUI100_MDK_M3.lib(gui_window.o)
    0x08017666   0x08017666   0x00000104   Code   RO         2053    i.SubtractRectEx    emXGUI100_MDK_M3.lib(gui_region.o)
    0x0801776a   0x0801776a   0x00000002   PAD
    0x0801776c   0x0801776c   0x00000020   Code   RO         2939    i.SurfaceInit_ARGB4444  emXGUI100_MDK_M3.lib(surface_argb4444.o)
    0x0801778c   0x0801778c   0x00000020   Code   RO         2955    i.SurfaceInit_ARGB8888  emXGUI100_MDK_M3.lib(surface_argb8888.o)
    0x080177ac   0x080177ac   0x00000020   Code   RO         2978    i.SurfaceInit_RGB332  emXGUI100_MDK_M3.lib(surface_rgb332.o)
    0x080177cc   0x080177cc   0x00000020   Code   RO         3001    i.SurfaceInit_RGB565  emXGUI100_MDK_M3.lib(surface_rgb565.o)
    0x080177ec   0x080177ec   0x00000020   Code   RO         3024    i.SurfaceInit_XRGB8888  emXGUI100_MDK_M3.lib(surface_xrgb8888.o)
    0x0801780c   0x0801780c   0x00000042   Code   RO         2300    i.TextOut           emXGUI100_MDK_M3.lib(gd_text.o)
    0x0801784e   0x0801784e   0x0000000a   Code   RO         1947    i.ToARGB            emXGUI100_MDK_M3.lib(gui_gdi.o)
    0x08017858   0x08017858   0x0000004c   Code   RO         2366    i.TranslateMessage  emXGUI100_MDK_M3.lib(gui_message.o)
    0x080178a4   0x080178a4   0x00000218   Code   RO         2475    i.UpdateWindow      emXGUI100_MDK_M3.lib(gui_window.o)
    0x08017abc   0x08017abc   0x00000064   Code   RO         2239    i.VLine             emXGUI100_MDK_M3.lib(gd_line.o)
    0x08017b20   0x08017b20   0x00000030   Code   RO         2478    i.WIN_Lock          emXGUI100_MDK_M3.lib(gui_window.o)
    0x08017b50   0x08017b50   0x00000016   Code   RO         2479    i.WIN_Unlock        emXGUI100_MDK_M3.lib(gui_window.o)
    0x08017b66   0x08017b66   0x00000042   Code   RO         2480    i.WindowToScreen    emXGUI100_MDK_M3.lib(gui_window.o)
    0x08017ba8   0x08017ba8   0x0000000c   Code   RO         2165    i.XFT_CreateFont    emXGUI100_MDK_M3.lib(gui_font_xft.o)
    0x08017bb4   0x08017bb4   0x00000018   Code   RO         2182    i.XFT_CreateFontEx  emXGUI100_MDK_M3.lib(gui_font_xft_ex.o)
    0x08017bcc   0x08017bcc   0x00000134   Code   RO         2126    i.X_GUI_Init        emXGUI100_MDK_M3.lib(x_gui.o)
    0x08017d00   0x08017d00   0x0000002a   Code   RO         2900    i.XorPixel          emXGUI100_MDK_M3.lib(gd_pixel.o)
    0x08017d2a   0x08017d2a   0x000000fe   Code   RO         2311    i._AA_HLine         emXGUI100_MDK_M3.lib(gui_aa_core.o)
    0x08017e28   0x08017e28   0x00000166   Code   RO         2481    i._CalculateWindowClipRgn  emXGUI100_MDK_M3.lib(gui_window.o)
    0x08017f8e   0x08017f8e   0x0000002c   Code   RO         2482    i._ClientToScreen   emXGUI100_MDK_M3.lib(gui_window.o)
    0x08017fba   0x08017fba   0x00000012   Code   RO         2056    i._CopyRect         emXGUI100_MDK_M3.lib(gui_region.o)
    0x08017fcc   0x08017fcc   0x000000b0   Code   RO         2655    i._CursorHide       emXGUI100_MDK_M3.lib(gl_cursor.o)
    0x0801807c   0x0801807c   0x0000009c   Code   RO         2656    i._CursorShow       emXGUI100_MDK_M3.lib(gl_cursor.o)
    0x08018118   0x08018118   0x00000268   Code   RO         2887    i._DrawArc          emXGUI100_MDK_M3.lib(gd_arc.o)
    0x08018380   0x08018380   0x0000003e   Code   RO         1873    i._DrawChar         emXGUI100_MDK_M3.lib(gui_font.o)
    0x080183be   0x080183be   0x00000082   Code   RO         2301    i._DrawString       emXGUI100_MDK_M3.lib(gd_text.o)
    0x08018440   0x08018440   0x000000bc   Code   RO         2212    i._FillCircle       emXGUI100_MDK_M3.lib(gd_circle.o)
    0x080184fc   0x080184fc   0x00000148   Code   RO         2274    i._FillRoundRect    emXGUI100_MDK_M3.lib(gd_rect.o)
    0x08018644   0x08018644   0x0000001a   Code   RO         2956    i._GetARGB          emXGUI100_MDK_M3.lib(surface_argb8888.o)
    0x0801865e   0x0801865e   0x00000020   Code   RO         2979    i._GetARGB          emXGUI100_MDK_M3.lib(surface_rgb332.o)
    0x0801867e   0x0801867e   0x00000026   Code   RO         3002    i._GetARGB          emXGUI100_MDK_M3.lib(surface_rgb565.o)
    0x080186a4   0x080186a4   0x0000001a   Code   RO         3025    i._GetARGB          emXGUI100_MDK_M3.lib(surface_xrgb8888.o)
    0x080186be   0x080186be   0x0000005a   Code   RO         2487    i._GetCaptionRect   emXGUI100_MDK_M3.lib(gui_window.o)
    0x08018718   0x08018718   0x0000000a   Code   RO         1874    i._GetCharInfo      emXGUI100_MDK_M3.lib(gui_font.o)
    0x08018722   0x08018722   0x00000054   Code   RO         2489    i._GetCloseBoxRect  emXGUI100_MDK_M3.lib(gui_window.o)
    0x08018776   0x08018776   0x0000000a   Code   RO         1875    i._GetFontInfo      emXGUI100_MDK_M3.lib(gui_font.o)
    0x08018780   0x08018780   0x00000010   Code   RO         2957    i._GetRGB           emXGUI100_MDK_M3.lib(surface_argb8888.o)
    0x08018790   0x08018790   0x00000018   Code   RO         2980    i._GetRGB           emXGUI100_MDK_M3.lib(surface_rgb332.o)
    0x080187a8   0x080187a8   0x0000001e   Code   RO         3003    i._GetRGB           emXGUI100_MDK_M3.lib(surface_rgb565.o)
    0x080187c6   0x080187c6   0x00000010   Code   RO         3026    i._GetRGB           emXGUI100_MDK_M3.lib(surface_xrgb8888.o)
    0x080187d6   0x080187d6   0x00000076   Code   RO         2491    i._GetWindow        emXGUI100_MDK_M3.lib(gui_window.o)
    0x0801884c   0x0801884c   0x000000a2   Code   RO         2492    i._GetWindowClipRgn  emXGUI100_MDK_M3.lib(gui_window.o)
    0x080188ee   0x080188ee   0x0000009a   Code   RO         2493    i._GetWindowFromPoint  emXGUI100_MDK_M3.lib(gui_window.o)
    0x08018988   0x08018988   0x00000012   Code   RO         2494    i._GetWindowRect    emXGUI100_MDK_M3.lib(gui_window.o)
    0x0801899a   0x0801899a   0x000000ea   Code   RO         2495    i._HideWindow       emXGUI100_MDK_M3.lib(gui_window.o)
    0x08018a84   0x08018a84   0x0000001e   Code   RO         2057    i._InflateRect      emXGUI100_MDK_M3.lib(gui_region.o)
    0x08018aa2   0x08018aa2   0x00000002   PAD
    0x08018aa4   0x08018aa4   0x00000144   Code   RO         2496    i._InitWindow       emXGUI100_MDK_M3.lib(gui_window.o)
    0x08018be8   0x08018be8   0x00000122   Code   RO         2497    i._InsertInvRect    emXGUI100_MDK_M3.lib(gui_window.o)
    0x08018d0a   0x08018d0a   0x00000072   Code   RO         2058    i._IntersectRect    emXGUI100_MDK_M3.lib(gui_region.o)
    0x08018d7c   0x08018d7c   0x00000052   Code   RO         2498    i._InvalidateAndChild  emXGUI100_MDK_M3.lib(gui_window.o)
    0x08018dce   0x08018dce   0x0000000c   Code   RO         2499    i._IsChild          emXGUI100_MDK_M3.lib(gui_window.o)
    0x08018dda   0x08018dda   0x0000000c   Code   RO         2312    i._IsEnableAA       emXGUI100_MDK_M3.lib(gui_aa_core.o)
    0x08018de6   0x08018de6   0x0000003e   Code   RO         2059    i._IsIntersectRect  emXGUI100_MDK_M3.lib(gui_region.o)
    0x08018e24   0x08018e24   0x0000001c   Code   RO         2504    i._IsWindowVisible  emXGUI100_MDK_M3.lib(gui_window.o)
    0x08018e40   0x08018e40   0x00000042   Code   RO         1951    i._LPtoDP           emXGUI100_MDK_M3.lib(gui_gdi.o)
    0x08018e82   0x08018e82   0x0000000e   Code   RO         2958    i._MapARGB          emXGUI100_MDK_M3.lib(surface_argb8888.o)
    0x08018e90   0x08018e90   0x00000010   Code   RO         2981    i._MapARGB          emXGUI100_MDK_M3.lib(surface_rgb332.o)
    0x08018ea0   0x08018ea0   0x00000010   Code   RO         3004    i._MapARGB          emXGUI100_MDK_M3.lib(surface_rgb565.o)
    0x08018eb0   0x08018eb0   0x0000000e   Code   RO         3027    i._MapARGB          emXGUI100_MDK_M3.lib(surface_xrgb8888.o)
    0x08018ebe   0x08018ebe   0x0000000e   Code   RO         2959    i._MapRGB           emXGUI100_MDK_M3.lib(surface_argb8888.o)
    0x08018ecc   0x08018ecc   0x00000010   Code   RO         2982    i._MapRGB           emXGUI100_MDK_M3.lib(surface_rgb332.o)
    0x08018edc   0x08018edc   0x00000010   Code   RO         3005    i._MapRGB           emXGUI100_MDK_M3.lib(surface_rgb565.o)
    0x08018eec   0x08018eec   0x0000000a   Code   RO         3028    i._MapRGB           emXGUI100_MDK_M3.lib(surface_xrgb8888.o)
    0x08018ef6   0x08018ef6   0x0000001c   Code   RO         2960    i._MapRGB332        emXGUI100_MDK_M3.lib(surface_argb8888.o)
    0x08018f12   0x08018f12   0x00000002   Code   RO         2983    i._MapRGB332        emXGUI100_MDK_M3.lib(surface_rgb332.o)
    0x08018f14   0x08018f14   0x0000001e   Code   RO         3006    i._MapRGB332        emXGUI100_MDK_M3.lib(surface_rgb565.o)
    0x08018f32   0x08018f32   0x00000018   Code   RO         3029    i._MapRGB332        emXGUI100_MDK_M3.lib(surface_xrgb8888.o)
    0x08018f4a   0x08018f4a   0x0000001e   Code   RO         2961    i._MapRGB565        emXGUI100_MDK_M3.lib(surface_argb8888.o)
    0x08018f68   0x08018f68   0x00000016   Code   RO         2984    i._MapRGB565        emXGUI100_MDK_M3.lib(surface_rgb332.o)
    0x08018f7e   0x08018f7e   0x00000002   Code   RO         3007    i._MapRGB565        emXGUI100_MDK_M3.lib(surface_rgb565.o)
    0x08018f80   0x08018f80   0x0000001a   Code   RO         3030    i._MapRGB565        emXGUI100_MDK_M3.lib(surface_xrgb8888.o)
    0x08018f9a   0x08018f9a   0x0000001c   Code   RO         2962    i._MapXRGB1555      emXGUI100_MDK_M3.lib(surface_argb8888.o)
    0x08018fb6   0x08018fb6   0x00000016   Code   RO         2985    i._MapXRGB1555      emXGUI100_MDK_M3.lib(surface_rgb332.o)
    0x08018fcc   0x08018fcc   0x00000018   Code   RO         3008    i._MapXRGB1555      emXGUI100_MDK_M3.lib(surface_rgb565.o)
    0x08018fe4   0x08018fe4   0x00000018   Code   RO         3031    i._MapXRGB1555      emXGUI100_MDK_M3.lib(surface_xrgb8888.o)
    0x08018ffc   0x08018ffc   0x0000001c   Code   RO         2963    i._MapXRGB4444      emXGUI100_MDK_M3.lib(surface_argb8888.o)
    0x08019018   0x08019018   0x00000016   Code   RO         2986    i._MapXRGB4444      emXGUI100_MDK_M3.lib(surface_rgb332.o)
    0x0801902e   0x0801902e   0x00000018   Code   RO         3009    i._MapXRGB4444      emXGUI100_MDK_M3.lib(surface_rgb565.o)
    0x08019046   0x08019046   0x00000018   Code   RO         3032    i._MapXRGB4444      emXGUI100_MDK_M3.lib(surface_xrgb8888.o)
    0x0801905e   0x0801905e   0x00000006   Code   RO         2964    i._MapXRGB8888      emXGUI100_MDK_M3.lib(surface_argb8888.o)
    0x08019064   0x08019064   0x00000016   Code   RO         2987    i._MapXRGB8888      emXGUI100_MDK_M3.lib(surface_rgb332.o)
    0x0801907a   0x0801907a   0x00000016   Code   RO         3010    i._MapXRGB8888      emXGUI100_MDK_M3.lib(surface_rgb565.o)
    0x08019090   0x08019090   0x00000002   Code   RO         3033    i._MapXRGB8888      emXGUI100_MDK_M3.lib(surface_xrgb8888.o)
    0x08019092   0x08019092   0x0000000e   Code   RO         2060    i._OffsetRect       emXGUI100_MDK_M3.lib(gui_region.o)
    0x080190a0   0x080190a0   0x00000048   Code   RO         2505    i._OffsetWindowRect  emXGUI100_MDK_M3.lib(gui_window.o)
    0x080190e8   0x080190e8   0x0000009c   Code   RO         2506    i._PaintWindow      emXGUI100_MDK_M3.lib(gui_window.o)
    0x08019184   0x08019184   0x00000058   Code   RO         2368    i._PostFlushMessage  emXGUI100_MDK_M3.lib(gui_message.o)
    0x080191dc   0x080191dc   0x0000002a   Code   RO         2370    i._PostNCPaintMessage  emXGUI100_MDK_M3.lib(gui_message.o)
    0x08019206   0x08019206   0x00000020   Code   RO         2371    i._PostPaintMessage  emXGUI100_MDK_M3.lib(gui_message.o)
    0x08019226   0x08019226   0x0000002a   Code   RO         2063    i._PtInRect         emXGUI100_MDK_M3.lib(gui_region.o)
    0x08019250   0x08019250   0x00000116   Code   RO         2507    i._RedrawWindow     emXGUI100_MDK_M3.lib(gui_window.o)
    0x08019366   0x08019366   0x00000030   Code   RO         2508    i._ScreenToClient   emXGUI100_MDK_M3.lib(gui_window.o)
    0x08019396   0x08019396   0x00000030   Code   RO         2509    i._ScreenToWindow   emXGUI100_MDK_M3.lib(gui_window.o)
    0x080193c6   0x080193c6   0x00000032   Code   RO         2510    i._SendMessage_WM_MOVE_AllChild  emXGUI100_MDK_M3.lib(gui_window.o)
    0x080193f8   0x080193f8   0x00000032   Code   RO         2511    i._SendMessage_WM_SIZE_AllChild  emXGUI100_MDK_M3.lib(gui_window.o)
    0x0801942a   0x0801942a   0x0000005e   Code   RO         1952    i._SetDrawRect      emXGUI100_MDK_M3.lib(gui_gdi.o)
    0x08019488   0x08019488   0x0000000c   Code   RO         2065    i._SetRectEmpty     emXGUI100_MDK_M3.lib(gui_region.o)
    0x08019494   0x08019494   0x0000008c   Code   RO         2512    i._SetWindowClipFlag  emXGUI100_MDK_M3.lib(gui_window.o)
    0x08019520   0x08019520   0x00000374   Code   RO         2514    i._SetWindowPos     emXGUI100_MDK_M3.lib(gui_window.o)
    0x08019894   0x08019894   0x0000009a   Code   RO         2515    i._SetWindowSize    emXGUI100_MDK_M3.lib(gui_window.o)
    0x0801992e   0x0801992e   0x00000002   PAD
    0x08019930   0x08019930   0x00000054   Code   RO         2516    i._SetWindowToTop   emXGUI100_MDK_M3.lib(gui_window.o)
    0x08019984   0x08019984   0x00000040   Code   RO         2517    i._ShowWindow       emXGUI100_MDK_M3.lib(gui_window.o)
    0x080199c4   0x080199c4   0x00000002   Code   RO         2965    i._ToARGB           emXGUI100_MDK_M3.lib(surface_argb8888.o)
    0x080199c6   0x080199c6   0x0000001c   Code   RO         2988    i._ToARGB           emXGUI100_MDK_M3.lib(surface_rgb332.o)
    0x080199e2   0x080199e2   0x0000001e   Code   RO         3011    i._ToARGB           emXGUI100_MDK_M3.lib(surface_rgb565.o)
    0x08019a00   0x08019a00   0x00000002   Code   RO         3034    i._ToARGB           emXGUI100_MDK_M3.lib(surface_xrgb8888.o)
    0x08019a02   0x08019a02   0x00000002   PAD
    0x08019a04   0x08019a04   0x00000078   Code   RO         2518    i._WindowCleanup    emXGUI100_MDK_M3.lib(gui_window.o)
    0x08019a7c   0x08019a7c   0x0000002c   Code   RO         2519    i._WindowToScreen   emXGUI100_MDK_M3.lib(gui_window.o)
    0x08019aa8   0x08019aa8   0x000001c4   Code   RO         2240    i._Wu_DrawBoldLine  emXGUI100_MDK_M3.lib(gd_line.o)
    0x08019c6c   0x08019c6c   0x00000020   Code   RO         3723    i.__0printf$8       mc_w.l(printf8.o)
    0x08019c8c   0x08019c8c   0x00000028   Code   RO         3725    i.__0sprintf$8      mc_w.l(printf8.o)
    0x08019cb4   0x08019cb4   0x00000028   Code   RO         3922    i.__ARM_fpclassify  m_ws.l(fpclassify.o)
    0x08019cdc   0x08019cdc   0x0000009a   Code   RO         2859    i.__CaluCircle4     emXGUI100_MDK_M3.lib(gui_libc.o)
    0x08019d76   0x08019d76   0x00000018   Code   RO         2860    i.__InitCircle4     emXGUI100_MDK_M3.lib(gui_libc.o)
    0x08019d8e   0x08019d8e   0x00000002   PAD
    0x08019d90   0x08019d90   0x00000008   Code   RO         3904    i.__aeabi_errno_addr  mc_w.l(errno.o)
    0x08019d98   0x08019d98   0x000000ce   Code   RO         3066    i.__blend_argb      emXGUI100_MDK_M3.lib(gl_mem_8bpp.o)
    0x08019e66   0x08019e66   0x000000ca   Code   RO         3126    i.__blend_argb      emXGUI100_MDK_M3.lib(gl_mem_16bpp.o)
    0x08019f30   0x08019f30   0x000000ca   Code   RO         3187    i.__blend_argb      emXGUI100_MDK_M3.lib(gl_mem_32bpp.o)
    0x08019ffa   0x08019ffa   0x0000002a   Code   RO         2670    i.__copy_bits       emXGUI100_MDK_M3.lib(gl_ext_lcd_16bit.o)
    0x0801a024   0x0801a024   0x0000003e   Code   RO         3067    i.__copy_bits       emXGUI100_MDK_M3.lib(gl_mem_8bpp.o)
    0x0801a062   0x0801a062   0x0000005c   Code   RO         3127    i.__copy_bits       emXGUI100_MDK_M3.lib(gl_mem_16bpp.o)
    0x0801a0be   0x0801a0be   0x0000005c   Code   RO         3188    i.__copy_bits       emXGUI100_MDK_M3.lib(gl_mem_32bpp.o)
    0x0801a11a   0x0801a11a   0x0000003e   Code   RO         2166    i.__create_font     emXGUI100_MDK_M3.lib(gui_font_xft.o)
    0x0801a158   0x0801a158   0x00000064   Code   RO         2183    i.__create_font     emXGUI100_MDK_M3.lib(gui_font_xft_ex.o)
    0x0801a1bc   0x0801a1bc   0x0000000a   Code   RO         2167    i.__delete_font     emXGUI100_MDK_M3.lib(gui_font_xft.o)
    0x0801a1c6   0x0801a1c6   0x00000014   Code   RO         2184    i.__delete_font     emXGUI100_MDK_M3.lib(gui_font_xft_ex.o)
    0x0801a1da   0x0801a1da   0x0000021a   Code   RO         2671    i.__draw_bitmap_AL1  emXGUI100_MDK_M3.lib(gl_ext_lcd_16bit.o)
    0x0801a3f4   0x0801a3f4   0x0000010c   Code   RO         3068    i.__draw_bitmap_AL1  emXGUI100_MDK_M3.lib(gl_mem_8bpp.o)
    0x0801a500   0x0801a500   0x0000010e   Code   RO         3128    i.__draw_bitmap_AL1  emXGUI100_MDK_M3.lib(gl_mem_16bpp.o)
    0x0801a60e   0x0801a60e   0x0000010c   Code   RO         3189    i.__draw_bitmap_AL1  emXGUI100_MDK_M3.lib(gl_mem_32bpp.o)
    0x0801a71a   0x0801a71a   0x00000002   PAD
    0x0801a71c   0x0801a71c   0x00000220   Code   RO         2672    i.__draw_bitmap_AL2  emXGUI100_MDK_M3.lib(gl_ext_lcd_16bit.o)
    0x0801a93c   0x0801a93c   0x00000002   Code   RO         3069    i.__draw_bitmap_AL2  emXGUI100_MDK_M3.lib(gl_mem_8bpp.o)
    0x0801a93e   0x0801a93e   0x00000002   PAD
    0x0801a940   0x0801a940   0x00000188   Code   RO         3129    i.__draw_bitmap_AL2  emXGUI100_MDK_M3.lib(gl_mem_16bpp.o)
    0x0801aac8   0x0801aac8   0x00000184   Code   RO         3190    i.__draw_bitmap_AL2  emXGUI100_MDK_M3.lib(gl_mem_32bpp.o)
    0x0801ac4c   0x0801ac4c   0x00000140   Code   RO         2673    i.__draw_bitmap_AL4  emXGUI100_MDK_M3.lib(gl_ext_lcd_16bit.o)
    0x0801ad8c   0x0801ad8c   0x00000002   Code   RO         3070    i.__draw_bitmap_AL4  emXGUI100_MDK_M3.lib(gl_mem_8bpp.o)
    0x0801ad8e   0x0801ad8e   0x00000002   PAD
    0x0801ad90   0x0801ad90   0x000000f0   Code   RO         3130    i.__draw_bitmap_AL4  emXGUI100_MDK_M3.lib(gl_mem_16bpp.o)
    0x0801ae80   0x0801ae80   0x000000ec   Code   RO         3191    i.__draw_bitmap_AL4  emXGUI100_MDK_M3.lib(gl_mem_32bpp.o)
    0x0801af6c   0x0801af6c   0x00000074   Code   RO         2674    i.__draw_bitmap_AL8  emXGUI100_MDK_M3.lib(gl_ext_lcd_16bit.o)
    0x0801afe0   0x0801afe0   0x000000d4   Code   RO         3071    i.__draw_bitmap_AL8  emXGUI100_MDK_M3.lib(gl_mem_8bpp.o)
    0x0801b0b4   0x0801b0b4   0x0000008e   Code   RO         3131    i.__draw_bitmap_AL8  emXGUI100_MDK_M3.lib(gl_mem_16bpp.o)
    0x0801b142   0x0801b142   0x0000008a   Code   RO         3192    i.__draw_bitmap_AL8  emXGUI100_MDK_M3.lib(gl_mem_32bpp.o)
    0x0801b1cc   0x0801b1cc   0x00000090   Code   RO         2675    i.__draw_bitmap_ARGB1555  emXGUI100_MDK_M3.lib(gl_ext_lcd_16bit.o)
    0x0801b25c   0x0801b25c   0x0000006c   Code   RO         3072    i.__draw_bitmap_ARGB1555  emXGUI100_MDK_M3.lib(gl_mem_8bpp.o)
    0x0801b2c8   0x0801b2c8   0x00000090   Code   RO         3132    i.__draw_bitmap_ARGB1555  emXGUI100_MDK_M3.lib(gl_mem_16bpp.o)
    0x0801b358   0x0801b358   0x00000090   Code   RO         3193    i.__draw_bitmap_ARGB1555  emXGUI100_MDK_M3.lib(gl_mem_32bpp.o)
    0x0801b3e8   0x0801b3e8   0x000000bc   Code   RO         2676    i.__draw_bitmap_ARGB4444  emXGUI100_MDK_M3.lib(gl_ext_lcd_16bit.o)
    0x0801b4a4   0x0801b4a4   0x0000001e   Code   RO         3073    i.__draw_bitmap_ARGB4444  emXGUI100_MDK_M3.lib(gl_mem_8bpp.o)
    0x0801b4c2   0x0801b4c2   0x000000c8   Code   RO         3133    i.__draw_bitmap_ARGB4444  emXGUI100_MDK_M3.lib(gl_mem_16bpp.o)
    0x0801b58a   0x0801b58a   0x000000c8   Code   RO         3194    i.__draw_bitmap_ARGB4444  emXGUI100_MDK_M3.lib(gl_mem_32bpp.o)
    0x0801b652   0x0801b652   0x000000bc   Code   RO         2677    i.__draw_bitmap_ARGB8888  emXGUI100_MDK_M3.lib(gl_ext_lcd_16bit.o)
    0x0801b70e   0x0801b70e   0x000000da   Code   RO         3074    i.__draw_bitmap_ARGB8888  emXGUI100_MDK_M3.lib(gl_mem_8bpp.o)
    0x0801b7e8   0x0801b7e8   0x000000c0   Code   RO         3134    i.__draw_bitmap_ARGB8888  emXGUI100_MDK_M3.lib(gl_mem_16bpp.o)
    0x0801b8a8   0x0801b8a8   0x000000c0   Code   RO         3195    i.__draw_bitmap_ARGB8888  emXGUI100_MDK_M3.lib(gl_mem_32bpp.o)
    0x0801b968   0x0801b968   0x0000012c   Code   RO         2678    i.__draw_bitmap_LUT1  emXGUI100_MDK_M3.lib(gl_ext_lcd_16bit.o)
    0x0801ba94   0x0801ba94   0x00000110   Code   RO         3075    i.__draw_bitmap_LUT1  emXGUI100_MDK_M3.lib(gl_mem_8bpp.o)
    0x0801bba4   0x0801bba4   0x00000116   Code   RO         3135    i.__draw_bitmap_LUT1  emXGUI100_MDK_M3.lib(gl_mem_16bpp.o)
    0x0801bcba   0x0801bcba   0x00000112   Code   RO         3196    i.__draw_bitmap_LUT1  emXGUI100_MDK_M3.lib(gl_mem_32bpp.o)
    0x0801bdcc   0x0801bdcc   0x00000002   Code   RO         2679    i.__draw_bitmap_LUT2  emXGUI100_MDK_M3.lib(gl_ext_lcd_16bit.o)
    0x0801bdce   0x0801bdce   0x00000002   Code   RO         3076    i.__draw_bitmap_LUT2  emXGUI100_MDK_M3.lib(gl_mem_8bpp.o)
    0x0801bdd0   0x0801bdd0   0x00000002   Code   RO         3136    i.__draw_bitmap_LUT2  emXGUI100_MDK_M3.lib(gl_mem_16bpp.o)
    0x0801bdd2   0x0801bdd2   0x00000002   Code   RO         3197    i.__draw_bitmap_LUT2  emXGUI100_MDK_M3.lib(gl_mem_32bpp.o)
    0x0801bdd4   0x0801bdd4   0x000000a6   Code   RO         2680    i.__draw_bitmap_LUT4  emXGUI100_MDK_M3.lib(gl_ext_lcd_16bit.o)
    0x0801be7a   0x0801be7a   0x00000080   Code   RO         3077    i.__draw_bitmap_LUT4  emXGUI100_MDK_M3.lib(gl_mem_8bpp.o)
    0x0801befa   0x0801befa   0x00000082   Code   RO         3137    i.__draw_bitmap_LUT4  emXGUI100_MDK_M3.lib(gl_mem_16bpp.o)
    0x0801bf7c   0x0801bf7c   0x00000082   Code   RO         3198    i.__draw_bitmap_LUT4  emXGUI100_MDK_M3.lib(gl_mem_32bpp.o)
    0x0801bffe   0x0801bffe   0x0000006a   Code   RO         2681    i.__draw_bitmap_LUT8  emXGUI100_MDK_M3.lib(gl_ext_lcd_16bit.o)
    0x0801c068   0x0801c068   0x00000050   Code   RO         3078    i.__draw_bitmap_LUT8  emXGUI100_MDK_M3.lib(gl_mem_8bpp.o)
    0x0801c0b8   0x0801c0b8   0x00000050   Code   RO         3138    i.__draw_bitmap_LUT8  emXGUI100_MDK_M3.lib(gl_mem_16bpp.o)
    0x0801c108   0x0801c108   0x00000050   Code   RO         3199    i.__draw_bitmap_LUT8  emXGUI100_MDK_M3.lib(gl_mem_32bpp.o)
    0x0801c158   0x0801c158   0x00000066   Code   RO         2682    i.__draw_bitmap_RGB332  emXGUI100_MDK_M3.lib(gl_ext_lcd_16bit.o)
    0x0801c1be   0x0801c1be   0x00000062   Code   RO         3079    i.__draw_bitmap_RGB332  emXGUI100_MDK_M3.lib(gl_mem_8bpp.o)
    0x0801c220   0x0801c220   0x00000086   Code   RO         3139    i.__draw_bitmap_RGB332  emXGUI100_MDK_M3.lib(gl_mem_16bpp.o)
    0x0801c2a6   0x0801c2a6   0x00000086   Code   RO         3200    i.__draw_bitmap_RGB332  emXGUI100_MDK_M3.lib(gl_mem_32bpp.o)
    0x0801c32c   0x0801c32c   0x00000028   Code   RO         2683    i.__draw_bitmap_RGB565  emXGUI100_MDK_M3.lib(gl_ext_lcd_16bit.o)
    0x0801c354   0x0801c354   0x00000062   Code   RO         3080    i.__draw_bitmap_RGB565  emXGUI100_MDK_M3.lib(gl_mem_8bpp.o)
    0x0801c3b6   0x0801c3b6   0x000000ca   Code   RO         3140    i.__draw_bitmap_RGB565  emXGUI100_MDK_M3.lib(gl_mem_16bpp.o)
    0x0801c480   0x0801c480   0x00000086   Code   RO         3201    i.__draw_bitmap_RGB565  emXGUI100_MDK_M3.lib(gl_mem_32bpp.o)
    0x0801c506   0x0801c506   0x00000078   Code   RO         2684    i.__draw_bitmap_RGB888  emXGUI100_MDK_M3.lib(gl_ext_lcd_16bit.o)
    0x0801c57e   0x0801c57e   0x00000070   Code   RO         3081    i.__draw_bitmap_RGB888  emXGUI100_MDK_M3.lib(gl_mem_8bpp.o)
    0x0801c5ee   0x0801c5ee   0x00000094   Code   RO         3141    i.__draw_bitmap_RGB888  emXGUI100_MDK_M3.lib(gl_mem_16bpp.o)
    0x0801c682   0x0801c682   0x00000094   Code   RO         3202    i.__draw_bitmap_RGB888  emXGUI100_MDK_M3.lib(gl_mem_32bpp.o)
    0x0801c716   0x0801c716   0x00000066   Code   RO         2685    i.__draw_bitmap_XRGB1555  emXGUI100_MDK_M3.lib(gl_ext_lcd_16bit.o)
    0x0801c77c   0x0801c77c   0x00000062   Code   RO         3082    i.__draw_bitmap_XRGB1555  emXGUI100_MDK_M3.lib(gl_mem_8bpp.o)
    0x0801c7de   0x0801c7de   0x00000086   Code   RO         3142    i.__draw_bitmap_XRGB1555  emXGUI100_MDK_M3.lib(gl_mem_16bpp.o)
    0x0801c864   0x0801c864   0x00000086   Code   RO         3203    i.__draw_bitmap_XRGB1555  emXGUI100_MDK_M3.lib(gl_mem_32bpp.o)
    0x0801c8ea   0x0801c8ea   0x00000078   Code   RO         2686    i.__draw_bitmap_XRGB8888  emXGUI100_MDK_M3.lib(gl_ext_lcd_16bit.o)
    0x0801c962   0x0801c962   0x00000070   Code   RO         3083    i.__draw_bitmap_XRGB8888  emXGUI100_MDK_M3.lib(gl_mem_8bpp.o)
    0x0801c9d2   0x0801c9d2   0x00000094   Code   RO         3143    i.__draw_bitmap_XRGB8888  emXGUI100_MDK_M3.lib(gl_mem_16bpp.o)
    0x0801ca66   0x0801ca66   0x000000de   Code   RO         3204    i.__draw_bitmap_XRGB8888  emXGUI100_MDK_M3.lib(gl_mem_32bpp.o)
    0x0801cb44   0x0801cb44   0x00000120   Code   RO         2168    i.__draw_char       emXGUI100_MDK_M3.lib(gui_font_xft.o)
    0x0801cc64   0x0801cc64   0x000000ee   Code   RO         2185    i.__draw_char       emXGUI100_MDK_M3.lib(gui_font_xft_ex.o)
    0x0801cd52   0x0801cd52   0x0000001e   Code   RO         2687    i.__draw_hline      emXGUI100_MDK_M3.lib(gl_ext_lcd_16bit.o)
    0x0801cd70   0x0801cd70   0x0000001c   Code   RO         3084    i.__draw_hline      emXGUI100_MDK_M3.lib(gl_mem_8bpp.o)
    0x0801cd8c   0x0801cd8c   0x0000001e   Code   RO         3144    i.__draw_hline      emXGUI100_MDK_M3.lib(gl_mem_16bpp.o)
    0x0801cdaa   0x0801cdaa   0x0000001c   Code   RO         3205    i.__draw_hline      emXGUI100_MDK_M3.lib(gl_mem_32bpp.o)
    0x0801cdc6   0x0801cdc6   0x0000001c   Code   RO         2688    i.__draw_vline      emXGUI100_MDK_M3.lib(gl_ext_lcd_16bit.o)
    0x0801cde2   0x0801cde2   0x0000001e   Code   RO         3085    i.__draw_vline      emXGUI100_MDK_M3.lib(gl_mem_8bpp.o)
    0x0801ce00   0x0801ce00   0x00000022   Code   RO         3145    i.__draw_vline      emXGUI100_MDK_M3.lib(gl_mem_16bpp.o)
    0x0801ce22   0x0801ce22   0x00000020   Code   RO         3206    i.__draw_vline      emXGUI100_MDK_M3.lib(gl_mem_32bpp.o)
    0x0801ce42   0x0801ce42   0x00000020   Code   RO         2689    i.__fill_rect       emXGUI100_MDK_M3.lib(gl_ext_lcd_16bit.o)
    0x0801ce62   0x0801ce62   0x00000038   Code   RO         3086    i.__fill_rect       emXGUI100_MDK_M3.lib(gl_mem_8bpp.o)
    0x0801ce9a   0x0801ce9a   0x0000005a   Code   RO         3146    i.__fill_rect       emXGUI100_MDK_M3.lib(gl_mem_16bpp.o)
    0x0801cef4   0x0801cef4   0x00000058   Code   RO         3207    i.__fill_rect       emXGUI100_MDK_M3.lib(gl_mem_32bpp.o)
    0x0801cf4c   0x0801cf4c   0x00000052   Code   RO         2690    i.__fill_rect_ARGB  emXGUI100_MDK_M3.lib(gl_ext_lcd_16bit.o)
    0x0801cf9e   0x0801cf9e   0x00000074   Code   RO         3087    i.__fill_rect_ARGB  emXGUI100_MDK_M3.lib(gl_mem_8bpp.o)
    0x0801d012   0x0801d012   0x00000078   Code   RO         3147    i.__fill_rect_ARGB  emXGUI100_MDK_M3.lib(gl_mem_16bpp.o)
    0x0801d08a   0x0801d08a   0x00000078   Code   RO         3208    i.__fill_rect_ARGB  emXGUI100_MDK_M3.lib(gl_mem_32bpp.o)
    0x0801d102   0x0801d102   0x00000080   Code   RO         2169    i.__get_char_info   emXGUI100_MDK_M3.lib(gui_font_xft.o)
    0x0801d182   0x0801d182   0x00000048   Code   RO         2186    i.__get_char_info   emXGUI100_MDK_M3.lib(gui_font_xft_ex.o)
    0x0801d1ca   0x0801d1ca   0x00000012   Code   RO         2170    i.__get_font_info   emXGUI100_MDK_M3.lib(gui_font_xft.o)
    0x0801d1dc   0x0801d1dc   0x00000012   Code   RO         2187    i.__get_font_info   emXGUI100_MDK_M3.lib(gui_font_xft_ex.o)
    0x0801d1ee   0x0801d1ee   0x00000024   Code   RO         2691    i.__get_pixel       emXGUI100_MDK_M3.lib(gl_ext_lcd_16bit.o)
    0x0801d212   0x0801d212   0x0000000c   Code   RO         3088    i.__get_pixel       emXGUI100_MDK_M3.lib(gl_mem_8bpp.o)
    0x0801d21e   0x0801d21e   0x0000000e   Code   RO         3148    i.__get_pixel       emXGUI100_MDK_M3.lib(gl_mem_16bpp.o)
    0x0801d22c   0x0801d22c   0x0000000e   Code   RO         3209    i.__get_pixel       emXGUI100_MDK_M3.lib(gl_mem_32bpp.o)
    0x0801d23a   0x0801d23a   0x00000002   PAD
    0x0801d23c   0x0801d23c   0x00000388   Code   RO         3866    i.__ieee754_rem_pio2  m_ws.l(rred.o)
    0x0801d5c4   0x0801d5c4   0x000000fc   Code   RO         3849    i.__kernel_cos      m_ws.l(cos_i.o)
    0x0801d6c0   0x0801d6c0   0x000000aa   Code   RO         3924    i.__kernel_poly     m_ws.l(poly.o)
    0x0801d76a   0x0801d76a   0x00000002   PAD
    0x0801d76c   0x0801d76c   0x000000ec   Code   RO         3871    i.__kernel_sin      m_ws.l(sin_i.o)
    0x0801d858   0x0801d858   0x00000006   Code   RO         3853    i.__mathlib_dbl_infnan  m_ws.l(dunder.o)
    0x0801d85e   0x0801d85e   0x0000000c   Code   RO         3855    i.__mathlib_dbl_invalid  m_ws.l(dunder.o)
    0x0801d86a   0x0801d86a   0x00000002   PAD
    0x0801d86c   0x0801d86c   0x00000010   Code   RO         3858    i.__mathlib_dbl_underflow  m_ws.l(dunder.o)
    0x0801d87c   0x0801d87c   0x0000000e   Code   RO         2324    i.__mem_get_data    emXGUI100_MDK_M3.lib(gui_imagebmp.o)
    0x0801d88a   0x0801d88a   0x00000002   PAD
    0x0801d88c   0x0801d88c   0x000005cc   Code   RO         2692    i.__rotate_bitmap   emXGUI100_MDK_M3.lib(gl_ext_lcd_16bit.o)
    0x0801de58   0x0801de58   0x00000594   Code   RO         3089    i.__rotate_bitmap   emXGUI100_MDK_M3.lib(gl_mem_8bpp.o)
    0x0801e3ec   0x0801e3ec   0x00000598   Code   RO         3149    i.__rotate_bitmap   emXGUI100_MDK_M3.lib(gl_mem_16bpp.o)
    0x0801e984   0x0801e984   0x00000598   Code   RO         3210    i.__rotate_bitmap   emXGUI100_MDK_M3.lib(gl_mem_32bpp.o)
    0x0801ef1c   0x0801ef1c   0x000002fc   Code   RO         2693    i.__scale_bitmap    emXGUI100_MDK_M3.lib(gl_ext_lcd_16bit.o)
    0x0801f218   0x0801f218   0x000000e4   Code   RO         3090    i.__scale_bitmap    emXGUI100_MDK_M3.lib(gl_mem_8bpp.o)
    0x0801f2fc   0x0801f2fc   0x00000314   Code   RO         3150    i.__scale_bitmap    emXGUI100_MDK_M3.lib(gl_mem_16bpp.o)
    0x0801f610   0x0801f610   0x0000032a   Code   RO         3211    i.__scale_bitmap    emXGUI100_MDK_M3.lib(gl_mem_32bpp.o)
    0x0801f93a   0x0801f93a   0x0000000e   Code   RO         3962    i.__scatterload_copy  mc_w.l(handlers.o)
    0x0801f948   0x0801f948   0x00000002   Code   RO         3963    i.__scatterload_null  mc_w.l(handlers.o)
    0x0801f94a   0x0801f94a   0x0000000e   Code   RO         3964    i.__scatterload_zeroinit  mc_w.l(handlers.o)
    0x0801f958   0x0801f958   0x0000000c   Code   RO         3906    i.__set_errno       mc_w.l(errno.o)
    0x0801f964   0x0801f964   0x00000028   Code   RO         2694    i.__set_pixel       emXGUI100_MDK_M3.lib(gl_ext_lcd_16bit.o)
    0x0801f98c   0x0801f98c   0x0000000e   Code   RO         3091    i.__set_pixel       emXGUI100_MDK_M3.lib(gl_mem_8bpp.o)
    0x0801f99a   0x0801f99a   0x00000010   Code   RO         3151    i.__set_pixel       emXGUI100_MDK_M3.lib(gl_mem_16bpp.o)
    0x0801f9aa   0x0801f9aa   0x00000010   Code   RO         3212    i.__set_pixel       emXGUI100_MDK_M3.lib(gl_mem_32bpp.o)
    0x0801f9ba   0x0801f9ba   0x0000009c   Code   RO         2695    i.__set_pixel_ARGB  emXGUI100_MDK_M3.lib(gl_ext_lcd_16bit.o)
    0x0801fa56   0x0801fa56   0x00000048   Code   RO         3092    i.__set_pixel_ARGB  emXGUI100_MDK_M3.lib(gl_mem_8bpp.o)
    0x0801fa9e   0x0801fa9e   0x0000004a   Code   RO         3152    i.__set_pixel_ARGB  emXGUI100_MDK_M3.lib(gl_mem_16bpp.o)
    0x0801fae8   0x0801fae8   0x0000004a   Code   RO         3213    i.__set_pixel_ARGB  emXGUI100_MDK_M3.lib(gl_mem_32bpp.o)
    0x0801fb32   0x0801fb32   0x00000020   Code   RO         2696    i.__set_pos         emXGUI100_MDK_M3.lib(gl_ext_lcd_16bit.o)
    0x0801fb52   0x0801fb52   0x0000000c   Code   RO         3093    i.__set_pos         emXGUI100_MDK_M3.lib(gl_mem_8bpp.o)
    0x0801fb5e   0x0801fb5e   0x0000000e   Code   RO         3153    i.__set_pos         emXGUI100_MDK_M3.lib(gl_mem_16bpp.o)
    0x0801fb6c   0x0801fb6c   0x0000000e   Code   RO         3214    i.__set_pos         emXGUI100_MDK_M3.lib(gl_mem_32bpp.o)
    0x0801fb7a   0x0801fb7a   0x00000048   Code   RO         2697    i.__xor_pixel       emXGUI100_MDK_M3.lib(gl_ext_lcd_16bit.o)
    0x0801fbc2   0x0801fbc2   0x00000012   Code   RO         3094    i.__xor_pixel       emXGUI100_MDK_M3.lib(gl_mem_8bpp.o)
    0x0801fbd4   0x0801fbd4   0x00000018   Code   RO         3154    i.__xor_pixel       emXGUI100_MDK_M3.lib(gl_mem_16bpp.o)
    0x0801fbec   0x0801fbec   0x00000014   Code   RO         3215    i.__xor_pixel       emXGUI100_MDK_M3.lib(gl_mem_32bpp.o)
    0x0801fc00   0x0801fc00   0x000000a4   Code   RO         2888    i._gdDrawArc        emXGUI100_MDK_M3.lib(gd_arc.o)
    0x0801fca4   0x0801fca4   0x00000090   Code   RO         2214    i._gdDrawCircle     emXGUI100_MDK_M3.lib(gd_circle.o)
    0x0801fd34   0x0801fd34   0x00000244   Code   RO         2919    i._gdFillPolygon    emXGUI100_MDK_M3.lib(gd_polygon.o)
    0x0801ff78   0x0801ff78   0x00000124   Code   RO         2277    i._gdFillRect       emXGUI100_MDK_M3.lib(gd_rect.o)
    0x0802009c   0x0802009c   0x00000142   Code   RO         2241    i._gdHLine          emXGUI100_MDK_M3.lib(gd_line.o)
    0x080201de   0x080201de   0x0000012e   Code   RO         2901    i._gdSetPixel       emXGUI100_MDK_M3.lib(gd_pixel.o)
    0x0802030c   0x0802030c   0x000000ac   Code   RO         2902    i._gdSetPixelARGB   emXGUI100_MDK_M3.lib(gd_pixel.o)
    0x080203b8   0x080203b8   0x00000140   Code   RO         2242    i._gdVLine          emXGUI100_MDK_M3.lib(gd_line.o)
    0x080204f8   0x080204f8   0x00000080   Code   RO         2903    i._gdXorPixel       emXGUI100_MDK_M3.lib(gd_pixel.o)
    0x08020578   0x08020578   0x00000410   Code   RO         3730    i._printf_core      mc_w.l(printf8.o)
    0x08020988   0x08020988   0x00000024   Code   RO         3731    i._printf_post_padding  mc_w.l(printf8.o)
    0x080209ac   0x080209ac   0x0000002e   Code   RO         3732    i._printf_pre_padding  mc_w.l(printf8.o)
    0x080209da   0x080209da   0x0000000a   Code   RO         3734    i._sputc            mc_w.l(printf8.o)
    0x080209e4   0x080209e4   0x000003f8   Code   RO         3421    i.button_proc       emXGUI100_MDK_M3.lib(widget_button2.o)
    0x08020ddc   0x08020ddc   0x000000dc   Code   RO         3458    i.ceil              m_ws.l(ceil.o)
    0x08020eb8   0x08020eb8   0x00000020   Code   RO         3281    i.color_tree_cleanup  libpng_MDK_CM3.lib(lodepng.o)
    0x08020ed8   0x08020ed8   0x0000009c   Code   RO         3462    i.cos               m_ws.l(cos.o)
    0x08020f74   0x08020f74   0x00000c84   Code   RO         3282    i.decodeGeneric     libpng_MDK_CM3.lib(lodepng.o)
    0x08021bf8   0x08021bf8   0x00000068   Code   RO         3255    i.double_val_init   x_libc_MDK_M3.lib(x_stdlib.o)
    0x08021c60   0x08021c60   0x000000fc   Code   RO         3052    i.draw_window_frame  emXGUI100_MDK_M3.lib(gui_face.o)
    0x08021d5c   0x08021d5c   0x000000dc   Code   RO         3470    i.floor             m_ws.l(floor.o)
    0x08021e38   0x08021e38   0x00000050   Code   RO         3777    i.free              mc_w.l(malloc.o)
    0x08021e88   0x08021e88   0x0000005a   Code   RO         2278    i.gdDraw3DRect      emXGUI100_MDK_M3.lib(gd_rect.o)
    0x08021ee2   0x08021ee2   0x00000078   Code   RO         2280    i.gdFill3DRect      emXGUI100_MDK_M3.lib(gd_rect.o)
    0x08021f5a   0x08021f5a   0x0000002a   Code   RO         2281    i.gdFillRect        emXGUI100_MDK_M3.lib(gd_rect.o)
    0x08021f84   0x08021f84   0x0000004e   Code   RO         2243    i.gdHLine           emXGUI100_MDK_M3.lib(gd_line.o)
    0x08021fd2   0x08021fd2   0x000000e8   Code   RO         2244    i.gdLine            emXGUI100_MDK_M3.lib(gd_line.o)
    0x080220ba   0x080220ba   0x0000002e   Code   RO         2905    i.gdSetPixel        emXGUI100_MDK_M3.lib(gd_pixel.o)
    0x080220e8   0x080220e8   0x00000040   Code   RO         2906    i.gdSetPixelARGB    emXGUI100_MDK_M3.lib(gd_pixel.o)
    0x08022128   0x08022128   0x00000050   Code   RO         2247    i.gdVLine           emXGUI100_MDK_M3.lib(gd_line.o)
    0x08022178   0x08022178   0x0000039e   Code   RO         3283    i.getPixelColorsRGBA8  libpng_MDK_CM3.lib(lodepng.o)
    0x08022516   0x08022516   0x00000002   PAD
    0x08022518   0x08022518   0x00000410   Code   RO         3284    i.getTreeInflateDynamic  libpng_MDK_CM3.lib(lodepng.o)
    0x08022928   0x08022928   0x00000086   Code   RO         3443    i.get_hscroll_rect  emXGUI100_MDK_M3.lib(widget_scrollbar2.o)
    0x080229ae   0x080229ae   0x00000086   Code   RO         3444    i.get_vscroll_rect  emXGUI100_MDK_M3.lib(widget_scrollbar2.o)
    0x08022a34   0x08022a34   0x000000f2   Code   RO         3426    i.groupbox_proc     emXGUI100_MDK_M3.lib(widget_groupbox2.o)
    0x08022b26   0x08022b26   0x00000002   PAD
    0x08022b28   0x08022b28   0x00000008   Code   RO         2627    i.hBmpArrowDown     emXGUI100_MDK_M3.lib(gui_resource.o)
    0x08022b30   0x08022b30   0x00000008   Code   RO         2628    i.hBmpArrowLeft     emXGUI100_MDK_M3.lib(gui_resource.o)
    0x08022b38   0x08022b38   0x00000008   Code   RO         2629    i.hBmpArrowRight    emXGUI100_MDK_M3.lib(gui_resource.o)
    0x08022b40   0x08022b40   0x00000008   Code   RO         2630    i.hBmpArrowUp       emXGUI100_MDK_M3.lib(gui_resource.o)
    0x08022b48   0x08022b48   0x00000812   Code   RO         3429    i.listboxWinProc    emXGUI100_MDK_M3.lib(widget_listbox2.o)
    0x0802335a   0x0802335a   0x00000030   Code   RO         3430    i.listbox_find_item  emXGUI100_MDK_M3.lib(widget_listbox2.o)
    0x0802338a   0x0802338a   0x00000066   Code   RO         3431    i.listbox_get_item_rect  emXGUI100_MDK_M3.lib(widget_listbox2.o)
    0x080233f0   0x080233f0   0x000001aa   Code   RO         3432    i.listbox_lbutton_up  emXGUI100_MDK_M3.lib(widget_listbox2.o)
    0x0802359a   0x0802359a   0x00000210   Code   RO         3433    i.listbox_on_timer  emXGUI100_MDK_M3.lib(widget_listbox2.o)
    0x080237aa   0x080237aa   0x0000010a   Code   RO         3285    i.lodepng_add_itext  libpng_MDK_CM3.lib(lodepng.o)
    0x080238b4   0x080238b4   0x0000008e   Code   RO         3286    i.lodepng_add_text  libpng_MDK_CM3.lib(lodepng.o)
    0x08023942   0x08023942   0x00000060   Code   RO         3305    i.lodepng_color_mode_copy  libpng_MDK_CM3.lib(lodepng.o)
    0x080239a2   0x080239a2   0x00000068   Code   RO         3306    i.lodepng_color_mode_equal  libpng_MDK_CM3.lib(lodepng.o)
    0x08023a0a   0x08023a0a   0x00000814   Code   RO         3308    i.lodepng_convert   libpng_MDK_CM3.lib(lodepng.o)
    0x0802421e   0x0802421e   0x000000d4   Code   RO         3310    i.lodepng_decode    libpng_MDK_CM3.lib(lodepng.o)
    0x080242f2   0x080242f2   0x00000082   Code   RO         3313    i.lodepng_decode_memory  libpng_MDK_CM3.lib(lodepng.o)
    0x08024374   0x08024374   0x00000004   Code   RO         2825    i.lodepng_free      libpng_MDK_CM3.lib(lodepng_app.o)
    0x08024378   0x08024378   0x0000002a   Code   RO         3317    i.lodepng_get_bpp   libpng_MDK_CM3.lib(lodepng.o)
    0x080243a2   0x080243a2   0x00000002   PAD
    0x080243a4   0x080243a4   0x000003fc   Code   RO         3323    i.lodepng_inflatev  libpng_MDK_CM3.lib(lodepng.o)
    0x080247a0   0x080247a0   0x0000006c   Code   RO         3324    i.lodepng_info_cleanup  libpng_MDK_CM3.lib(lodepng.o)
    0x0802480c   0x0802480c   0x0000005a   Code   RO         3326    i.lodepng_info_init  libpng_MDK_CM3.lib(lodepng.o)
    0x08024866   0x08024866   0x00000002   PAD
    0x08024868   0x08024868   0x000001e4   Code   RO         3328    i.lodepng_inspect   libpng_MDK_CM3.lib(lodepng.o)
    0x08024a4c   0x08024a4c   0x00000004   Code   RO         2826    i.lodepng_malloc    libpng_MDK_CM3.lib(lodepng_app.o)
    0x08024a50   0x08024a50   0x00000038   Code   RO         2827    i.lodepng_realloc   libpng_MDK_CM3.lib(lodepng_app.o)
    0x08024a88   0x08024a88   0x0000012c   Code   RO         3338    i.lodepng_zlib_decompress  libpng_MDK_CM3.lib(lodepng.o)
    0x08024bb4   0x08024bb4   0x00000086   Code   RO         3445    i.make_hscroll_by_value  emXGUI100_MDK_M3.lib(widget_scrollbar2.o)
    0x08024c3a   0x08024c3a   0x00000086   Code   RO         3446    i.make_vscroll_by_value  emXGUI100_MDK_M3.lib(widget_scrollbar2.o)
    0x08024cc0   0x08024cc0   0x0000006c   Code   RO         3778    i.malloc            mc_w.l(malloc.o)
    0x08024d2c   0x08024d2c   0x0000005a   Code   RO         2729    i.plug_holes        x_libc_MDK_M3.lib(x_heap.o)
    0x08024d86   0x08024d86   0x00000002   PAD
    0x08024d88   0x08024d88   0x00000314   Code   RO         3339    i.postProcessScanlines  libpng_MDK_CM3.lib(lodepng.o)
    0x0802509c   0x0802509c   0x00000044   Code   RO         3422    i.pushbutton_paint  emXGUI100_MDK_M3.lib(widget_button2.o)
    0x080250e0   0x080250e0   0x0000003a   Code   RO         3340    i.readBitsFromStream  libpng_MDK_CM3.lib(lodepng.o)
    0x0802511a   0x0802511a   0x0000007a   Code   RO         3341    i.removePaddingBits  libpng_MDK_CM3.lib(lodepng.o)
    0x08025194   0x08025194   0x000000a0   Code   RO         3474    i.sin               m_ws.l(sin.o)
    0x08025234   0x08025234   0x00000304   Code   RO         2248    i.solid_line        emXGUI100_MDK_M3.lib(gd_line.o)
    0x08025538   0x08025538   0x0000001a   Code   RO         3342    i.string_init       libpng_MDK_CM3.lib(lodepng.o)
    0x08025552   0x08025552   0x00000038   Code   RO         3343    i.string_set        libpng_MDK_CM3.lib(lodepng.o)
    0x0802558a   0x0802558a   0x0000016e   Code   RO         3454    i.textbox_proc      emXGUI100_MDK_M3.lib(widget_textbox2.o)
    0x080256f8   0x080256f8   0x00000032   Code   RO         3344    i.ucvector_resize   libpng_MDK_CM3.lib(lodepng.o)
    0x0802572a   0x0802572a   0x000001dc   Code   RO         3345    i.unfilter          libpng_MDK_CM3.lib(lodepng.o)
    0x08025906   0x08025906   0x00000002   PAD
    0x08025908   0x08025908   0x000000e4   Code   RO         2780    i.vprtf_ltoa_store  x_libc_MDK_M3.lib(x_wstring.o)
    0x080259ec   0x080259ec   0x0000019c   Code   RO         3440    i.win_proc          emXGUI100_MDK_M3.lib(widget_progressbar2.o)
    0x08025b88   0x08025b88   0x0000072c   Code   RO         3447    i.win_proc          emXGUI100_MDK_M3.lib(widget_scrollbar2.o)
    0x080262b4   0x080262b4   0x0000011c   Code   RO         2730    i.x_heap_alloc      x_libc_MDK_M3.lib(x_heap.o)
    0x080263d0   0x080263d0   0x00000042   Code   RO         2731    i.x_heap_free       x_libc_MDK_M3.lib(x_heap.o)
    0x08026412   0x08026412   0x00000074   Code   RO         2732    i.x_heap_init       x_libc_MDK_M3.lib(x_heap.o)
    0x08026486   0x08026486   0x00000010   Code   RO         2747    i.x_strlen          x_libc_MDK_M3.lib(x_string.o)
    0x08026496   0x08026496   0x00000114   Code   RO         2748    i.x_strncasecmp     x_libc_MDK_M3.lib(x_string.o)
    0x080265aa   0x080265aa   0x0000000c   Code   RO         2756    i.x_toupper         x_libc_MDK_M3.lib(x_string.o)
    0x080265b6   0x080265b6   0x00000012   Code   RO         2781    i.x_wsprintf        x_libc_MDK_M3.lib(x_wstring.o)
    0x080265c8   0x080265c8   0x00000012   Code   RO         2786    i.x_wstrcpy         x_libc_MDK_M3.lib(x_wstring.o)
    0x080265da   0x080265da   0x00000012   Code   RO         2787    i.x_wstrlen         x_libc_MDK_M3.lib(x_wstring.o)
    0x080265ec   0x080265ec   0x00000398   Code   RO         2799    i.x_wvsprintf       x_libc_MDK_M3.lib(x_wstring.o)
    0x08026984   0x08026984   0x00000064   Code   RO         2188    i.xft_get_chr_entry_ex  emXGUI100_MDK_M3.lib(gui_font_xft_ex.o)
    0x080269e8   0x080269e8   0x00000066   Code   RO         2189    i.xft_get_chr_info_ex  emXGUI100_MDK_M3.lib(gui_font_xft_ex.o)
    0x08026a4e   0x08026a4e   0x00000002   PAD
    0x08026a50   0x08026a50   0x000000c8   Data   RO          744    .constdata          gt9xx.o
    0x08026b18   0x08026b18   0x0000003a   Data   RO          795    .constdata          ff.o
    0x08026b52   0x08026b52   0x0002b0c0   Data   RO          863    .constdata          cc936.o
    0x08051c12   0x08051c12   0x00009db8   Data   RO         1287    .constdata          ascii_24_4bpp.o
    0x0805b9ca   0x0805b9ca   0x0000000b   Data   RO         1708    .constdata          backend_res_writer.o
    0x0805b9d5   0x0805b9d5   0x000026ce   Data   RO         1760    .constdata          boot_logo.o
    0x0805e0a3   0x0805e0a3   0x00000001   PAD
    0x0805e0a4   0x0805e0a4   0x00000020   Data   RO         1803    .constdata          clistmenu.o
    0x0805e0c4   0x0805e0c4   0x00000014   Data   RO         2173    .constdata          emXGUI100_MDK_M3.lib(gui_font_xft.o)
    0x0805e0d8   0x0805e0d8   0x00000014   Data   RO         2190    .constdata          emXGUI100_MDK_M3.lib(gui_font_xft_ex.o)
    0x0805e0ec   0x0805e0ec   0x00000044   Data   RO         2249    .constdata          emXGUI100_MDK_M3.lib(gd_line.o)
    0x0805e130   0x0805e130   0x00006c2c   Data   RO         2637    .constdata          emXGUI100_MDK_M3.lib(gui_resource.o)
    0x08064d5c   0x08064d5c   0x00000140   Data   RO         2658    .constdata          emXGUI100_MDK_M3.lib(gl_cursor.o)
    0x08064e9c   0x08064e9c   0x00000014   Data   RO         2699    .constdata          emXGUI100_MDK_M3.lib(gl_ext_lcd_16bit.o)
    0x08064eb0   0x08064eb0   0x000000a0   Data   RO         2800    .constdata          x_libc_MDK_M3.lib(x_wstring.o)
    0x08064f50   0x08064f50   0x00000034   Data   RO         2940    .constdata          emXGUI100_MDK_M3.lib(surface_argb4444.o)
    0x08064f84   0x08064f84   0x00000034   Data   RO         2966    .constdata          emXGUI100_MDK_M3.lib(surface_argb8888.o)
    0x08064fb8   0x08064fb8   0x00000034   Data   RO         2989    .constdata          emXGUI100_MDK_M3.lib(surface_rgb332.o)
    0x08064fec   0x08064fec   0x00000034   Data   RO         3012    .constdata          emXGUI100_MDK_M3.lib(surface_rgb565.o)
    0x08065020   0x08065020   0x00000034   Data   RO         3035    .constdata          emXGUI100_MDK_M3.lib(surface_xrgb8888.o)
    0x08065054   0x08065054   0x00000038   Data   RO         3061    .constdata          emXGUI100_MDK_M3.lib(gui_widget.o)
    0x0806508c   0x0806508c   0x00000014   Data   RO         3155    .constdata          emXGUI100_MDK_M3.lib(gl_mem_16bpp.o)
    0x080650a0   0x080650a0   0x00000014   Data   RO         3216    .constdata          emXGUI100_MDK_M3.lib(gl_mem_32bpp.o)
    0x080650b4   0x080650b4   0x00000004   PAD
    0x080650b8   0x080650b8   0x00000098   Data   RO         3265    .constdata          x_libc_MDK_M3.lib(x_stdlib.o)
    0x08065150   0x08065150   0x00000294   Data   RO         3346    .constdata          libpng_MDK_CM3.lib(lodepng.o)
    0x080653e4   0x080653e4   0x00000020   Data   RO         3423    .constdata          emXGUI100_MDK_M3.lib(widget_button2.o)
    0x08065404   0x08065404   0x00000020   Data   RO         3427    .constdata          emXGUI100_MDK_M3.lib(widget_groupbox2.o)
    0x08065424   0x08065424   0x00000020   Data   RO         3434    .constdata          emXGUI100_MDK_M3.lib(widget_listbox2.o)
    0x08065444   0x08065444   0x00000020   Data   RO         3441    .constdata          emXGUI100_MDK_M3.lib(widget_progressbar2.o)
    0x08065464   0x08065464   0x00000020   Data   RO         3448    .constdata          emXGUI100_MDK_M3.lib(widget_scrollbar2.o)
    0x08065484   0x08065484   0x00000020   Data   RO         3455    .constdata          emXGUI100_MDK_M3.lib(widget_textbox2.o)
    0x080654a4   0x080654a4   0x00000004   PAD
    0x080654a8   0x080654a8   0x00000030   Data   RO         3850    .constdata          m_ws.l(cos_i.o)
    0x080654d8   0x080654d8   0x000000c8   Data   RO         3868    .constdata          m_ws.l(rred.o)
    0x080655a0   0x080655a0   0x00000028   Data   RO         3872    .constdata          m_ws.l(sin_i.o)
    0x080655c8   0x080655c8   0x00000081   Data   RO         3929    .constdata          mc_w.l(ctype_o.o)
    0x08065649   0x08065649   0x00000003   PAD
    0x0806564c   0x0806564c   0x00000004   Data   RO         3930    .constdata          mc_w.l(ctype_o.o)
    0x08065650   0x08065650   0x000000e5   Data   RO          758    .conststring        gt9xx.o
    0x08065735   0x08065735   0x00000003   PAD
    0x08065738   0x08065738   0x00000052   Data   RO         1709    .conststring        backend_res_writer.o
    0x0806578a   0x0806578a   0x00000002   PAD
    0x0806578c   0x0806578c   0x0000004e   Data   RO         1683    .constwstring       gui_boot_interface_dialog.o
    0x080657da   0x080657da   0x00000002   PAD
    0x080657dc   0x080657dc   0x0000024e   Data   RO         1710    .constwstring       backend_res_writer.o
    0x08065a2a   0x08065a2a   0x00000002   PAD
    0x08065a2c   0x08065a2c   0x00000420   Data   RO         1736    .constwstring       gui_res_writer_dialog.o
    0x08065e4c   0x08065e4c   0x0000012a   Data   RO         1773    .constwstring       gui_board_app_desktop.o
    0x08065f76   0x08065f76   0x00000002   PAD
    0x08065f78   0x08065f78   0x00000070   Data   RO         3062    .constwstring       emXGUI100_MDK_M3.lib(gui_widget.o)
    0x08065fe8   0x08065fe8   0x00000020   Data   RO         3960    Region$$Table       anon$$obj.o


    Execution Region RW_IRAM1 (Exec base: 0x20000000, Load base: 0x08066008, Size: 0x0000cf30, Max: 0x00010000, ABSOLUTE, COMPRESSED[0x00000500])

    Exec Addr    Load Addr    Size         Type   Attr      Idx    E Section Name        Object

    0x20000000   COMPRESSED   0x00000014   Data   RW           25    .data               system_stm32f10x.o
    0x20000014   COMPRESSED   0x00000014   Data   RW          318    .data               stm32f10x_rcc.o
    0x20000028   COMPRESSED   0x00000004   Data   RW          500    .data               bsp_flash_spi.o
    0x2000002c   COMPRESSED   0x00000014   Data   RW          663    .data               bsp_sdio_sdcard.o
    0x20000040   COMPRESSED   0x00000031   Data   RW          759    .data               gt9xx.o
    0x20000071   COMPRESSED   0x00000003   PAD
    0x20000074   COMPRESSED   0x0000000c   Data   RW          796    .data               ff.o
    0x20000080   COMPRESSED   0x0000003c   Data   RW          972    .data               tasks.o
    0x200000bc   COMPRESSED   0x00000018   Data   RW         1009    .data               heap_4.o
    0x200000d4   COMPRESSED   0x0000000c   Data   RW         1024    .data               port.o
    0x200000e0   COMPRESSED   0x00000008   Data   RW         1053    .data               oem_button.o
    0x200000e8   COMPRESSED   0x00000008   Data   RW         1089    .data               oem_checkbox.o
    0x200000f0   COMPRESSED   0x00000008   Data   RW         1103    .data               oem_groupbox.o
    0x200000f8   COMPRESSED   0x00000008   Data   RW         1117    .data               oem_listbox.o
    0x20000100   COMPRESSED   0x00000008   Data   RW         1131    .data               oem_progressbar.o
    0x20000108   COMPRESSED   0x00000008   Data   RW         1145    .data               oem_radiobox.o
    0x20000110   COMPRESSED   0x00000008   Data   RW         1159    .data               oem_scrollbar.o
    0x20000118   COMPRESSED   0x00000008   Data   RW         1173    .data               oem_textbox.o
    0x20000120   COMPRESSED   0x00000014   Data   RW         1302    .data               gui_font_port.o
    0x20000134   COMPRESSED   0x00000004   Data   RW         1344    .data               gui_input_port.o
    0x20000138   COMPRESSED   0x00000004   Data   RW         1389    .data               gui_mem_port.o
    0x2000013c   COMPRESSED   0x00000004   Data   RW         1405    .data               gui_resource_port.o
    0x20000140   COMPRESSED   0x00000004   Data   RW         1432    .data               gui_touch_port.o
    0x20000144   COMPRESSED   0x00000004   Data   RW         1666    .data               gui_desktop.o
    0x20000148   COMPRESSED   0x00000010   Data   RW         1684    .data               gui_boot_interface_dialog.o
    0x20000158   COMPRESSED   0x00000018   Data   RW         1711    .data               backend_res_writer.o
    0x20000170   COMPRESSED   0x00000010   Data   RW         1737    .data               gui_res_writer_dialog.o
    0x20000180   COMPRESSED   0x000001c0   Data   RW         1774    .data               gui_board_app_desktop.o
    0x20000340   COMPRESSED   0x00000028   Data   RW         2130    .data               emXGUI100_MDK_M3.lib(x_gui.o)
    0x20000368   COMPRESSED   0x00000034   Data   RW         2341    .data               emXGUI100_MDK_M3.lib(gui_input.o)
    0x2000039c   COMPRESSED   0x00000010   Data   RW         2520    .data               emXGUI100_MDK_M3.lib(gui_window.o)
    0x200003ac   COMPRESSED   0x00000018   Data   RW         2659    .data               emXGUI100_MDK_M3.lib(gl_cursor.o)
    0x200003c4   COMPRESSED   0x00000400   Data   RW         3351    .data               libpng_MDK_CM3.lib(lodepng.o)
    0x200007c4   COMPRESSED   0x00000004   Data   RW         3891    .data               mc_w.l(stdout.o)
    0x200007c8   COMPRESSED   0x00000004   Data   RW         3902    .data               mc_w.l(mvars.o)
    0x200007cc   COMPRESSED   0x00000004   Data   RW         3903    .data               mc_w.l(mvars.o)
    0x200007d0   COMPRESSED   0x00000004   Data   RW         3907    .data               mc_w.l(errno.o)
    0x200007d4   COMPRESSED   0x00000004   PAD
    0x200007d8        -       0x000000cc   Zero   RW          662    .bss                bsp_sdio_sdcard.o
    0x200008a4        -       0x00000050   Zero   RW          950    .bss                queue.o
    0x200008f4        -       0x000002e4   Zero   RW          971    .bss                tasks.o
    0x20000bd8        -       0x00008000   Zero   RW         1008    .bss                heap_4.o
    0x20008bd8        -       0x00001030   Zero   RW         1330    .bss                gui_fs_port.o
    0x20009c08        -       0x0000001c   Zero   RW         1388    .bss                gui_mem_port.o
    0x20009c24        -       0x00000018   Zero   RW         1682    .bss                gui_boot_interface_dialog.o
    0x20009c3c        -       0x000001ff   Zero   RW         1707    .bss                backend_res_writer.o
    0x20009e3b   COMPRESSED   0x00000001   PAD
    0x20009e3c        -       0x0000295c   Zero   RW         2128    .bss                emXGUI100_MDK_M3.lib(x_gui.o)
    0x2000c798        -       0x00000100   Zero   RW         2340    .bss                emXGUI100_MDK_M3.lib(gui_input.o)
    0x2000c898        -       0x00000020   Zero   RW         2657    .bss                emXGUI100_MDK_M3.lib(gl_cursor.o)
    0x2000c8b8        -       0x00000074   Zero   RW         2698    .bss                emXGUI100_MDK_M3.lib(gl_ext_lcd_16bit.o)
    0x2000c92c   COMPRESSED   0x00000004   PAD
    0x2000c930        -       0x00000200   Zero   RW            2    HEAP                startup_stm32f10x_hd.o
    0x2000cb30        -       0x00000400   Zero   RW            1    STACK               startup_stm32f10x_hd.o



  Load Region LR$$.ARM.__AT_0x68000000 (Base: 0x68000000, Size: 0x00000000, Max: 0x00080000, ABSOLUTE)

    Execution Region ER$$.ARM.__AT_0x68000000 (Exec base: 0x68000000, Load base: 0x68000000, Size: 0x00080000, Max: 0x00080000, ABSOLUTE, UNINIT)

    Exec Addr    Load Addr    Size         Type   Attr      Idx    E Section Name        Object

    0x68000000        -       0x00080000   Zero   RW         1387    .ARM.__AT_0x68000000  gui_mem_port.o


==============================================================================

Image component sizes


      Code (inc. data)   RO Data    RW Data    ZI Data      Debug   Object Name

         0          0      40376          0          0        536   ascii_24_4bpp.o
      3964       1784        683         24        511       6607   backend_res_writer.o
         6          0       9934          0          0       1091   boot_logo.o
      1276         72          0          4          0       7880   bsp_flash_spi.o
       396         18          0          0          0       1175   bsp_fsmc.o
      1024          6          0          0          0       4439   bsp_i2c_touch.o
        96          8          0          0          0       1151   bsp_key.o
        96          4          0          0          0        562   bsp_led.o
      5016         96          0         20        204      25100   bsp_sdio_sdcard.o
       344          8          0          0          0       2572   bsp_usart.o
       164         18     176320          0          0       1957   cc936.o
      3420         34         32          0          0      19208   clistmenu.o
         0          0          0          0          0       4508   core_cm3.o
       112         18          0          0          0        982   core_delay.o
       352          8          0          0          0     214751   diskio.o
         0          0          0          0          0       9452   event_groups.o
     10644        114         58         12          0      40512   ff.o
      2588        974        429         49          0      10781   gt9xx.o
         4          0          0          0          0      28884   gui_arch.o
       864        106        298        448          0       4318   gui_board_app_desktop.o
      1148        306         78         16         24       3528   gui_boot_interface_dialog.o
       612        146          0          4          0       2265   gui_desktop.o
       472        174          0         20          0       3606   gui_font_port.o
       296        184          0          0       4144        954   gui_fs_port.o
        20          0          0          0          0       2132   gui_gpu.o
        32          6          0          4          0       1413   gui_input_port.o
       124         38          0          0          0       1319   gui_lcd_port.o
        12          0          0          0          0        658   gui_log_port.o
       248        108          0          4     524316       2744   gui_mem_port.o
      1956        300       1056         16          0      19794   gui_res_writer_dialog.o
       392          4          0          4          0       3916   gui_resource_port.o
       520        334          0          0          0       1438   gui_startup.o
       108          6          0          4          0       1519   gui_touch_port.o
       532         66          0         24      32768       3508   heap_4.o
       136          0          0          0          0       1910   list.o
       220         96          0          0          0       9379   main.o
       184         12          0          0          0       2001   misc.o
      6748         20          0          0          0      48540   nt35510_16bit.o
       688         26          0          8          0      32239   oem_button.o
       540         30          0          8          0       2421   oem_checkbox.o
       492         22          0          8          0       2353   oem_groupbox.o
       592         16          0          8          0       2420   oem_listbox.o
       924         26          0          8          0       3940   oem_progressbar.o
       496         24          0          8          0       2465   oem_radiobox.o
      1376         20          0          8          0       4506   oem_scrollbar.o
       344         28          0          8          0       2096   oem_textbox.o
       642         90          0         12          0       7763   port.o
      2484         58          0          0         80      16878   queue.o
        36          8        304          0       1536        908   startup_stm32f10x_hd.o
       488         10          0          0          0       4870   stm32f10x_dma.o
       236         10          0          0          0       2491   stm32f10x_exti.o
      1206         10          0          0          0       6079   stm32f10x_fsmc.o
       664         36          0          0          0       6285   stm32f10x_gpio.o
        52         14          0          0          0       1159   stm32f10x_it.o
       756         32          0         20          0       9440   stm32f10x_rcc.o
       432         20          0          0          0       7364   stm32f10x_sdio.o
       692         12          0          0          0       7218   stm32f10x_spi.o
       924         20          0          0          0       9248   stm32f10x_usart.o
       372         34          0         20          0     266407   system_stm32f10x.o
      4404        152          0         60        740      30305   tasks.o
       272         52          0          0          0       3704   x_gui_freertos.o
      1092          0          0          0          0      43806   x_obj.o

    ----------------------------------------------------------------------
     64336       5818     229612        832     564324     973455   Object Totals
         0          0         32          0          0          0   (incl. Generated)
         6          0         12          3          1          0   (incl. Padding)

    ----------------------------------------------------------------------

      Code (inc. data)   RO Data    RW Data    ZI Data      Debug   Library Member Name

      1348         10          0          0          0        436   gd_arc.o
       628          6          0          0          0        376   gd_circle.o
      2946         12         68          0          0       1244   gd_line.o
       754          0          0          0          0        596   gd_pixel.o
       782          0          0          0          0        220   gd_polygon.o
      2272          6          0          0          0       1076   gd_rect.o
      1034          0          0          0          0        308   gd_text.o
       132          8          0          0          0        100   gl_bitblt.o
       868         68        320         24         32        652   gl_cursor.o
      6170        152         20          0        116       2756   gl_ext_lcd_16bit.o
      5994        148         20          0          0       2896   gl_mem_16bpp.o
      5994        146         20          0          0       2896   gl_mem_32bpp.o
      4350        140          0          0          0       2688   gl_mem_8bpp.o
       798         26          0          0          0        496   gui_aa_core.o
      2786         40          0          0          0        100   gui_bitmap.o
       300          0          0          0          0        112   gui_blt.o
       202          0          0          0          0        316   gui_core.o
       140         10          0          0          0        376   gui_cursor.o
      1398         18          0          0          0        392   gui_face.o
       564         22          0          0          0        728   gui_font.o
       518          4         20          0          0        508   gui_font_xft.o
       674          4         20          0          0        672   gui_font_xft_ex.o
       984         48          0          0          0       1824   gui_gdi.o
      2740          6          0          0          0        440   gui_imagebmp.o
      1424         58          0         52        256        568   gui_input.o
      1378         40          0          0          0       1424   gui_libc.o
      1884          0          0          0          0       1392   gui_message.o
      1950          0          0          0          0       1900   gui_region.o
        32         16      27692          0          0        272   gui_resource.o
       622          6          0          0          0        576   gui_timer.o
        52          4        168          0          0         80   gui_widget.o
      9946        194          0         16          0       6200   gui_window.o
       346          6         52          0          0        988   surface_argb4444.o
       224          6         52          0          0        772   surface_argb8888.o
       238          6         52          0          0        772   surface_rgb332.o
       264          6         52          0          0        784   surface_rgb565.o
       200          6         52          0          0        772   surface_xrgb8888.o
      1084          0         32          0          0        224   widget_button2.o
       242          0         32          0          0        116   widget_groupbox2.o
      3170         10         32          0          0        644   widget_listbox2.o
       412          0         32          0          0        128   widget_progressbar2.o
      2372          0         32          0          0        480   widget_scrollbar2.o
       366          0         32          0          0        120   widget_textbox2.o
       988        262          0         40      10588        776   x_gui.o
     12808        174        660       1024          0       2648   lodepng.o
       244          6          0          0          0        476   lodepng_app.o
       220         16          0          0          0         84   ceil.o
       156          8          0          0          0        104   cos.o
       252         22         48          0          0        124   cos_i.o
        34          6          0          0          0        204   dunder.o
       220         16          0          0          0         84   floor.o
        40          0          0          0          0         68   fpclassify.o
       170          0          0          0          0         96   poly.o
       904         76        200          0          0        140   rred.o
       160         10          0          0          0        108   sin.o
       236         12         40          0          0        128   sin_i.o
        86          0          0          0          0          0   __dczerorl2.o
        28          0          0          0          0         68   _chval.o
       158          0          0          0          0         92   _strtoul.o
        26          0          0          0          0         80   atoi.o
         8          4        133          0          0         68   ctype_o.o
         0          0          0          0          0          0   entry.o
         0          0          0          0          0          0   entry10a.o
         0          0          0          0          0          0   entry11a.o
         8          4          0          0          0          0   entry2.o
         4          0          0          0          0          0   entry5.o
         0          0          0          0          0          0   entry7b.o
         0          0          0          0          0          0   entry8b.o
         8          4          0          0          0          0   entry9a.o
        20         10          0          4          0        136   errno.o
        30          0          0          0          0          0   handlers.o
        36          8          0          0          0         68   init.o
         0          0          0          0          0          0   iusefp.o
        30          0          0          0          0         68   llshl.o
        36          0          0          0          0         68   llsshr.o
        32          0          0          0          0         68   llushr.o
       188         20          0          0          0        160   malloc.o
        26          0          0          0          0         80   memcmp.o
        40          0          0          0          0         76   memcpy.o
        36          0          0          0          0        108   memseta.o
         0          0          0          8          0          0   mvars.o
      1204         60          0          0          0        504   printf8.o
         0          0          0          4          0          0   stdout.o
        42          0          0          0          0         84   strcasecmp.o
        18          0          0          0          0         68   strcpy.o
        14          0          0          0          0         68   strlen.o
        32          0          0          0          0         68   strrchr.o
       112          0          0          0          0         88   strtol.o
        12          0          0          0          0         68   tolower.o
        98          0          0          0          0         92   uldiv.o
        48          0          0          0          0         68   cdcmple.o
        48          0          0          0          0         68   cdrcmple.o
        20          0          0          0          0         68   cfcmple.o
        20          0          0          0          0         68   cfrcmple.o
        56          0          0          0          0         88   d2f.o
       334          0          0          0          0        148   dadd.o
       222          0          0          0          0        100   ddiv.o
       186          0          0          0          0        176   depilogue.o
        62          0          0          0          0         80   dfixi.o
        50          0          0          0          0         76   dfixui.o
        34          0          0          0          0         76   dflti.o
        26          0          0          0          0         76   dfltui.o
       228          0          0          0          0         96   dmul.o
        46          0          0          0          0         80   dscalb.o
        38          0          0          0          0         68   f2d.o
       176          0          0          0          0        140   fadd.o
       124          0          0          0          0         88   fdiv.o
       110          0          0          0          0        168   fepilogue.o
        50          0          0          0          0         68   ffixi.o
        40          0          0          0          0         68   ffixui.o
        18          0          0          0          0         68   fflti.o
       100          0          0          0          0         76   fmul.o
        24          0          0          0          0         68   fscalb.o
       556          0          0          0          0        312   x_heap.o
       104          6        152          0          0         84   x_stdlib.o
       304          0          0          0          0        228   x_string.o
      1202         32        160          0          0        416   x_wstring.o

    ----------------------------------------------------------------------
     93648       1988      30204       1172      11000      50760   Library Totals
        76          0         11          0          8          0   (incl. Padding)

    ----------------------------------------------------------------------

      Code (inc. data)   RO Data    RW Data    ZI Data      Debug   Library Name

     71570       1494      28800        132      10992      41196   emXGUI100_MDK_M3.lib
     13052        180        660       1024          0       3124   libpng_MDK_CM3.lib
      2392        166        288          0          0       1140   m_ws.l
      2332        110        133         16          0       2180   mc_w.l
      2060          0          0          0          0       2080   mf_w.l
      2166         38        312          0          0       1040   x_libc_MDK_M3.lib

    ----------------------------------------------------------------------
     93648       1988      30204       1172      11000      50760   Library Totals

    ----------------------------------------------------------------------

==============================================================================


      Code (inc. data)   RO Data    RW Data    ZI Data      Debug   

    157984       7806     259816       2004     575324     988359   Grand Totals
    157984       7806     259816       1280     575324     988359   ELF Image Totals (compressed)
    157984       7806     259816       1280          0          0   ROM Totals

==============================================================================

    Total RO  Size (Code + RO Data)               417800 ( 408.01kB)
    Total RW  Size (RW Data + ZI Data)            577328 ( 563.80kB)
    Total ROM Size (Code + RO Data + RW Data)     419080 ( 409.26kB)

==============================================================================

