<html>
<body>
<pre>
<h1>µVision Build Log</h1>
<h2>Tool Versions:</h2>
IDE-Version: ¦ÌVision V5.29.0.0
Copyright (C) 2019 ARM Ltd and ARM Germany GmbH. All rights reserved.
License Information: LONG Administrator, YH, LIC=TA374-FFK2Y-ULHCE-53DJV-RS749-INYGE
 
Tool Versions:
Toolchain:       MDK-ARM Professional  Version: 5.29.0.0
Toolchain Path:  C:\Keil_v5\ARM\ARMCC\Bin
C Compiler:      Armcc.exe V5.06 update 6 (build 750)
Assembler:       Armasm.exe V5.06 update 6 (build 750)
Linker/Locator:  ArmLink.exe V5.06 update 6 (build 750)
Library Manager: ArmAr.exe V5.06 update 6 (build 750)
Hex Converter:   FromElf.exe V5.06 update 6 (build 750)
CPU DLL:         SARMCM3.DLL V5.29.0.0
Dialog DLL:      DCM.DLL V1.17.3.0
Target DLL:      CMSIS_AGDI.dll V1.32.0.0
Dialog DLL:      TCM.DLL V1.36.5.0
 
<h2>Project:</h2>
D:\emXGUI¿ª·¢\demo_code_stm32f103ze_4_3\F103_°ÔµÀ_4.3\Project\RVMDK£¨uv5£©\Fire_FreeRTOS.uvprojx
Project File Date:  11/22/2019

<h2>Output:</h2>
*** Using Compiler 'V5.06 update 6 (build 750)', folder: 'C:\Keil_v5\ARM\ARMCC\Bin'
*** Warning: You are compiling one or more files of source type C++ and have selected 'use MicroLIB'. MicroLIB does not support C++!
  
Build target 'Fire_FreeRTOS'
compiling bsp_i2c_touch.c...
compiling gt9xx.c...
..\..\User\bsp\touch\gt9xx.c(931): warning:  #550-D: variable "pre_touch"  was set but never used
  	  static u16 pre_touch = 0;
..\..\User\bsp\touch\gt9xx.c(932): warning:  #550-D: variable "pre_id"  was set but never used
  	  static u8 pre_id[GTP_MAX_TOUCH] = {0};
..\..\User\bsp\touch\gt9xx.c(938): warning:  #550-D: variable "input_w"  was set but never used
  	  s32 input_w = 0;
..\..\User\bsp\touch\gt9xx.c(1030): warning:  #1-D: last line of file ends without a newline
  }
..\..\User\bsp\touch\gt9xx.c: 4 warnings, 0 errors
linking...
Program Size: Code=157984 RO-data=259816 RW-data=2004 ZI-data=575324  
FromELF: creating hex file...
"..\..\Output\Fire_FreeRTOS.axf" - 0 Error(s), 4 Warning(s).

<h2>Software Packages used:</h2>

Package Vendor: Keil
                http://www.keil.com/pack/Keil.STM32F1xx_DFP.2.1.0.pack
                Keil.STM32F1xx_DFP.2.1.0
                STMicroelectronics STM32F1 Series Device Support, Drivers and Examples

<h2>Collection of Component include folders:</h2>
  .\RTE\_Fire_FreeRTOS
  C:\Keil_v5\ARM\PACK\Keil\STM32F1xx_DFP\2.1.0\Device\Include

<h2>Collection of Component Files used:</h2>
Build Time Elapsed:  00:00:05
</pre>
</body>
</html>
